Archive member included to satisfy reference by file (symbol)

/usr/lib/gcc/arm-none-eabi/12.2.0/thumb/v7e-m/nofp/libgcc.a(_arm_muldf3.o)
                              CMakeFiles/OpenLoopInverter.elf.dir/Core/Src/main.c.obj (__aeabi_dmul)
/usr/lib/gcc/arm-none-eabi/12.2.0/thumb/v7e-m/nofp/libgcc.a(_arm_addsubdf3.o)
                              CMakeFiles/OpenLoopInverter.elf.dir/Core/Src/main.c.obj (__aeabi_dadd)
/usr/lib/gcc/arm-none-eabi/12.2.0/thumb/v7e-m/nofp/libgcc.a(_arm_muldivdf3.o)
                              CMakeFiles/OpenLoopInverter.elf.dir/Core/Src/main.c.obj (__aeabi_ddiv)
/usr/lib/gcc/arm-none-eabi/12.2.0/thumb/v7e-m/nofp/libgcc.a(_arm_fixdfsi.o)
                              CMakeFiles/OpenLoopInverter.elf.dir/Core/Src/main.c.obj (__aeabi_d2iz)
/usr/lib/gcc/arm-none-eabi/12.2.0/../../../../arm-none-eabi/lib/thumb/v7e-m/nofp/libg.a(libc_a-atexit.o)
                              /usr/lib/gcc/arm-none-eabi/12.2.0/../../../../arm-none-eabi/lib/thumb/v7e-m/nofp/crt0.o (atexit)
/usr/lib/gcc/arm-none-eabi/12.2.0/../../../../arm-none-eabi/lib/thumb/v7e-m/nofp/libg.a(libc_a-exit.o)
                              /usr/lib/gcc/arm-none-eabi/12.2.0/../../../../arm-none-eabi/lib/thumb/v7e-m/nofp/crt0.o (exit)
/usr/lib/gcc/arm-none-eabi/12.2.0/../../../../arm-none-eabi/lib/thumb/v7e-m/nofp/libg.a(libc_a-findfp.o)
                              /usr/lib/gcc/arm-none-eabi/12.2.0/../../../../arm-none-eabi/lib/thumb/v7e-m/nofp/libg.a(libc_a-exit.o) (__stdio_exit_handler)
/usr/lib/gcc/arm-none-eabi/12.2.0/../../../../arm-none-eabi/lib/thumb/v7e-m/nofp/libg.a(libc_a-fwalk.o)
                              /usr/lib/gcc/arm-none-eabi/12.2.0/../../../../arm-none-eabi/lib/thumb/v7e-m/nofp/libg.a(libc_a-findfp.o) (_fwalk_sglue)
/usr/lib/gcc/arm-none-eabi/12.2.0/../../../../arm-none-eabi/lib/thumb/v7e-m/nofp/libg.a(libc_a-stdio.o)
                              /usr/lib/gcc/arm-none-eabi/12.2.0/../../../../arm-none-eabi/lib/thumb/v7e-m/nofp/libg.a(libc_a-findfp.o) (__sread)
/usr/lib/gcc/arm-none-eabi/12.2.0/../../../../arm-none-eabi/lib/thumb/v7e-m/nofp/libg.a(libc_a-memset.o)
                              /usr/lib/gcc/arm-none-eabi/12.2.0/../../../../arm-none-eabi/lib/thumb/v7e-m/nofp/crt0.o (memset)
/usr/lib/gcc/arm-none-eabi/12.2.0/../../../../arm-none-eabi/lib/thumb/v7e-m/nofp/libg.a(libc_a-closer.o)
                              /usr/lib/gcc/arm-none-eabi/12.2.0/../../../../arm-none-eabi/lib/thumb/v7e-m/nofp/libg.a(libc_a-stdio.o) (_close_r)
/usr/lib/gcc/arm-none-eabi/12.2.0/../../../../arm-none-eabi/lib/thumb/v7e-m/nofp/libg.a(libc_a-reent.o)
                              /usr/lib/gcc/arm-none-eabi/12.2.0/../../../../arm-none-eabi/lib/thumb/v7e-m/nofp/libg.a(libc_a-closer.o) (errno)
/usr/lib/gcc/arm-none-eabi/12.2.0/../../../../arm-none-eabi/lib/thumb/v7e-m/nofp/libg.a(libc_a-impure.o)
                              /usr/lib/gcc/arm-none-eabi/12.2.0/../../../../arm-none-eabi/lib/thumb/v7e-m/nofp/libg.a(libc_a-reent.o) (_impure_ptr)
/usr/lib/gcc/arm-none-eabi/12.2.0/../../../../arm-none-eabi/lib/thumb/v7e-m/nofp/libg.a(libc_a-lseekr.o)
                              /usr/lib/gcc/arm-none-eabi/12.2.0/../../../../arm-none-eabi/lib/thumb/v7e-m/nofp/libg.a(libc_a-stdio.o) (_lseek_r)
/usr/lib/gcc/arm-none-eabi/12.2.0/../../../../arm-none-eabi/lib/thumb/v7e-m/nofp/libg.a(libc_a-readr.o)
                              /usr/lib/gcc/arm-none-eabi/12.2.0/../../../../arm-none-eabi/lib/thumb/v7e-m/nofp/libg.a(libc_a-stdio.o) (_read_r)
/usr/lib/gcc/arm-none-eabi/12.2.0/../../../../arm-none-eabi/lib/thumb/v7e-m/nofp/libg.a(libc_a-writer.o)
                              /usr/lib/gcc/arm-none-eabi/12.2.0/../../../../arm-none-eabi/lib/thumb/v7e-m/nofp/libg.a(libc_a-stdio.o) (_write_r)
/usr/lib/gcc/arm-none-eabi/12.2.0/../../../../arm-none-eabi/lib/thumb/v7e-m/nofp/libg.a(libc_a-errno.o)
                              CMakeFiles/OpenLoopInverter.elf.dir/Core/Src/syscalls.c.obj (__errno)
/usr/lib/gcc/arm-none-eabi/12.2.0/../../../../arm-none-eabi/lib/thumb/v7e-m/nofp/libg.a(libc_a-init.o)
                              /usr/lib/gcc/arm-none-eabi/12.2.0/../../../../arm-none-eabi/lib/thumb/v7e-m/nofp/crt0.o (__libc_init_array)
/usr/lib/gcc/arm-none-eabi/12.2.0/../../../../arm-none-eabi/lib/thumb/v7e-m/nofp/libg.a(libc_a-fini.o)
                              /usr/lib/gcc/arm-none-eabi/12.2.0/../../../../arm-none-eabi/lib/thumb/v7e-m/nofp/crt0.o (__libc_fini_array)
/usr/lib/gcc/arm-none-eabi/12.2.0/../../../../arm-none-eabi/lib/thumb/v7e-m/nofp/libg.a(libc_a-lock.o)
                              /usr/lib/gcc/arm-none-eabi/12.2.0/../../../../arm-none-eabi/lib/thumb/v7e-m/nofp/libg.a(libc_a-findfp.o) (__retarget_lock_init_recursive)
/usr/lib/gcc/arm-none-eabi/12.2.0/../../../../arm-none-eabi/lib/thumb/v7e-m/nofp/libg.a(libc_a-__atexit.o)
                              /usr/lib/gcc/arm-none-eabi/12.2.0/../../../../arm-none-eabi/lib/thumb/v7e-m/nofp/libg.a(libc_a-atexit.o) (__register_exitproc)
[...]
Memory Configuration

Name             Origin             Length             Attributes
RAM              0x0000000020000000 0x0000000000010000 xrw
RAM2             0x0000000010000000 0x0000000000004000 xrw
FLASH            0x0000000008000000 0x0000000000040000 xr
*default*        0x0000000000000000 0xffffffffffffffff

Linker script and memory map

LOAD /usr/lib/gcc/arm-none-eabi/12.2.0/thumb/v7e-m/nofp/crti.o
LOAD /usr/lib/gcc/arm-none-eabi/12.2.0/thumb/v7e-m/nofp/crtbegin.o
LOAD /usr/lib/gcc/arm-none-eabi/12.2.0/../../../../arm-none-eabi/lib/thumb/v7e-m/nofp/crt0.o
LOAD CMakeFiles/OpenLoopInverter.elf.dir/Core/Src/inverter.c.obj
LOAD CMakeFiles/OpenLoopInverter.elf.dir/Core/Src/main.c.obj
LOAD CMakeFiles/OpenLoopInverter.elf.dir/Core/Src/stm32l4xx_hal_msp.c.obj
LOAD CMakeFiles/OpenLoopInverter.elf.dir/Core/Src/stm32l4xx_it.c.obj
LOAD CMakeFiles/OpenLoopInverter.elf.dir/Core/Src/syscalls.c.obj
LOAD CMakeFiles/OpenLoopInverter.elf.dir/Core/Src/sysmem.c.obj
LOAD CMakeFiles/OpenLoopInverter.elf.dir/Core/Src/system_stm32l4xx.c.obj
LOAD CMakeFiles/OpenLoopInverter.elf.dir/Core/Startup/startup_stm32l432kcux.s.obj
LOAD CMakeFiles/OpenLoopInverter.elf.dir/Drivers/STM32L4xx_HAL_Driver/Src/stm32l4xx_hal.c.obj
LOAD CMakeFiles/OpenLoopInverter.elf.dir/Drivers/STM32L4xx_HAL_Driver/Src/stm32l4xx_hal_cortex.c.obj
LOAD CMakeFiles/OpenLoopInverter.elf.dir/Drivers/STM32L4xx_HAL_Driver/Src/stm32l4xx_hal_dma.c.obj
LOAD CMakeFiles/OpenLoopInverter.elf.dir/Drivers/STM32L4xx_HAL_Driver/Src/stm32l4xx_hal_dma_ex.c.obj
LOAD CMakeFiles/OpenLoopInverter.elf.dir/Drivers/STM32L4xx_HAL_Driver/Src/stm32l4xx_hal_exti.c.obj
LOAD CMakeFiles/OpenLoopInverter.elf.dir/Drivers/STM32L4xx_HAL_Driver/Src/stm32l4xx_hal_flash.c.obj
LOAD CMakeFiles/OpenLoopInverter.elf.dir/Drivers/STM32L4xx_HAL_Driver/Src/stm32l4xx_hal_flash_ex.c.obj
LOAD CMakeFiles/OpenLoopInverter.elf.dir/Drivers/STM32L4xx_HAL_Driver/Src/stm32l4xx_hal_flash_ramfunc.c.obj
LOAD CMakeFiles/OpenLoopInverter.elf.dir/Drivers/STM32L4xx_HAL_Driver/Src/stm32l4xx_hal_gpio.c.obj
LOAD CMakeFiles/OpenLoopInverter.elf.dir/Drivers/STM32L4xx_HAL_Driver/Src/stm32l4xx_hal_pwr.c.obj
LOAD CMakeFiles/OpenLoopInverter.elf.dir/Drivers/STM32L4xx_HAL_Driver/Src/stm32l4xx_hal_pwr_ex.c.obj
LOAD CMakeFiles/OpenLoopInverter.elf.dir/Drivers/STM32L4xx_HAL_Driver/Src/stm32l4xx_hal_rcc.c.obj
LOAD CMakeFiles/OpenLoopInverter.elf.dir/Drivers/STM32L4xx_HAL_Driver/Src/stm32l4xx_hal_rcc_ex.c.obj
LOAD CMakeFiles/OpenLoopInverter.elf.dir/Drivers/STM32L4xx_HAL_Driver/Src/stm32l4xx_hal_tim.c.obj
LOAD CMakeFiles/OpenLoopInverter.elf.dir/Drivers/STM32L4xx_HAL_Driver/Src/stm32l4xx_hal_tim_ex.c.obj
START GROUP
LOAD /usr/lib/gcc/arm-none-eabi/12.2.0/thumb/v7e-m/nofp/libgcc.a
LOAD /usr/lib/gcc/arm-none-eabi/12.2.0/../../../../arm-none-eabi/lib/thumb/v7e-m/nofp/libg.a
LOAD /usr/lib/gcc/arm-none-eabi/12.2.0/../../../../arm-none-eabi/lib/thumb/v7e-m/nofp/libc.a
END GROUP
LOAD /usr/lib/gcc/arm-none-eabi/12.2.0/thumb/v7e-m/nofp/crtend.o
LOAD /usr/lib/gcc/arm-none-eabi/12.2.0/thumb/v7e-m/nofp/crtn.o
                0x0000000020010000                _estack = (ORIGIN (RAM) + LENGTH (RAM))
                0x0000000000000200                _Min_Heap_Size = 0x200
                0x0000000000000400                _Min_Stack_Size = 0x400

.isr_vector     0x0000000008000000      0x18c
                0x0000000008000000                . = ALIGN (0x4)
 *(.isr_vector)
 .isr_vector    0x0000000008000000      0x18c CMakeFiles/OpenLoopInverter.elf.dir/Core/Startup/startup_stm32l432kcux.s.obj
                0x0000000008000000                g_pfnVectors
                0x000000000800018c                . = ALIGN (0x4)

.text           0x0000000008000190     0x37b8
                0x0000000008000190                . = ALIGN (0x4)
 *(.text)
 .text          0x0000000008000190      0x378 /usr/lib/gcc/arm-none-eabi/12.2.0/thumb/v7e-m/nofp/libgcc.a(_arm_addsubdf3.o)
                0x0000000008000190                __aeabi_drsub
                0x0000000008000198                __aeabi_dsub
                0x0000000008000198                __subdf3
                0x000000000800019c                __adddf3
                0x000000000800019c                __aeabi_dadd
                0x0000000008000414                __aeabi_ui2d
                0x0000000008000414                __floatunsidf
                0x0000000008000434                __floatsidf
                0x0000000008000434                __aeabi_i2d
                0x0000000008000458                __extendsfdf2
                0x0000000008000458                __aeabi_f2d
                0x000000000800049c                __aeabi_ul2d
                0x000000000800049c                __floatundidf
                0x00000000080004ac                __floatdidf
                0x00000000080004ac                __aeabi_l2d
 .text          0x0000000008000508      0x424 /usr/lib/gcc/arm-none-eabi/12.2.0/thumb/v7e-m/nofp/libgcc.a(_arm_muldivdf3.o)
                0x0000000008000508                __aeabi_dmul
                0x0000000008000508                __muldf3
                0x000000000800075c                __aeabi_ddiv
                0x000000000800075c                __divdf3
 .text          0x000000000800092c       0x50 /usr/lib/gcc/arm-none-eabi/12.2.0/thumb/v7e-m/nofp/libgcc.a(_arm_fixdfsi.o)
                0x000000000800092c                __fixdfsi
                0x000000000800092c                __aeabi_d2iz
 .text          0x000000000800097c      0x110 /usr/lib/gcc/arm-none-eabi/12.2.0/thumb/v7e-m/nofp/libgcc.a(_arm_cmpdf2.o)
                0x000000000800097c                __gtdf2
                0x000000000800097c                __gedf2
                0x0000000008000984                __ltdf2
                0x0000000008000984                __ledf2
                0x000000000800098c                __cmpdf2
                0x000000000800098c                __eqdf2
                0x000000000800098c                __nedf2
                0x0000000008000a08                __aeabi_cdrcmple
                0x0000000008000a18                __aeabi_cdcmple
                0x0000000008000a18                __aeabi_cdcmpeq
                0x0000000008000a28                __aeabi_dcmpeq
                0x0000000008000a3c                __aeabi_dcmplt
                0x0000000008000a50                __aeabi_dcmple
                0x0000000008000a64                __aeabi_dcmpge
                0x0000000008000a78                __aeabi_dcmpgt
 *(.text*)
 .text.__do_global_dtors_aux
                0x0000000008000a8c       0x24 /usr/lib/gcc/arm-none-eabi/12.2.0/thumb/v7e-m/nofp/crtbegin.o
 .text.frame_dummy
                0x0000000008000ab0       0x1c /usr/lib/gcc/arm-none-eabi/12.2.0/thumb/v7e-m/nofp/crtbegin.o
 .text.inv_init
                0x0000000008000acc       0x40 CMakeFiles/OpenLoopInverter.elf.dir/Core/Src/inverter.c.obj
                0x0000000008000acc                inv_init
 .text.set_pulses
                0x0000000008000b0c       0x9c CMakeFiles/OpenLoopInverter.elf.dir/Core/Src/inverter.c.obj
                0x0000000008000b0c                set_pulses
 .text.inv_set_power
                0x0000000008000ba8       0x26 CMakeFiles/OpenLoopInverter.elf.dir/Core/Src/inverter.c.obj
                0x0000000008000ba8                inv_set_power
 *fill*         0x0000000008000bce        0x2 
 .text.MX_GPIO_Init
                0x0000000008000bd0       0x30 CMakeFiles/OpenLoopInverter.elf.dir/Core/Src/main.c.obj
 .text.Error_Handler
                0x0000000008000c00        0x4 CMakeFiles/OpenLoopInverter.elf.dir/Core/Src/main.c.obj
                0x0000000008000c00                Error_Handler
 .text.MX_TIM1_Init
                0x0000000008000c04       0xf4 CMakeFiles/OpenLoopInverter.elf.dir/Core/Src/main.c.obj
 .text.SystemClock_Config
                0x0000000008000cf8       0x7a CMakeFiles/OpenLoopInverter.elf.dir/Core/Src/main.c.obj
                0x0000000008000cf8                SystemClock_Config
 *fill*         0x0000000008000d72        0x6 
 .text.main     0x0000000008000d78      0x114 CMakeFiles/OpenLoopInverter.elf.dir/Core/Src/main.c.obj
                0x0000000008000d78                main
 .text.HAL_MspInit
                0x0000000008000e8c       0x30 CMakeFiles/OpenLoopInverter.elf.dir/Core/Src/stm32l4xx_hal_msp.c.obj
                0x0000000008000e8c                HAL_MspInit
 .text.HAL_TIM_PWM_MspInit
                0x0000000008000ebc       0x2c CMakeFiles/OpenLoopInverter.elf.dir/Core/Src/stm32l4xx_hal_msp.c.obj
                0x0000000008000ebc                HAL_TIM_PWM_MspInit
 .text.HAL_TIM_MspPostInit
                0x0000000008000ee8       0x7c CMakeFiles/OpenLoopInverter.elf.dir/Core/Src/stm32l4xx_hal_msp.c.obj
                0x0000000008000ee8                HAL_TIM_MspPostInit
 .text.NMI_Handler
                0x0000000008000f64        0x2 CMakeFiles/OpenLoopInverter.elf.dir/Core/Src/stm32l4xx_it.c.obj
                0x0000000008000f64                NMI_Handler
 .text.HardFault_Handler
                0x0000000008000f66        0x2 CMakeFiles/OpenLoopInverter.elf.dir/Core/Src/stm32l4xx_it.c.obj
                0x0000000008000f66                HardFault_Handler
 .text.MemManage_Handler
                0x0000000008000f68        0x2 CMakeFiles/OpenLoopInverter.elf.dir/Core/Src/stm32l4xx_it.c.obj
                0x0000000008000f68                MemManage_Handler
 .text.BusFault_Handler
                0x0000000008000f6a        0x2 CMakeFiles/OpenLoopInverter.elf.dir/Core/Src/stm32l4xx_it.c.obj
                0x0000000008000f6a                BusFault_Handler
 .text.UsageFault_Handler
                0x0000000008000f6c        0x2 CMakeFiles/OpenLoopInverter.elf.dir/Core/Src/stm32l4xx_it.c.obj
                0x0000000008000f6c                UsageFault_Handler
 .text.SVC_Handler
                0x0000000008000f6e        0x2 CMakeFiles/OpenLoopInverter.elf.dir/Core/Src/stm32l4xx_it.c.obj
                0x0000000008000f6e                SVC_Handler
 .text.DebugMon_Handler
                0x0000000008000f70        0x2 CMakeFiles/OpenLoopInverter.elf.dir/Core/Src/stm32l4xx_it.c.obj
                0x0000000008000f70                DebugMon_Handler
 .text.PendSV_Handler
                0x0000000008000f72        0x2 CMakeFiles/OpenLoopInverter.elf.dir/Core/Src/stm32l4xx_it.c.obj
                0x0000000008000f72                PendSV_Handler
 .text.SysTick_Handler
                0x0000000008000f74        0x8 CMakeFiles/OpenLoopInverter.elf.dir/Core/Src/stm32l4xx_it.c.obj
                0x0000000008000f74                SysTick_Handler
 .text.SystemInit
                0x0000000008000f7c        0x2 CMakeFiles/OpenLoopInverter.elf.dir/Core/Src/system_stm32l4xx.c.obj
                0x0000000008000f7c                SystemInit
 *fill*         0x0000000008000f7e        0x2 
 .text.Reset_Handler
                0x0000000008000f80       0x50 CMakeFiles/OpenLoopInverter.elf.dir/Core/Startup/startup_stm32l432kcux.s.obj
                0x0000000008000f80                Reset_Handler
 .text.Default_Handler
                0x0000000008000fd0        0x2 CMakeFiles/OpenLoopInverter.elf.dir/Core/Startup/startup_stm32l432kcux.s.obj
                0x0000000008000fd0                RTC_Alarm_IRQHandler
                0x0000000008000fd0                EXTI2_IRQHandler
                0x0000000008000fd0                TIM1_CC_IRQHandler
                0x0000000008000fd0                TSC_IRQHandler
                0x0000000008000fd0                TAMP_STAMP_IRQHandler
                0x0000000008000fd0                EXTI3_IRQHandler
                0x0000000008000fd0                LPTIM2_IRQHandler
                0x0000000008000fd0                I2C3_ER_IRQHandler
                0x0000000008000fd0                EXTI0_IRQHandler
                0x0000000008000fd0                CAN1_RX0_IRQHandler
                0x0000000008000fd0                FPU_IRQHandler
                0x0000000008000fd0                TIM1_UP_TIM16_IRQHandler
                0x0000000008000fd0                SPI1_IRQHandler
                0x0000000008000fd0                TIM6_DAC_IRQHandler
                0x0000000008000fd0                DMA2_Channel2_IRQHandler
                0x0000000008000fd0                DMA1_Channel4_IRQHandler
                0x0000000008000fd0                ADC1_IRQHandler
                0x0000000008000fd0                DMA1_Channel7_IRQHandler
                0x0000000008000fd0                CAN1_RX1_IRQHandler
                0x0000000008000fd0                DMA2_Channel1_IRQHandler
                0x0000000008000fd0                QUADSPI_IRQHandler
                0x0000000008000fd0                I2C1_EV_IRQHandler
                0x0000000008000fd0                DMA1_Channel6_IRQHandler
                0x0000000008000fd0                DMA2_Channel4_IRQHandler
                0x0000000008000fd0                RCC_IRQHandler
                0x0000000008000fd0                TIM1_TRG_COM_IRQHandler
                0x0000000008000fd0                DMA1_Channel1_IRQHandler
                0x0000000008000fd0                Default_Handler
                0x0000000008000fd0                DMA2_Channel7_IRQHandler
                0x0000000008000fd0                EXTI15_10_IRQHandler
                0x0000000008000fd0                TIM7_IRQHandler
                0x0000000008000fd0                I2C3_EV_IRQHandler
                0x0000000008000fd0                USB_IRQHandler
                0x0000000008000fd0                EXTI9_5_IRQHandler
                0x0000000008000fd0                RTC_WKUP_IRQHandler
                0x0000000008000fd0                PVD_PVM_IRQHandler
                0x0000000008000fd0                CAN1_TX_IRQHandler
                0x0000000008000fd0                DMA2_Channel5_IRQHandler
                0x0000000008000fd0                CRS_IRQHandler
                0x0000000008000fd0                DMA1_Channel5_IRQHandler
                0x0000000008000fd0                EXTI4_IRQHandler
                0x0000000008000fd0                RNG_IRQHandler
                0x0000000008000fd0                DMA1_Channel3_IRQHandler
                0x0000000008000fd0                COMP_IRQHandler
                0x0000000008000fd0                WWDG_IRQHandler
                0x0000000008000fd0                LPUART1_IRQHandler
                0x0000000008000fd0                DMA2_Channel6_IRQHandler
                0x0000000008000fd0                TIM2_IRQHandler
                0x0000000008000fd0                EXTI1_IRQHandler
                0x0000000008000fd0                USART2_IRQHandler
                0x0000000008000fd0                DMA1_Channel2_IRQHandler
                0x0000000008000fd0                CAN1_SCE_IRQHandler
                0x0000000008000fd0                FLASH_IRQHandler
                0x0000000008000fd0                USART1_IRQHandler
                0x0000000008000fd0                SPI3_IRQHandler
                0x0000000008000fd0                I2C1_ER_IRQHandler
                0x0000000008000fd0                SWPMI1_IRQHandler
                0x0000000008000fd0                LPTIM1_IRQHandler
                0x0000000008000fd0                SAI1_IRQHandler
                0x0000000008000fd0                DMA2_Channel3_IRQHandler
                0x0000000008000fd0                TIM1_BRK_TIM15_IRQHandler
 *fill*         0x0000000008000fd2        0x2 
 .text.HAL_InitTick
                0x0000000008000fd4       0x50 CMakeFiles/OpenLoopInverter.elf.dir/Drivers/STM32L4xx_HAL_Driver/Src/stm32l4xx_hal.c.obj
                0x0000000008000fd4                HAL_InitTick
 .text.HAL_Init
                0x0000000008001024       0x1e CMakeFiles/OpenLoopInverter.elf.dir/Drivers/STM32L4xx_HAL_Driver/Src/stm32l4xx_hal.c.obj
                0x0000000008001024                HAL_Init
 *fill*         0x0000000008001042        0x2 
 .text.HAL_IncTick
                0x0000000008001044       0x18 CMakeFiles/OpenLoopInverter.elf.dir/Drivers/STM32L4xx_HAL_Driver/Src/stm32l4xx_hal.c.obj
                0x0000000008001044                HAL_IncTick
 .text.HAL_GetTick
                0x000000000800105c        0xc CMakeFiles/OpenLoopInverter.elf.dir/Drivers/STM32L4xx_HAL_Driver/Src/stm32l4xx_hal.c.obj
                0x000000000800105c                HAL_GetTick
 .text.HAL_Delay
                0x0000000008001068       0x28 CMakeFiles/OpenLoopInverter.elf.dir/Drivers/STM32L4xx_HAL_Driver/Src/stm32l4xx_hal.c.obj
                0x0000000008001068                HAL_Delay
 .text.__NVIC_SetPriority
                0x0000000008001090       0x28 CMakeFiles/OpenLoopInverter.elf.dir/Drivers/STM32L4xx_HAL_Driver/Src/stm32l4xx_hal_cortex.c.obj
 .text.NVIC_EncodePriority
                0x00000000080010b8       0x3e CMakeFiles/OpenLoopInverter.elf.dir/Drivers/STM32L4xx_HAL_Driver/Src/stm32l4xx_hal_cortex.c.obj
 *fill*         0x00000000080010f6        0x2 
 .text.HAL_NVIC_SetPriorityGrouping
                0x00000000080010f8       0x24 CMakeFiles/OpenLoopInverter.elf.dir/Drivers/STM32L4xx_HAL_Driver/Src/stm32l4xx_hal_cortex.c.obj
                0x00000000080010f8                HAL_NVIC_SetPriorityGrouping
 .text.HAL_NVIC_SetPriority
                0x000000000800111c       0x20 CMakeFiles/OpenLoopInverter.elf.dir/Drivers/STM32L4xx_HAL_Driver/Src/stm32l4xx_hal_cortex.c.obj
                0x000000000800111c                HAL_NVIC_SetPriority
 .text.HAL_SYSTICK_Config
                0x000000000800113c       0x28 CMakeFiles/OpenLoopInverter.elf.dir/Drivers/STM32L4xx_HAL_Driver/Src/stm32l4xx_hal_cortex.c.obj
                0x000000000800113c                HAL_SYSTICK_Config
 .text.HAL_GPIO_Init
                0x0000000008001164      0x1b8 CMakeFiles/OpenLoopInverter.elf.dir/Drivers/STM32L4xx_HAL_Driver/Src/stm32l4xx_hal_gpio.c.obj
                0x0000000008001164                HAL_GPIO_Init
 .text.HAL_PWREx_GetVoltageRange
                0x000000000800131c       0x10 CMakeFiles/OpenLoopInverter.elf.dir/Drivers/STM32L4xx_HAL_Driver/Src/stm32l4xx_hal_pwr_ex.c.obj
                0x000000000800131c                HAL_PWREx_GetVoltageRange
 .text.HAL_PWREx_ControlVoltageScaling
                0x000000000800132c       0x90 CMakeFiles/OpenLoopInverter.elf.dir/Drivers/STM32L4xx_HAL_Driver/Src/stm32l4xx_hal_pwr_ex.c.obj
                0x000000000800132c                HAL_PWREx_ControlVoltageScaling
 .text.RCC_SetFlashLatencyFromMSIRange
                0x00000000080013bc       0x90 CMakeFiles/OpenLoopInverter.elf.dir/Drivers/STM32L4xx_HAL_Driver/Src/stm32l4xx_hal_rcc.c.obj
 .text.HAL_RCC_GetSysClockFreq
                0x000000000800144c       0xb4 CMakeFiles/OpenLoopInverter.elf.dir/Drivers/STM32L4xx_HAL_Driver/Src/stm32l4xx_hal_rcc.c.obj
                0x000000000800144c                HAL_RCC_GetSysClockFreq
 .text.HAL_RCC_OscConfig
                0x0000000008001500      0x66c CMakeFiles/OpenLoopInverter.elf.dir/Drivers/STM32L4xx_HAL_Driver/Src/stm32l4xx_hal_rcc.c.obj
                0x0000000008001500                HAL_RCC_OscConfig
 .text.HAL_RCC_ClockConfig
                0x0000000008001b6c      0x188 CMakeFiles/OpenLoopInverter.elf.dir/Drivers/STM32L4xx_HAL_Driver/Src/stm32l4xx_hal_rcc.c.obj
                0x0000000008001b6c                HAL_RCC_ClockConfig
 .text.TIM_OC1_SetConfig
                0x0000000008001cf4       0x7c CMakeFiles/OpenLoopInverter.elf.dir/Drivers/STM32L4xx_HAL_Driver/Src/stm32l4xx_hal_tim.c.obj
 .text.TIM_OC3_SetConfig
                0x0000000008001d70       0x70 CMakeFiles/OpenLoopInverter.elf.dir/Drivers/STM32L4xx_HAL_Driver/Src/stm32l4xx_hal_tim.c.obj
 .text.TIM_OC4_SetConfig
                0x0000000008001de0       0x5c CMakeFiles/OpenLoopInverter.elf.dir/Drivers/STM32L4xx_HAL_Driver/Src/stm32l4xx_hal_tim.c.obj
 .text.TIM_OC5_SetConfig
                0x0000000008001e3c       0x58 CMakeFiles/OpenLoopInverter.elf.dir/Drivers/STM32L4xx_HAL_Driver/Src/stm32l4xx_hal_tim.c.obj
 .text.TIM_OC6_SetConfig
                0x0000000008001e94       0x5c CMakeFiles/OpenLoopInverter.elf.dir/Drivers/STM32L4xx_HAL_Driver/Src/stm32l4xx_hal_tim.c.obj
 .text.TIM_Base_SetConfig
                0x0000000008001ef0       0x70 CMakeFiles/OpenLoopInverter.elf.dir/Drivers/STM32L4xx_HAL_Driver/Src/stm32l4xx_hal_tim.c.obj
                0x0000000008001ef0                TIM_Base_SetConfig
 .text.HAL_TIM_PWM_Init
                0x0000000008001f60       0x60 CMakeFiles/OpenLoopInverter.elf.dir/Drivers/STM32L4xx_HAL_Driver/Src/stm32l4xx_hal_tim.c.obj
                0x0000000008001f60                HAL_TIM_PWM_Init
 .text.TIM_OC2_SetConfig
                0x0000000008001fc0       0x74 CMakeFiles/OpenLoopInverter.elf.dir/Drivers/STM32L4xx_HAL_Driver/Src/stm32l4xx_hal_tim.c.obj
                0x0000000008001fc0                TIM_OC2_SetConfig
 .text.HAL_TIM_PWM_ConfigChannel
                0x0000000008002034      0x13a CMakeFiles/OpenLoopInverter.elf.dir/Drivers/STM32L4xx_HAL_Driver/Src/stm32l4xx_hal_tim.c.obj
                0x0000000008002034                HAL_TIM_PWM_ConfigChannel
 .text.TIM_CCxChannelCmd
                0x000000000800216e       0x1e CMakeFiles/OpenLoopInverter.elf.dir/Drivers/STM32L4xx_HAL_Driver/Src/stm32l4xx_hal_tim.c.obj
                0x000000000800216e                TIM_CCxChannelCmd
 .text.HAL_TIM_PWM_Start
                0x000000000800218c      0x138 CMakeFiles/OpenLoopInverter.elf.dir/Drivers/STM32L4xx_HAL_Driver/Src/stm32l4xx_hal_tim.c.obj
                0x000000000800218c                HAL_TIM_PWM_Start
 .text.TIM_CCxNChannelCmd
                0x00000000080022c4       0x1e CMakeFiles/OpenLoopInverter.elf.dir/Drivers/STM32L4xx_HAL_Driver/Src/stm32l4xx_hal_tim_ex.c.obj
 *fill*         0x00000000080022e2        0x2 
 .text.HAL_TIMEx_PWMN_Start
                0x00000000080022e4       0xdc CMakeFiles/OpenLoopInverter.elf.dir/Drivers/STM32L4xx_HAL_Driver/Src/stm32l4xx_hal_tim_ex.c.obj
                0x00000000080022e4                HAL_TIMEx_PWMN_Start
 .text.HAL_TIMEx_MasterConfigSynchronization
                0x00000000080023c0       0x70 CMakeFiles/OpenLoopInverter.elf.dir/Drivers/STM32L4xx_HAL_Driver/Src/stm32l4xx_hal_tim_ex.c.obj
                0x00000000080023c0                HAL_TIMEx_MasterConfigSynchronization
 .text.HAL_TIMEx_ConfigBreakDeadTime
                0x0000000008002430       0x88 CMakeFiles/OpenLoopInverter.elf.dir/Drivers/STM32L4xx_HAL_Driver/Src/stm32l4xx_hal_tim_ex.c.obj
                0x0000000008002430                HAL_TIMEx_ConfigBreakDeadTime
 .text.atexit   0x00000000080024b8        0xc /usr/lib/gcc/arm-none-eabi/12.2.0/../../../../arm-none-eabi/lib/thumb/v7e-m/nofp/libg.a(libc_a-atexit.o)
                0x00000000080024b8                atexit
 .text.memset   0x00000000080024c4       0xa4 /usr/lib/gcc/arm-none-eabi/12.2.0/../../../../arm-none-eabi/lib/thumb/v7e-m/nofp/libg.a(libc_a-memset.o)
                0x00000000080024c4                memset
 .text.__libc_init_array
                0x0000000008002568       0x50 /usr/lib/gcc/arm-none-eabi/12.2.0/../../../../arm-none-eabi/lib/thumb/v7e-m/nofp/libg.a(libc_a-init.o)
                0x0000000008002568                __libc_init_array
 .text.__libc_fini_array
                0x00000000080025b8       0x28 /usr/lib/gcc/arm-none-eabi/12.2.0/../../../../arm-none-eabi/lib/thumb/v7e-m/nofp/libg.a(libc_a-fini.o)
                0x00000000080025b8                __libc_fini_array
 .text.__retarget_lock_acquire_recursive
                0x00000000080025e0        0x4 /usr/lib/gcc/arm-none-eabi/12.2.0/../../../../arm-none-eabi/lib/thumb/v7e-m/nofp/libg.a(libc_a-lock.o)
                0x00000000080025e0                __retarget_lock_acquire_recursive
 .text.__retarget_lock_release_recursive
                0x00000000080025e4        0x4 /usr/lib/gcc/arm-none-eabi/12.2.0/../../../../arm-none-eabi/lib/thumb/v7e-m/nofp/libg.a(libc_a-lock.o)
                0x00000000080025e4                __retarget_lock_release_recursive
 .text.__register_exitproc
                0x00000000080025e8       0x80 /usr/lib/gcc/arm-none-eabi/12.2.0/../../../../arm-none-eabi/lib/thumb/v7e-m/nofp/libg.a(libc_a-__atexit.o)
                0x00000000080025e8                __register_exitproc
 .text.startup.register_fini
                0x0000000008002668       0x14 /usr/lib/gcc/arm-none-eabi/12.2.0/../../../../arm-none-eabi/lib/thumb/v7e-m/nofp/libg.a(libc_a-__call_atexit.o)
 .text.sin      0x000000000800267c       0x94 /usr/lib/gcc/arm-none-eabi/12.2.0/../../../../arm-none-eabi/lib/thumb/v7e-m/nofp/libm.a(libm_a-s_sin.o)
                0x000000000800267c                sin
 .text.__kernel_cos
                0x0000000008002710      0x250 /usr/lib/gcc/arm-none-eabi/12.2.0/../../../../arm-none-eabi/lib/thumb/v7e-m/nofp/libm.a(libm_a-k_cos.o)
                0x0000000008002710                __kernel_cos
 .text.__kernel_sin
                0x0000000008002960      0x16c /usr/lib/gcc/arm-none-eabi/12.2.0/../../../../arm-none-eabi/lib/thumb/v7e-m/nofp/libm.a(libm_a-k_sin.o)
                0x0000000008002960                __kernel_sin
 *fill*         0x0000000008002acc        0x4 
 .text.__ieee754_rem_pio2
                0x0000000008002ad0      0x42c /usr/lib/gcc/arm-none-eabi/12.2.0/../../../../arm-none-eabi/lib/thumb/v7e-m/nofp/libm.a(libm_a-e_rem_pio2.o)
                0x0000000008002ad0                __ieee754_rem_pio2
 .text.fabs     0x0000000008002efc        0x8 /usr/lib/gcc/arm-none-eabi/12.2.0/../../../../arm-none-eabi/lib/thumb/v7e-m/nofp/libm.a(libm_a-s_fabs.o)
                0x0000000008002efc                fabs
 .text.__kernel_rem_pio2
                0x0000000008002f04      0x838 /usr/lib/gcc/arm-none-eabi/12.2.0/../../../../arm-none-eabi/lib/thumb/v7e-m/nofp/libm.a(libm_a-k_rem_pio2.o)
                0x0000000008002f04                __kernel_rem_pio2
 *fill*         0x000000000800373c        0x4 
 .text.scalbn   0x0000000008003740       0xe4 /usr/lib/gcc/arm-none-eabi/12.2.0/../../../../arm-none-eabi/lib/thumb/v7e-m/nofp/libm.a(libm_a-s_scalbn.o)
                0x0000000008003740                scalbn
 *fill*         0x0000000008003824        0x4 
 .text.floor    0x0000000008003828      0x108 /usr/lib/gcc/arm-none-eabi/12.2.0/../../../../arm-none-eabi/lib/thumb/v7e-m/nofp/libm.a(libm_a-s_floor.o)
                0x0000000008003828                floor
 *(.glue_7)
 .glue_7        0x0000000008003930        0x0 linker stubs
 *(.glue_7t)
 .glue_7t       0x0000000008003930        0x0 linker stubs
 *(.eh_frame)
 .eh_frame      0x0000000008003930        0x0 /usr/lib/gcc/arm-none-eabi/12.2.0/thumb/v7e-m/nofp/crtbegin.o
 *(.init)
 .init          0x0000000008003930        0x4 /usr/lib/gcc/arm-none-eabi/12.2.0/thumb/v7e-m/nofp/crti.o
                0x0000000008003930                _init
 .init          0x0000000008003934        0x8 /usr/lib/gcc/arm-none-eabi/12.2.0/thumb/v7e-m/nofp/crtn.o
 *(.fini)
 .fini          0x000000000800393c        0x4 /usr/lib/gcc/arm-none-eabi/12.2.0/thumb/v7e-m/nofp/crti.o
                0x000000000800393c                _fini
 .fini          0x0000000008003940        0x8 /usr/lib/gcc/arm-none-eabi/12.2.0/thumb/v7e-m/nofp/crtn.o
                0x0000000008003948                . = ALIGN (0x4)
                0x0000000008003948                _etext = .

.vfp11_veneer   0x0000000008003948        0x0
 .vfp11_veneer  0x0000000008003948        0x0 linker stubs

.v4_bx          0x0000000008003948        0x0
 .v4_bx         0x0000000008003948        0x0 linker stubs

.iplt           0x0000000008003948        0x0
 .iplt          0x0000000008003948        0x0 /usr/lib/gcc/arm-none-eabi/12.2.0/thumb/v7e-m/nofp/crtbegin.o

.rodata         0x0000000008003948      0x218
                0x0000000008003948                . = ALIGN (0x4)
 *(.rodata)
 *(.rodata*)
 .rodata.MSIRangeTable
                0x0000000008003948       0x30 CMakeFiles/OpenLoopInverter.elf.dir/Core/Src/system_stm32l4xx.c.obj
                0x0000000008003948                MSIRangeTable
 .rodata.AHBPrescTable
                0x0000000008003978       0x10 CMakeFiles/OpenLoopInverter.elf.dir/Core/Src/system_stm32l4xx.c.obj
                0x0000000008003978                AHBPrescTable
 .rodata.npio2_hw
                0x0000000008003988       0x80 /usr/lib/gcc/arm-none-eabi/12.2.0/../../../../arm-none-eabi/lib/thumb/v7e-m/nofp/libm.a(libm_a-e_rem_pio2.o)
 .rodata.two_over_pi
                0x0000000008003a08      0x108 /usr/lib/gcc/arm-none-eabi/12.2.0/../../../../arm-none-eabi/lib/thumb/v7e-m/nofp/libm.a(libm_a-e_rem_pio2.o)
 .rodata.PIo2   0x0000000008003b10       0x40 /usr/lib/gcc/arm-none-eabi/12.2.0/../../../../arm-none-eabi/lib/thumb/v7e-m/nofp/libm.a(libm_a-k_rem_pio2.o)
 .rodata.init_jk
                0x0000000008003b50       0x10 /usr/lib/gcc/arm-none-eabi/12.2.0/../../../../arm-none-eabi/lib/thumb/v7e-m/nofp/libm.a(libm_a-k_rem_pio2.o)
                0x0000000008003b60                . = ALIGN (0x4)

.rel.dyn        0x0000000008003b60        0x0
 .rel.iplt      0x0000000008003b60        0x0 /usr/lib/gcc/arm-none-eabi/12.2.0/thumb/v7e-m/nofp/crtbegin.o

.ARM.extab      0x0000000008003b60        0x0
                0x0000000008003b60                . = ALIGN (0x4)
 *(.ARM.extab* .gnu.linkonce.armextab.*)
                0x0000000008003b60                . = ALIGN (0x4)

.ARM            0x0000000008003b60        0x0
                0x0000000008003b60                . = ALIGN (0x4)
                0x0000000008003b60                __exidx_start = .
 *(.ARM.exidx*)
                0x0000000008003b60                __exidx_end = .
                0x0000000008003b60                . = ALIGN (0x4)

.preinit_array  0x0000000008003b60        0x0
                0x0000000008003b60                . = ALIGN (0x4)
                0x0000000008003b60                PROVIDE (__preinit_array_start = .)
 *(.preinit_array*)
                0x0000000008003b60                PROVIDE (__preinit_array_end = .)
                0x0000000008003b60                . = ALIGN (0x4)

.init_array     0x0000000008003b60        0x8
                0x0000000008003b60                . = ALIGN (0x4)
                0x0000000008003b60                PROVIDE (__init_array_start = .)
 *(SORT_BY_NAME(.init_array.*))
 .init_array.00000
                0x0000000008003b60        0x4 /usr/lib/gcc/arm-none-eabi/12.2.0/../../../../arm-none-eabi/lib/thumb/v7e-m/nofp/libg.a(libc_a-__call_atexit.o)
 *(.init_array*)
 .init_array    0x0000000008003b64        0x4 /usr/lib/gcc/arm-none-eabi/12.2.0/thumb/v7e-m/nofp/crtbegin.o
                0x0000000008003b68                PROVIDE (__init_array_end = .)
                0x0000000008003b68                . = ALIGN (0x4)

.fini_array     0x0000000008003b68        0x4
                0x0000000008003b68                . = ALIGN (0x4)
                0x0000000008003b68                PROVIDE (__fini_array_start = .)
 *(SORT_BY_NAME(.fini_array.*))
 *(.fini_array*)
 .fini_array    0x0000000008003b68        0x4 /usr/lib/gcc/arm-none-eabi/12.2.0/thumb/v7e-m/nofp/crtbegin.o
                0x0000000008003b6c                PROVIDE (__fini_array_end = .)
                0x0000000008003b6c                . = ALIGN (0x4)
                0x0000000008003b6c                _sidata = LOADADDR (.data)

.data           0x0000000020000000       0x10 load address 0x0000000008003b6c
                0x0000000020000000                . = ALIGN (0x4)
                0x0000000020000000                _sdata = .
 *(.data)
 *(.data*)
 .data.SystemCoreClock
                0x0000000020000000        0x4 CMakeFiles/OpenLoopInverter.elf.dir/Core/Src/system_stm32l4xx.c.obj
                0x0000000020000000                SystemCoreClock
 .data.uwTickFreq
                0x0000000020000004        0x1 CMakeFiles/OpenLoopInverter.elf.dir/Drivers/STM32L4xx_HAL_Driver/Src/stm32l4xx_hal.c.obj
                0x0000000020000004                uwTickFreq
 *fill*         0x0000000020000005        0x3 
 .data.uwTickPrio
                0x0000000020000008        0x4 CMakeFiles/OpenLoopInverter.elf.dir/Drivers/STM32L4xx_HAL_Driver/Src/stm32l4xx_hal.c.obj
                0x0000000020000008                uwTickPrio
 .data.__atexit_recursive_mutex
                0x000000002000000c        0x4 /usr/lib/gcc/arm-none-eabi/12.2.0/../../../../arm-none-eabi/lib/thumb/v7e-m/nofp/libg.a(libc_a-__call_atexit.o)
                0x000000002000000c                __atexit_recursive_mutex
 *(.RamFunc)
 *(.RamFunc*)
                0x0000000020000010                . = ALIGN (0x4)
                0x0000000020000010                _edata = .

.igot.plt       0x0000000020000010        0x0 load address 0x0000000008003b7c
 .igot.plt      0x0000000020000010        0x0 /usr/lib/gcc/arm-none-eabi/12.2.0/thumb/v7e-m/nofp/crtbegin.o
                0x0000000020000010                . = ALIGN (0x4)

.bss            0x0000000020000010      0x204 load address 0x0000000008003b7c
                0x0000000020000010                _sbss = .
                0x0000000020000010                __bss_start__ = _sbss
 *(.bss)
 *(.bss*)
 .bss.completed.1
                0x0000000020000010        0x1 /usr/lib/gcc/arm-none-eabi/12.2.0/thumb/v7e-m/nofp/crtbegin.o
 *fill*         0x0000000020000011        0x3 
 .bss.object.0  0x0000000020000014       0x18 /usr/lib/gcc/arm-none-eabi/12.2.0/thumb/v7e-m/nofp/crtbegin.o
 .bss.htim1     0x000000002000002c       0x4c CMakeFiles/OpenLoopInverter.elf.dir/Core/Src/main.c.obj
                0x000000002000002c                htim1
 .bss.uwTick    0x0000000020000078        0x4 CMakeFiles/OpenLoopInverter.elf.dir/Drivers/STM32L4xx_HAL_Driver/Src/stm32l4xx_hal.c.obj
                0x0000000020000078                uwTick
 .bss.__lock___atexit_recursive_mutex
                0x000000002000007c        0x1 /usr/lib/gcc/arm-none-eabi/12.2.0/../../../../arm-none-eabi/lib/thumb/v7e-m/nofp/libg.a(libc_a-lock.o)
                0x000000002000007c                __lock___atexit_recursive_mutex
 *fill*         0x000000002000007d        0x3 
 .bss.__atexit0
                0x0000000020000080      0x190 /usr/lib/gcc/arm-none-eabi/12.2.0/../../../../arm-none-eabi/lib/thumb/v7e-m/nofp/libg.a(libc_a-__atexit.o)
                0x0000000020000080                __atexit0
 .bss.__atexit  0x0000000020000210        0x4 /usr/lib/gcc/arm-none-eabi/12.2.0/../../../../arm-none-eabi/lib/thumb/v7e-m/nofp/libg.a(libc_a-__call_atexit.o)
                0x0000000020000210                __atexit
 *(COMMON)
                0x0000000020000214                . = ALIGN (0x4)
                0x0000000020000214                _ebss = .
                0x0000000020000214                __bss_end__ = _ebss

._user_heap_stack
                0x0000000020000214      0x604 load address 0x0000000008003b7c
                0x0000000020000218                . = ALIGN (0x8)
 *fill*         0x0000000020000214        0x4 
                [!provide]                        PROVIDE (end = .)
                0x0000000020000218                PROVIDE (_end = .)
                0x0000000020000418                . = (. + _Min_Heap_Size)
 *fill*         0x0000000020000218      0x200 
                0x0000000020000818                . = (. + _Min_Stack_Size)
 *fill*         0x0000000020000418      0x400 
                0x0000000020000818                . = ALIGN (0x8)

/DISCARD/
 libc.a(*)
 libm.a(*)
 libgcc.a(*)

.ARM.attributes
                0x0000000000000000       0x2a
 *(.ARM.attributes)
 .ARM.attributes
                0x0000000000000000       0x1e /usr/lib/gcc/arm-none-eabi/12.2.0/thumb/v7e-m/nofp/crti.o
 .ARM.attributes
                0x000000000000001e       0x2e /usr/lib/gcc/arm-none-eabi/12.2.0/thumb/v7e-m/nofp/crtbegin.o
 .ARM.attributes
                0x000000000000004c       0x2e CMakeFiles/OpenLoopInverter.elf.dir/Core/Src/inverter.c.obj
 .ARM.attributes
                0x000000000000007a       0x2e CMakeFiles/OpenLoopInverter.elf.dir/Core/Src/main.c.obj
 .ARM.attributes
                0x00000000000000a8       0x2e CMakeFiles/OpenLoopInverter.elf.dir/Core/Src/stm32l4xx_hal_msp.c.obj
 .ARM.attributes
                0x00000000000000d6       0x2e CMakeFiles/OpenLoopInverter.elf.dir/Core/Src/stm32l4xx_it.c.obj
 .ARM.attributes
                0x0000000000000104       0x2e CMakeFiles/OpenLoopInverter.elf.dir/Core/Src/system_stm32l4xx.c.obj
 .ARM.attributes
                0x0000000000000132       0x21 CMakeFiles/OpenLoopInverter.elf.dir/Core/Startup/startup_stm32l432kcux.s.obj
 .ARM.attributes
                0x0000000000000153       0x2e CMakeFiles/OpenLoopInverter.elf.dir/Drivers/STM32L4xx_HAL_Driver/Src/stm32l4xx_hal.c.obj
 .ARM.attributes
                0x0000000000000181       0x2e CMakeFiles/OpenLoopInverter.elf.dir/Drivers/STM32L4xx_HAL_Driver/Src/stm32l4xx_hal_cortex.c.obj
 .ARM.attributes
                0x00000000000001af       0x2e CMakeFiles/OpenLoopInverter.elf.dir/Drivers/STM32L4xx_HAL_Driver/Src/stm32l4xx_hal_gpio.c.obj
 .ARM.attributes
                0x00000000000001dd       0x2e CMakeFiles/OpenLoopInverter.elf.dir/Drivers/STM32L4xx_HAL_Driver/Src/stm32l4xx_hal_pwr_ex.c.obj
 .ARM.attributes
                0x000000000000020b       0x2e CMakeFiles/OpenLoopInverter.elf.dir/Drivers/STM32L4xx_HAL_Driver/Src/stm32l4xx_hal_rcc.c.obj
 .ARM.attributes
                0x0000000000000239       0x2e CMakeFiles/OpenLoopInverter.elf.dir/Drivers/STM32L4xx_HAL_Driver/Src/stm32l4xx_hal_tim.c.obj
 .ARM.attributes
                0x0000000000000267       0x2e CMakeFiles/OpenLoopInverter.elf.dir/Drivers/STM32L4xx_HAL_Driver/Src/stm32l4xx_hal_tim_ex.c.obj
 .ARM.attributes
                0x0000000000000295       0x1e /usr/lib/gcc/arm-none-eabi/12.2.0/thumb/v7e-m/nofp/libgcc.a(_arm_addsubdf3.o)
 .ARM.attributes
                0x00000000000002b3       0x1e /usr/lib/gcc/arm-none-eabi/12.2.0/thumb/v7e-m/nofp/libgcc.a(_arm_muldivdf3.o)
 .ARM.attributes
                0x00000000000002d1       0x1e /usr/lib/gcc/arm-none-eabi/12.2.0/thumb/v7e-m/nofp/libgcc.a(_arm_fixdfsi.o)
 .ARM.attributes
                0x00000000000002ef       0x2e /usr/lib/gcc/arm-none-eabi/12.2.0/../../../../arm-none-eabi/lib/thumb/v7e-m/nofp/libg.a(libc_a-atexit.o)
 .ARM.attributes
                0x000000000000031d       0x2e /usr/lib/gcc/arm-none-eabi/12.2.0/../../../../arm-none-eabi/lib/thumb/v7e-m/nofp/libg.a(libc_a-memset.o)
 .ARM.attributes
                0x000000000000034b       0x2e /usr/lib/gcc/arm-none-eabi/12.2.0/../../../../arm-none-eabi/lib/thumb/v7e-m/nofp/libg.a(libc_a-init.o)
 .ARM.attributes
                0x0000000000000379       0x2e /usr/lib/gcc/arm-none-eabi/12.2.0/../../../../arm-none-eabi/lib/thumb/v7e-m/nofp/libg.a(libc_a-fini.o)
 .ARM.attributes
                0x00000000000003a7       0x2e /usr/lib/gcc/arm-none-eabi/12.2.0/../../../../arm-none-eabi/lib/thumb/v7e-m/nofp/libg.a(libc_a-lock.o)
 .ARM.attributes
                0x00000000000003d5       0x2e /usr/lib/gcc/arm-none-eabi/12.2.0/../../../../arm-none-eabi/lib/thumb/v7e-m/nofp/libg.a(libc_a-__atexit.o)
 .ARM.attributes
                0x0000000000000403       0x2e /usr/lib/gcc/arm-none-eabi/12.2.0/../../../../arm-none-eabi/lib/thumb/v7e-m/nofp/libg.a(libc_a-__call_atexit.o)
 .ARM.attributes
                0x0000000000000431       0x1e /usr/lib/gcc/arm-none-eabi/12.2.0/thumb/v7e-m/nofp/crtn.o
OUTPUT(OpenLoopInverter.elf elf32-littlearm)
LOAD linker stubs
LOAD /usr/lib/gcc/arm-none-eabi/12.2.0/../../../../arm-none-eabi/lib/thumb/v7e-m/nofp/libc.a
LOAD /usr/lib/gcc/arm-none-eabi/12.2.0/../../../../arm-none-eabi/lib/thumb/v7e-m/nofp/libm.a
LOAD /usr/lib/gcc/arm-none-eabi/12.2.0/thumb/v7e-m/nofp/libgcc.a

.debug_info     0x0000000000000000     0xca99
 .debug_info    0x0000000000000000      0x91c CMakeFiles/OpenLoopInverter.elf.dir/Core/Src/inverter.c.obj
 .debug_info    0x000000000000091c     0x1237 CMakeFiles/OpenLoopInverter.elf.dir/Core/Src/main.c.obj
 .debug_info    0x0000000000001b53      0xb0b CMakeFiles/OpenLoopInverter.elf.dir/Core/Src/stm32l4xx_hal_msp.c.obj
 .debug_info    0x000000000000265e      0x11d CMakeFiles/OpenLoopInverter.elf.dir/Core/Src/stm32l4xx_it.c.obj
 .debug_info    0x000000000000277b      0x3d4 CMakeFiles/OpenLoopInverter.elf.dir/Core/Src/system_stm32l4xx.c.obj
 .debug_info    0x0000000000002b4f       0x2e CMakeFiles/OpenLoopInverter.elf.dir/Core/Startup/startup_stm32l432kcux.s.obj
 .debug_info    0x0000000000002b7d      0xa43 CMakeFiles/OpenLoopInverter.elf.dir/Drivers/STM32L4xx_HAL_Driver/Src/stm32l4xx_hal.c.obj
 .debug_info    0x00000000000035c0      0xeff CMakeFiles/OpenLoopInverter.elf.dir/Drivers/STM32L4xx_HAL_Driver/Src/stm32l4xx_hal_cortex.c.obj
 .debug_info    0x00000000000044bf      0x789 CMakeFiles/OpenLoopInverter.elf.dir/Drivers/STM32L4xx_HAL_Driver/Src/stm32l4xx_hal_gpio.c.obj
 .debug_info    0x0000000000004c48      0x9c5 CMakeFiles/OpenLoopInverter.elf.dir/Drivers/STM32L4xx_HAL_Driver/Src/stm32l4xx_hal_pwr_ex.c.obj
 .debug_info    0x000000000000560d      0xe58 CMakeFiles/OpenLoopInverter.elf.dir/Drivers/STM32L4xx_HAL_Driver/Src/stm32l4xx_hal_rcc.c.obj
 .debug_info    0x0000000000006465     0x3c88 CMakeFiles/OpenLoopInverter.elf.dir/Drivers/STM32L4xx_HAL_Driver/Src/stm32l4xx_hal_tim.c.obj
 .debug_info    0x000000000000a0ed     0x1ccc CMakeFiles/OpenLoopInverter.elf.dir/Drivers/STM32L4xx_HAL_Driver/Src/stm32l4xx_hal_tim_ex.c.obj
 .debug_info    0x000000000000bdb9       0xc0 /usr/lib/gcc/arm-none-eabi/12.2.0/thumb/v7e-m/nofp/libgcc.a(_arm_addsubdf3.o)
 .debug_info    0x000000000000be79       0x52 /usr/lib/gcc/arm-none-eabi/12.2.0/thumb/v7e-m/nofp/libgcc.a(_arm_muldivdf3.o)
 .debug_info    0x000000000000becb       0x39 /usr/lib/gcc/arm-none-eabi/12.2.0/thumb/v7e-m/nofp/libgcc.a(_arm_fixdfsi.o)
 .debug_info    0x000000000000bf04      0x118 /usr/lib/gcc/arm-none-eabi/12.2.0/../../../../arm-none-eabi/lib/thumb/v7e-m/nofp/libg.a(libc_a-atexit.o)
 .debug_info    0x000000000000c01c      0x135 /usr/lib/gcc/arm-none-eabi/12.2.0/../../../../arm-none-eabi/lib/thumb/v7e-m/nofp/libg.a(libc_a-memset.o)
 .debug_info    0x000000000000c151      0x10b /usr/lib/gcc/arm-none-eabi/12.2.0/../../../../arm-none-eabi/lib/thumb/v7e-m/nofp/libg.a(libc_a-init.o)
 .debug_info    0x000000000000c25c       0xf7 /usr/lib/gcc/arm-none-eabi/12.2.0/../../../../arm-none-eabi/lib/thumb/v7e-m/nofp/libg.a(libc_a-fini.o)
 .debug_info    0x000000000000c353      0x20a /usr/lib/gcc/arm-none-eabi/12.2.0/../../../../arm-none-eabi/lib/thumb/v7e-m/nofp/libg.a(libc_a-lock.o)
 .debug_info    0x000000000000c55d      0x25f /usr/lib/gcc/arm-none-eabi/12.2.0/../../../../arm-none-eabi/lib/thumb/v7e-m/nofp/libg.a(libc_a-__atexit.o)
 .debug_info    0x000000000000c7bc      0x2dd /usr/lib/gcc/arm-none-eabi/12.2.0/../../../../arm-none-eabi/lib/thumb/v7e-m/nofp/libg.a(libc_a-__call_atexit.o)

.debug_abbrev   0x0000000000000000     0x224e
 .debug_abbrev  0x0000000000000000      0x1e0 CMakeFiles/OpenLoopInverter.elf.dir/Core/Src/inverter.c.obj
 .debug_abbrev  0x00000000000001e0      0x32e CMakeFiles/OpenLoopInverter.elf.dir/Core/Src/main.c.obj
 .debug_abbrev  0x000000000000050e      0x1e5 CMakeFiles/OpenLoopInverter.elf.dir/Core/Src/stm32l4xx_hal_msp.c.obj
 .debug_abbrev  0x00000000000006f3       0x7c CMakeFiles/OpenLoopInverter.elf.dir/Core/Src/stm32l4xx_it.c.obj
 .debug_abbrev  0x000000000000076f      0x120 CMakeFiles/OpenLoopInverter.elf.dir/Core/Src/system_stm32l4xx.c.obj
 .debug_abbrev  0x000000000000088f       0x1d CMakeFiles/OpenLoopInverter.elf.dir/Core/Startup/startup_stm32l432kcux.s.obj
 .debug_abbrev  0x00000000000008ac      0x254 CMakeFiles/OpenLoopInverter.elf.dir/Drivers/STM32L4xx_HAL_Driver/Src/stm32l4xx_hal.c.obj
 .debug_abbrev  0x0000000000000b00      0x39b CMakeFiles/OpenLoopInverter.elf.dir/Drivers/STM32L4xx_HAL_Driver/Src/stm32l4xx_hal_cortex.c.obj
 .debug_abbrev  0x0000000000000e9b      0x1f9 CMakeFiles/OpenLoopInverter.elf.dir/Drivers/STM32L4xx_HAL_Driver/Src/stm32l4xx_hal_gpio.c.obj
 .debug_abbrev  0x0000000000001094      0x215 CMakeFiles/OpenLoopInverter.elf.dir/Drivers/STM32L4xx_HAL_Driver/Src/stm32l4xx_hal_pwr_ex.c.obj
 .debug_abbrev  0x00000000000012a9      0x2ab CMakeFiles/OpenLoopInverter.elf.dir/Drivers/STM32L4xx_HAL_Driver/Src/stm32l4xx_hal_rcc.c.obj
 .debug_abbrev  0x0000000000001554      0x271 CMakeFiles/OpenLoopInverter.elf.dir/Drivers/STM32L4xx_HAL_Driver/Src/stm32l4xx_hal_tim.c.obj
 .debug_abbrev  0x00000000000017c5      0x26f CMakeFiles/OpenLoopInverter.elf.dir/Drivers/STM32L4xx_HAL_Driver/Src/stm32l4xx_hal_tim_ex.c.obj
 .debug_abbrev  0x0000000000001a34       0x21 /usr/lib/gcc/arm-none-eabi/12.2.0/thumb/v7e-m/nofp/libgcc.a(_arm_addsubdf3.o)
 .debug_abbrev  0x0000000000001a55       0x21 /usr/lib/gcc/arm-none-eabi/12.2.0/thumb/v7e-m/nofp/libgcc.a(_arm_muldivdf3.o)
 .debug_abbrev  0x0000000000001a76       0x21 /usr/lib/gcc/arm-none-eabi/12.2.0/thumb/v7e-m/nofp/libgcc.a(_arm_fixdfsi.o)
 .debug_abbrev  0x0000000000001a97       0xc1 /usr/lib/gcc/arm-none-eabi/12.2.0/../../../../arm-none-eabi/lib/thumb/v7e-m/nofp/libg.a(libc_a-atexit.o)
 .debug_abbrev  0x0000000000001b58       0xb7 /usr/lib/gcc/arm-none-eabi/12.2.0/../../../../arm-none-eabi/lib/thumb/v7e-m/nofp/libg.a(libc_a-memset.o)
 .debug_abbrev  0x0000000000001c0f       0xc9 /usr/lib/gcc/arm-none-eabi/12.2.0/../../../../arm-none-eabi/lib/thumb/v7e-m/nofp/libg.a(libc_a-init.o)
 .debug_abbrev  0x0000000000001cd8       0xcc /usr/lib/gcc/arm-none-eabi/12.2.0/../../../../arm-none-eabi/lib/thumb/v7e-m/nofp/libg.a(libc_a-fini.o)
 .debug_abbrev  0x0000000000001da4      0x115 /usr/lib/gcc/arm-none-eabi/12.2.0/../../../../arm-none-eabi/lib/thumb/v7e-m/nofp/libg.a(libc_a-lock.o)
 .debug_abbrev  0x0000000000001eb9      0x189 /usr/lib/gcc/arm-none-eabi/12.2.0/../../../../arm-none-eabi/lib/thumb/v7e-m/nofp/libg.a(libc_a-__atexit.o)
 .debug_abbrev  0x0000000000002042      0x20c /usr/lib/gcc/arm-none-eabi/12.2.0/../../../../arm-none-eabi/lib/thumb/v7e-m/nofp/libg.a(libc_a-__call_atexit.o)

.debug_loclists
                0x0000000000000000     0x644c
 .debug_loclists
                0x0000000000000000       0x9a CMakeFiles/OpenLoopInverter.elf.dir/Core/Src/inverter.c.obj
 .debug_loclists
                0x000000000000009a       0x66 CMakeFiles/OpenLoopInverter.elf.dir/Core/Src/main.c.obj
 .debug_loclists
                0x0000000000000100       0x34 CMakeFiles/OpenLoopInverter.elf.dir/Core/Src/stm32l4xx_hal_msp.c.obj
 .debug_loclists
                0x0000000000000134       0xb5 CMakeFiles/OpenLoopInverter.elf.dir/Core/Src/system_stm32l4xx.c.obj
 .debug_loclists
                0x00000000000001e9      0x11b CMakeFiles/OpenLoopInverter.elf.dir/Drivers/STM32L4xx_HAL_Driver/Src/stm32l4xx_hal.c.obj
 .debug_loclists
                0x0000000000000304      0x439 CMakeFiles/OpenLoopInverter.elf.dir/Drivers/STM32L4xx_HAL_Driver/Src/stm32l4xx_hal_cortex.c.obj
 .debug_loclists
                0x000000000000073d      0x221 CMakeFiles/OpenLoopInverter.elf.dir/Drivers/STM32L4xx_HAL_Driver/Src/stm32l4xx_hal_gpio.c.obj
 .debug_loclists
                0x000000000000095e      0x3f0 CMakeFiles/OpenLoopInverter.elf.dir/Drivers/STM32L4xx_HAL_Driver/Src/stm32l4xx_hal_pwr_ex.c.obj
 .debug_loclists
                0x0000000000000d4e      0x558 CMakeFiles/OpenLoopInverter.elf.dir/Drivers/STM32L4xx_HAL_Driver/Src/stm32l4xx_hal_rcc.c.obj
 .debug_loclists
                0x00000000000012a6     0x360f CMakeFiles/OpenLoopInverter.elf.dir/Drivers/STM32L4xx_HAL_Driver/Src/stm32l4xx_hal_tim.c.obj
 .debug_loclists
                0x00000000000048b5     0x171b CMakeFiles/OpenLoopInverter.elf.dir/Drivers/STM32L4xx_HAL_Driver/Src/stm32l4xx_hal_tim_ex.c.obj
 .debug_loclists
                0x0000000000005fd0       0x2a /usr/lib/gcc/arm-none-eabi/12.2.0/../../../../arm-none-eabi/lib/thumb/v7e-m/nofp/libg.a(libc_a-atexit.o)
 .debug_loclists
                0x0000000000005ffa      0x1cf /usr/lib/gcc/arm-none-eabi/12.2.0/../../../../arm-none-eabi/lib/thumb/v7e-m/nofp/libg.a(libc_a-memset.o)
 .debug_loclists
                0x00000000000061c9       0x6f /usr/lib/gcc/arm-none-eabi/12.2.0/../../../../arm-none-eabi/lib/thumb/v7e-m/nofp/libg.a(libc_a-init.o)
 .debug_loclists
                0x0000000000006238       0x4c /usr/lib/gcc/arm-none-eabi/12.2.0/../../../../arm-none-eabi/lib/thumb/v7e-m/nofp/libg.a(libc_a-fini.o)
 .debug_loclists
                0x0000000000006284       0x23 /usr/lib/gcc/arm-none-eabi/12.2.0/../../../../arm-none-eabi/lib/thumb/v7e-m/nofp/libg.a(libc_a-lock.o)
 .debug_loclists
                0x00000000000062a7       0x8e /usr/lib/gcc/arm-none-eabi/12.2.0/../../../../arm-none-eabi/lib/thumb/v7e-m/nofp/libg.a(libc_a-__atexit.o)
 .debug_loclists
                0x0000000000006335      0x117 /usr/lib/gcc/arm-none-eabi/12.2.0/../../../../arm-none-eabi/lib/thumb/v7e-m/nofp/libg.a(libc_a-__call_atexit.o)

.debug_aranges  0x0000000000000000      0xc40
 .debug_aranges
                0x0000000000000000       0x30 CMakeFiles/OpenLoopInverter.elf.dir/Core/Src/inverter.c.obj
 .debug_aranges
                0x0000000000000030       0x40 CMakeFiles/OpenLoopInverter.elf.dir/Core/Src/main.c.obj
 .debug_aranges
                0x0000000000000070       0x38 CMakeFiles/OpenLoopInverter.elf.dir/Core/Src/stm32l4xx_hal_msp.c.obj
 .debug_aranges
                0x00000000000000a8       0x60 CMakeFiles/OpenLoopInverter.elf.dir/Core/Src/stm32l4xx_it.c.obj
 .debug_aranges
                0x0000000000000108       0x28 CMakeFiles/OpenLoopInverter.elf.dir/Core/Src/system_stm32l4xx.c.obj
 .debug_aranges
                0x0000000000000130       0x28 CMakeFiles/OpenLoopInverter.elf.dir/Core/Startup/startup_stm32l432kcux.s.obj
 .debug_aranges
                0x0000000000000158      0x108 CMakeFiles/OpenLoopInverter.elf.dir/Drivers/STM32L4xx_HAL_Driver/Src/stm32l4xx_hal.c.obj
 .debug_aranges
                0x0000000000000260       0xe0 CMakeFiles/OpenLoopInverter.elf.dir/Drivers/STM32L4xx_HAL_Driver/Src/stm32l4xx_hal_cortex.c.obj
 .debug_aranges
                0x0000000000000340       0x58 CMakeFiles/OpenLoopInverter.elf.dir/Drivers/STM32L4xx_HAL_Driver/Src/stm32l4xx_hal_gpio.c.obj
 .debug_aranges
                0x0000000000000398      0x128 CMakeFiles/OpenLoopInverter.elf.dir/Drivers/STM32L4xx_HAL_Driver/Src/stm32l4xx_hal_pwr_ex.c.obj
 .debug_aranges
                0x00000000000004c0       0x90 CMakeFiles/OpenLoopInverter.elf.dir/Drivers/STM32L4xx_HAL_Driver/Src/stm32l4xx_hal_rcc.c.obj
 .debug_aranges
                0x0000000000000550      0x3e0 CMakeFiles/OpenLoopInverter.elf.dir/Drivers/STM32L4xx_HAL_Driver/Src/stm32l4xx_hal_tim.c.obj
 .debug_aranges
                0x0000000000000930      0x180 CMakeFiles/OpenLoopInverter.elf.dir/Drivers/STM32L4xx_HAL_Driver/Src/stm32l4xx_hal_tim_ex.c.obj
 .debug_aranges
                0x0000000000000ab0       0x20 /usr/lib/gcc/arm-none-eabi/12.2.0/thumb/v7e-m/nofp/libgcc.a(_arm_addsubdf3.o)
 .debug_aranges
                0x0000000000000ad0       0x20 /usr/lib/gcc/arm-none-eabi/12.2.0/thumb/v7e-m/nofp/libgcc.a(_arm_muldivdf3.o)
 .debug_aranges
                0x0000000000000af0       0x20 /usr/lib/gcc/arm-none-eabi/12.2.0/thumb/v7e-m/nofp/libgcc.a(_arm_fixdfsi.o)
 .debug_aranges
                0x0000000000000b10       0x20 /usr/lib/gcc/arm-none-eabi/12.2.0/../../../../arm-none-eabi/lib/thumb/v7e-m/nofp/libg.a(libc_a-atexit.o)
 .debug_aranges
                0x0000000000000b30       0x20 /usr/lib/gcc/arm-none-eabi/12.2.0/../../../../arm-none-eabi/lib/thumb/v7e-m/nofp/libg.a(libc_a-memset.o)
 .debug_aranges
                0x0000000000000b50       0x20 /usr/lib/gcc/arm-none-eabi/12.2.0/../../../../arm-none-eabi/lib/thumb/v7e-m/nofp/libg.a(libc_a-init.o)
 .debug_aranges
                0x0000000000000b70       0x20 /usr/lib/gcc/arm-none-eabi/12.2.0/../../../../arm-none-eabi/lib/thumb/v7e-m/nofp/libg.a(libc_a-fini.o)
 .debug_aranges
                0x0000000000000b90       0x68 /usr/lib/gcc/arm-none-eabi/12.2.0/../../../../arm-none-eabi/lib/thumb/v7e-m/nofp/libg.a(libc_a-lock.o)
 .debug_aranges
                0x0000000000000bf8       0x20 /usr/lib/gcc/arm-none-eabi/12.2.0/../../../../arm-none-eabi/lib/thumb/v7e-m/nofp/libg.a(libc_a-__atexit.o)
 .debug_aranges
                0x0000000000000c18       0x28 /usr/lib/gcc/arm-none-eabi/12.2.0/../../../../arm-none-eabi/lib/thumb/v7e-m/nofp/libg.a(libc_a-__call_atexit.o)

.debug_rnglists
                0x0000000000000000      0x8f7
 .debug_rnglists
                0x0000000000000000       0x20 CMakeFiles/OpenLoopInverter.elf.dir/Core/Src/inverter.c.obj
 .debug_rnglists
                0x0000000000000020       0x2d CMakeFiles/OpenLoopInverter.elf.dir/Core/Src/main.c.obj
 .debug_rnglists
                0x000000000000004d       0x25 CMakeFiles/OpenLoopInverter.elf.dir/Core/Src/stm32l4xx_hal_msp.c.obj
 .debug_rnglists
                0x0000000000000072       0x43 CMakeFiles/OpenLoopInverter.elf.dir/Core/Src/stm32l4xx_it.c.obj
 .debug_rnglists
                0x00000000000000b5       0x1a CMakeFiles/OpenLoopInverter.elf.dir/Core/Src/system_stm32l4xx.c.obj
 .debug_rnglists
                0x00000000000000cf       0x19 CMakeFiles/OpenLoopInverter.elf.dir/Core/Startup/startup_stm32l432kcux.s.obj
 .debug_rnglists
                0x00000000000000e8       0xc1 CMakeFiles/OpenLoopInverter.elf.dir/Drivers/STM32L4xx_HAL_Driver/Src/stm32l4xx_hal.c.obj
 .debug_rnglists
                0x00000000000001a9       0xa3 CMakeFiles/OpenLoopInverter.elf.dir/Drivers/STM32L4xx_HAL_Driver/Src/stm32l4xx_hal_cortex.c.obj
 .debug_rnglists
                0x000000000000024c       0x3f CMakeFiles/OpenLoopInverter.elf.dir/Drivers/STM32L4xx_HAL_Driver/Src/stm32l4xx_hal_gpio.c.obj
 .debug_rnglists
                0x000000000000028b       0xdb CMakeFiles/OpenLoopInverter.elf.dir/Drivers/STM32L4xx_HAL_Driver/Src/stm32l4xx_hal_pwr_ex.c.obj
 .debug_rnglists
                0x0000000000000366       0x7c CMakeFiles/OpenLoopInverter.elf.dir/Drivers/STM32L4xx_HAL_Driver/Src/stm32l4xx_hal_rcc.c.obj
 .debug_rnglists
                0x00000000000003e2      0x30d CMakeFiles/OpenLoopInverter.elf.dir/Drivers/STM32L4xx_HAL_Driver/Src/stm32l4xx_hal_tim.c.obj
 .debug_rnglists
                0x00000000000006ef      0x12e CMakeFiles/OpenLoopInverter.elf.dir/Drivers/STM32L4xx_HAL_Driver/Src/stm32l4xx_hal_tim_ex.c.obj
 .debug_rnglists
                0x000000000000081d       0x13 /usr/lib/gcc/arm-none-eabi/12.2.0/../../../../arm-none-eabi/lib/thumb/v7e-m/nofp/libg.a(libc_a-atexit.o)
 .debug_rnglists
                0x0000000000000830       0x14 /usr/lib/gcc/arm-none-eabi/12.2.0/../../../../arm-none-eabi/lib/thumb/v7e-m/nofp/libg.a(libc_a-memset.o)
 .debug_rnglists
                0x0000000000000844       0x13 /usr/lib/gcc/arm-none-eabi/12.2.0/../../../../arm-none-eabi/lib/thumb/v7e-m/nofp/libg.a(libc_a-init.o)
 .debug_rnglists
                0x0000000000000857       0x13 /usr/lib/gcc/arm-none-eabi/12.2.0/../../../../arm-none-eabi/lib/thumb/v7e-m/nofp/libg.a(libc_a-fini.o)
 .debug_rnglists
                0x000000000000086a       0x49 /usr/lib/gcc/arm-none-eabi/12.2.0/../../../../arm-none-eabi/lib/thumb/v7e-m/nofp/libg.a(libc_a-lock.o)
 .debug_rnglists
                0x00000000000008b3       0x14 /usr/lib/gcc/arm-none-eabi/12.2.0/../../../../arm-none-eabi/lib/thumb/v7e-m/nofp/libg.a(libc_a-__atexit.o)
 .debug_rnglists
                0x00000000000008c7       0x30 /usr/lib/gcc/arm-none-eabi/12.2.0/../../../../arm-none-eabi/lib/thumb/v7e-m/nofp/libg.a(libc_a-__call_atexit.o)

.debug_line     0x0000000000000000     0xb983
 .debug_line    0x0000000000000000      0x325 CMakeFiles/OpenLoopInverter.elf.dir/Core/Src/inverter.c.obj
 .debug_line    0x0000000000000325      0x6bd CMakeFiles/OpenLoopInverter.elf.dir/Core/Src/main.c.obj
 .debug_line    0x00000000000009e2      0x2eb CMakeFiles/OpenLoopInverter.elf.dir/Core/Src/stm32l4xx_hal_msp.c.obj
 .debug_line    0x0000000000000ccd      0x1d5 CMakeFiles/OpenLoopInverter.elf.dir/Core/Src/stm32l4xx_it.c.obj
 .debug_line    0x0000000000000ea2      0x269 CMakeFiles/OpenLoopInverter.elf.dir/Core/Src/system_stm32l4xx.c.obj
 .debug_line    0x000000000000110b       0x7a CMakeFiles/OpenLoopInverter.elf.dir/Core/Startup/startup_stm32l432kcux.s.obj
 .debug_line    0x0000000000001185      0x650 CMakeFiles/OpenLoopInverter.elf.dir/Drivers/STM32L4xx_HAL_Driver/Src/stm32l4xx_hal.c.obj
 .debug_line    0x00000000000017d5      0x872 CMakeFiles/OpenLoopInverter.elf.dir/Drivers/STM32L4xx_HAL_Driver/Src/stm32l4xx_hal_cortex.c.obj
 .debug_line    0x0000000000002047      0x6a5 CMakeFiles/OpenLoopInverter.elf.dir/Drivers/STM32L4xx_HAL_Driver/Src/stm32l4xx_hal_gpio.c.obj
 .debug_line    0x00000000000026ec      0x90d CMakeFiles/OpenLoopInverter.elf.dir/Drivers/STM32L4xx_HAL_Driver/Src/stm32l4xx_hal_pwr_ex.c.obj
 .debug_line    0x0000000000002ff9      0xf7e CMakeFiles/OpenLoopInverter.elf.dir/Drivers/STM32L4xx_HAL_Driver/Src/stm32l4xx_hal_rcc.c.obj
 .debug_line    0x0000000000003f77     0x4d5b CMakeFiles/OpenLoopInverter.elf.dir/Drivers/STM32L4xx_HAL_Driver/Src/stm32l4xx_hal_tim.c.obj
 .debug_line    0x0000000000008cd2     0x1ef5 CMakeFiles/OpenLoopInverter.elf.dir/Drivers/STM32L4xx_HAL_Driver/Src/stm32l4xx_hal_tim_ex.c.obj
 .debug_line    0x000000000000abc7      0x16f /usr/lib/gcc/arm-none-eabi/12.2.0/thumb/v7e-m/nofp/libgcc.a(_arm_addsubdf3.o)
 .debug_line    0x000000000000ad36      0x184 /usr/lib/gcc/arm-none-eabi/12.2.0/thumb/v7e-m/nofp/libgcc.a(_arm_muldivdf3.o)
 .debug_line    0x000000000000aeba       0x62 /usr/lib/gcc/arm-none-eabi/12.2.0/thumb/v7e-m/nofp/libgcc.a(_arm_fixdfsi.o)
 .debug_line    0x000000000000af1c       0xe4 /usr/lib/gcc/arm-none-eabi/12.2.0/../../../../arm-none-eabi/lib/thumb/v7e-m/nofp/libg.a(libc_a-atexit.o)
 .debug_line    0x000000000000b000      0x1da /usr/lib/gcc/arm-none-eabi/12.2.0/../../../../arm-none-eabi/lib/thumb/v7e-m/nofp/libg.a(libc_a-memset.o)
 .debug_line    0x000000000000b1da      0x13c /usr/lib/gcc/arm-none-eabi/12.2.0/../../../../arm-none-eabi/lib/thumb/v7e-m/nofp/libg.a(libc_a-init.o)
 .debug_line    0x000000000000b316       0xec /usr/lib/gcc/arm-none-eabi/12.2.0/../../../../arm-none-eabi/lib/thumb/v7e-m/nofp/libg.a(libc_a-fini.o)
 .debug_line    0x000000000000b402      0x17d /usr/lib/gcc/arm-none-eabi/12.2.0/../../../../arm-none-eabi/lib/thumb/v7e-m/nofp/libg.a(libc_a-lock.o)
 .debug_line    0x000000000000b57f      0x196 /usr/lib/gcc/arm-none-eabi/12.2.0/../../../../arm-none-eabi/lib/thumb/v7e-m/nofp/libg.a(libc_a-__atexit.o)
 .debug_line    0x000000000000b715      0x26e /usr/lib/gcc/arm-none-eabi/12.2.0/../../../../arm-none-eabi/lib/thumb/v7e-m/nofp/libg.a(libc_a-__call_atexit.o)

.debug_str      0x0000000000000000     0x4168
 .debug_str     0x0000000000000000      0x7b3 CMakeFiles/OpenLoopInverter.elf.dir/Core/Src/inverter.c.obj
                                        0x87d (size before relaxing)
 .debug_str     0x00000000000007b3      0x578 CMakeFiles/OpenLoopInverter.elf.dir/Core/Src/main.c.obj
                                        0xd8b (size before relaxing)
 .debug_str     0x0000000000000d2b      0x106 CMakeFiles/OpenLoopInverter.elf.dir/Core/Src/stm32l4xx_hal_msp.c.obj
                                        0x928 (size before relaxing)
 .debug_str     0x0000000000000e31       0xe3 CMakeFiles/OpenLoopInverter.elf.dir/Core/Src/stm32l4xx_it.c.obj
                                        0x266 (size before relaxing)
 .debug_str     0x0000000000000f14       0xca CMakeFiles/OpenLoopInverter.elf.dir/Core/Src/system_stm32l4xx.c.obj
                                        0x3bf (size before relaxing)
 .debug_str     0x0000000000000fde       0x6e CMakeFiles/OpenLoopInverter.elf.dir/Core/Startup/startup_stm32l432kcux.s.obj
                                         0xaf (size before relaxing)
 .debug_str     0x000000000000104c      0x7d4 CMakeFiles/OpenLoopInverter.elf.dir/Drivers/STM32L4xx_HAL_Driver/Src/stm32l4xx_hal.c.obj
                                        0xb46 (size before relaxing)
 .debug_str     0x0000000000001820      0x4ba CMakeFiles/OpenLoopInverter.elf.dir/Drivers/STM32L4xx_HAL_Driver/Src/stm32l4xx_hal_cortex.c.obj
                                        0xb41 (size before relaxing)
 .debug_str     0x0000000000001cda      0x18e CMakeFiles/OpenLoopInverter.elf.dir/Drivers/STM32L4xx_HAL_Driver/Src/stm32l4xx_hal_gpio.c.obj
                                        0x575 (size before relaxing)
 .debug_str     0x0000000000001e68      0x4d4 CMakeFiles/OpenLoopInverter.elf.dir/Drivers/STM32L4xx_HAL_Driver/Src/stm32l4xx_hal_pwr_ex.c.obj
                                        0x7d6 (size before relaxing)
 .debug_str     0x000000000000233c      0x249 CMakeFiles/OpenLoopInverter.elf.dir/Drivers/STM32L4xx_HAL_Driver/Src/stm32l4xx_hal_rcc.c.obj
                                        0x890 (size before relaxing)
 .debug_str     0x0000000000002585      0xf19 CMakeFiles/OpenLoopInverter.elf.dir/Drivers/STM32L4xx_HAL_Driver/Src/stm32l4xx_hal_tim.c.obj
                                       0x1740 (size before relaxing)
 .debug_str     0x000000000000349e      0x520 CMakeFiles/OpenLoopInverter.elf.dir/Drivers/STM32L4xx_HAL_Driver/Src/stm32l4xx_hal_tim_ex.c.obj
                                       0x1064 (size before relaxing)
 .debug_str     0x00000000000039be      0x135 /usr/lib/gcc/arm-none-eabi/12.2.0/thumb/v7e-m/nofp/libgcc.a(_arm_addsubdf3.o)
                                        0x15a (size before relaxing)
 .debug_str     0x0000000000003af3       0x12 /usr/lib/gcc/arm-none-eabi/12.2.0/thumb/v7e-m/nofp/libgcc.a(_arm_muldivdf3.o)
                                         0xcc (size before relaxing)
 .debug_str     0x0000000000003b05        0xa /usr/lib/gcc/arm-none-eabi/12.2.0/thumb/v7e-m/nofp/libgcc.a(_arm_fixdfsi.o)
                                         0xb7 (size before relaxing)
 .debug_str     0x0000000000003b0f      0x15c /usr/lib/gcc/arm-none-eabi/12.2.0/../../../../arm-none-eabi/lib/thumb/v7e-m/nofp/libg.a(libc_a-atexit.o)
                                        0x1f8 (size before relaxing)
 .debug_str     0x0000000000003c6b       0x5f /usr/lib/gcc/arm-none-eabi/12.2.0/../../../../arm-none-eabi/lib/thumb/v7e-m/nofp/libg.a(libc_a-memset.o)
                                        0x1cf (size before relaxing)
 .debug_str     0x0000000000003cca       0xa6 /usr/lib/gcc/arm-none-eabi/12.2.0/../../../../arm-none-eabi/lib/thumb/v7e-m/nofp/libg.a(libc_a-init.o)
                                        0x21c (size before relaxing)
 .debug_str     0x0000000000003d70       0x76 /usr/lib/gcc/arm-none-eabi/12.2.0/../../../../arm-none-eabi/lib/thumb/v7e-m/nofp/libg.a(libc_a-fini.o)
                                        0x1f2 (size before relaxing)
 .debug_str     0x0000000000003de6      0x250 /usr/lib/gcc/arm-none-eabi/12.2.0/../../../../arm-none-eabi/lib/thumb/v7e-m/nofp/libg.a(libc_a-lock.o)
                                        0x32e (size before relaxing)
 .debug_str     0x0000000000004036       0xa9 /usr/lib/gcc/arm-none-eabi/12.2.0/../../../../arm-none-eabi/lib/thumb/v7e-m/nofp/libg.a(libc_a-__atexit.o)
                                        0x2cf (size before relaxing)
 .debug_str     0x00000000000040df       0x89 /usr/lib/gcc/arm-none-eabi/12.2.0/../../../../arm-none-eabi/lib/thumb/v7e-m/nofp/libg.a(libc_a-__call_atexit.o)
                                        0x2f8 (size before relaxing)

.comment        0x0000000000000000       0x1e
 .comment       0x0000000000000000       0x1e CMakeFiles/OpenLoopInverter.elf.dir/Core/Src/inverter.c.obj
                                         0x1f (size before relaxing)
 .comment       0x000000000000001e       0x1f CMakeFiles/OpenLoopInverter.elf.dir/Core/Src/main.c.obj
 .comment       0x000000000000001e       0x1f CMakeFiles/OpenLoopInverter.elf.dir/Core/Src/stm32l4xx_hal_msp.c.obj
 .comment       0x000000000000001e       0x1f CMakeFiles/OpenLoopInverter.elf.dir/Core/Src/stm32l4xx_it.c.obj
 .comment       0x000000000000001e       0x1f CMakeFiles/OpenLoopInverter.elf.dir/Core/Src/system_stm32l4xx.c.obj
 .comment       0x000000000000001e       0x1f CMakeFiles/OpenLoopInverter.elf.dir/Drivers/STM32L4xx_HAL_Driver/Src/stm32l4xx_hal.c.obj
 .comment       0x000000000000001e       0x1f CMakeFiles/OpenLoopInverter.elf.dir/Drivers/STM32L4xx_HAL_Driver/Src/stm32l4xx_hal_cortex.c.obj
 .comment       0x000000000000001e       0x1f CMakeFiles/OpenLoopInverter.elf.dir/Drivers/STM32L4xx_HAL_Driver/Src/stm32l4xx_hal_gpio.c.obj
 .comment       0x000000000000001e       0x1f CMakeFiles/OpenLoopInverter.elf.dir/Drivers/STM32L4xx_HAL_Driver/Src/stm32l4xx_hal_pwr_ex.c.obj
 .comment       0x000000000000001e       0x1f CMakeFiles/OpenLoopInverter.elf.dir/Drivers/STM32L4xx_HAL_Driver/Src/stm32l4xx_hal_rcc.c.obj
 .comment       0x000000000000001e       0x1f CMakeFiles/OpenLoopInverter.elf.dir/Drivers/STM32L4xx_HAL_Driver/Src/stm32l4xx_hal_tim.c.obj
 .comment       0x000000000000001e       0x1f CMakeFiles/OpenLoopInverter.elf.dir/Drivers/STM32L4xx_HAL_Driver/Src/stm32l4xx_hal_tim_ex.c.obj
 .comment       0x000000000000001e       0x1f /usr/lib/gcc/arm-none-eabi/12.2.0/../../../../arm-none-eabi/lib/thumb/v7e-m/nofp/libg.a(libc_a-atexit.o)
 .comment       0x000000000000001e       0x1f /usr/lib/gcc/arm-none-eabi/12.2.0/../../../../arm-none-eabi/lib/thumb/v7e-m/nofp/libg.a(libc_a-memset.o)
 .comment       0x000000000000001e       0x1f /usr/lib/gcc/arm-none-eabi/12.2.0/../../../../arm-none-eabi/lib/thumb/v7e-m/nofp/libg.a(libc_a-init.o)
 .comment       0x000000000000001e       0x1f /usr/lib/gcc/arm-none-eabi/12.2.0/../../../../arm-none-eabi/lib/thumb/v7e-m/nofp/libg.a(libc_a-fini.o)
 .comment       0x000000000000001e       0x1f /usr/lib/gcc/arm-none-eabi/12.2.0/../../../../arm-none-eabi/lib/thumb/v7e-m/nofp/libg.a(libc_a-lock.o)
 .comment       0x000000000000001e       0x1f /usr/lib/gcc/arm-none-eabi/12.2.0/../../../../arm-none-eabi/lib/thumb/v7e-m/nofp/libg.a(libc_a-__atexit.o)
 .comment       0x000000000000001e       0x1f /usr/lib/gcc/arm-none-eabi/12.2.0/../../../../arm-none-eabi/lib/thumb/v7e-m/nofp/libg.a(libc_a-__call_atexit.o)

.debug_frame    0x0000000000000000     0x1dac
 .debug_frame   0x0000000000000000       0x54 CMakeFiles/OpenLoopInverter.elf.dir/Core/Src/inverter.c.obj
 .debug_frame   0x0000000000000054       0x9c CMakeFiles/OpenLoopInverter.elf.dir/Core/Src/main.c.obj
 .debug_frame   0x00000000000000f0       0x74 CMakeFiles/OpenLoopInverter.elf.dir/Core/Src/stm32l4xx_hal_msp.c.obj
 .debug_frame   0x0000000000000164       0xa8 CMakeFiles/OpenLoopInverter.elf.dir/Core/Src/stm32l4xx_it.c.obj
 .debug_frame   0x000000000000020c       0x30 CMakeFiles/OpenLoopInverter.elf.dir/Core/Src/system_stm32l4xx.c.obj
 .debug_frame   0x000000000000023c      0x21c CMakeFiles/OpenLoopInverter.elf.dir/Drivers/STM32L4xx_HAL_Driver/Src/stm32l4xx_hal.c.obj
 .debug_frame   0x0000000000000458      0x1e4 CMakeFiles/OpenLoopInverter.elf.dir/Drivers/STM32L4xx_HAL_Driver/Src/stm32l4xx_hal_cortex.c.obj
 .debug_frame   0x000000000000063c       0xd0 CMakeFiles/OpenLoopInverter.elf.dir/Drivers/STM32L4xx_HAL_Driver/Src/stm32l4xx_hal_gpio.c.obj
 .debug_frame   0x000000000000070c      0x248 CMakeFiles/OpenLoopInverter.elf.dir/Drivers/STM32L4xx_HAL_Driver/Src/stm32l4xx_hal_pwr_ex.c.obj
 .debug_frame   0x0000000000000954      0x19c CMakeFiles/OpenLoopInverter.elf.dir/Drivers/STM32L4xx_HAL_Driver/Src/stm32l4xx_hal_rcc.c.obj
 .debug_frame   0x0000000000000af0      0xb3c CMakeFiles/OpenLoopInverter.elf.dir/Drivers/STM32L4xx_HAL_Driver/Src/stm32l4xx_hal_tim.c.obj
 .debug_frame   0x000000000000162c      0x474 CMakeFiles/OpenLoopInverter.elf.dir/Drivers/STM32L4xx_HAL_Driver/Src/stm32l4xx_hal_tim_ex.c.obj
 .debug_frame   0x0000000000001aa0       0xac /usr/lib/gcc/arm-none-eabi/12.2.0/thumb/v7e-m/nofp/libgcc.a(_arm_addsubdf3.o)
 .debug_frame   0x0000000000001b4c       0x50 /usr/lib/gcc/arm-none-eabi/12.2.0/thumb/v7e-m/nofp/libgcc.a(_arm_muldivdf3.o)
 .debug_frame   0x0000000000001b9c       0x24 /usr/lib/gcc/arm-none-eabi/12.2.0/thumb/v7e-m/nofp/libgcc.a(_arm_fixdfsi.o)
 .debug_frame   0x0000000000001bc0       0x20 /usr/lib/gcc/arm-none-eabi/12.2.0/../../../../arm-none-eabi/lib/thumb/v7e-m/nofp/libg.a(libc_a-atexit.o)
 .debug_frame   0x0000000000001be0       0x2c /usr/lib/gcc/arm-none-eabi/12.2.0/../../../../arm-none-eabi/lib/thumb/v7e-m/nofp/libg.a(libc_a-memset.o)
 .debug_frame   0x0000000000001c0c       0x2c /usr/lib/gcc/arm-none-eabi/12.2.0/../../../../arm-none-eabi/lib/thumb/v7e-m/nofp/libg.a(libc_a-init.o)
 .debug_frame   0x0000000000001c38       0x34 /usr/lib/gcc/arm-none-eabi/12.2.0/../../../../arm-none-eabi/lib/thumb/v7e-m/nofp/libg.a(libc_a-fini.o)
 .debug_frame   0x0000000000001c6c       0xb0 /usr/lib/gcc/arm-none-eabi/12.2.0/../../../../arm-none-eabi/lib/thumb/v7e-m/nofp/libg.a(libc_a-lock.o)
 .debug_frame   0x0000000000001d1c       0x34 /usr/lib/gcc/arm-none-eabi/12.2.0/../../../../arm-none-eabi/lib/thumb/v7e-m/nofp/libg.a(libc_a-__atexit.o)
 .debug_frame   0x0000000000001d50       0x5c /usr/lib/gcc/arm-none-eabi/12.2.0/../../../../arm-none-eabi/lib/thumb/v7e-m/nofp/libg.a(libc_a-__call_atexit.o)

.debug_line_str
                0x0000000000000000      0x129
 .debug_line_str
                0x0000000000000000       0x95 CMakeFiles/OpenLoopInverter.elf.dir/Core/Startup/startup_stm32l432kcux.s.obj
 .debug_line_str
                0x0000000000000095       0x94 /usr/lib/gcc/arm-none-eabi/12.2.0/thumb/v7e-m/nofp/libgcc.a(_arm_addsubdf3.o)
 .debug_line_str
                0x0000000000000129       0x94 /usr/lib/gcc/arm-none-eabi/12.2.0/thumb/v7e-m/nofp/libgcc.a(_arm_muldivdf3.o)
 .debug_line_str
                0x0000000000000129       0x94 /usr/lib/gcc/arm-none-eabi/12.2.0/thumb/v7e-m/nofp/libgcc.a(_arm_fixdfsi.o)
