Archive member included to satisfy reference by file (symbol)

/usr/lib/gcc/arm-none-eabi/12.2.0/thumb/v7e-m/nofp/libgcc.a(_arm_muldf3.o)
                              CMakeFiles/OpenLoopInverter.elf.dir/Core/Src/inverter.c.obj (__aeabi_dmul)
/usr/lib/gcc/arm-none-eabi/12.2.0/thumb/v7e-m/nofp/libgcc.a(_arm_addsubdf3.o)
                              CMakeFiles/OpenLoopInverter.elf.dir/Core/Src/inverter.c.obj (__aeabi_dadd)
/usr/lib/gcc/arm-none-eabi/12.2.0/thumb/v7e-m/nofp/libgcc.a(_arm_muldivdf3.o)
                              CMakeFiles/OpenLoopInverter.elf.dir/Core/Src/main.c.obj (__aeabi_ddiv)
/usr/lib/gcc/arm-none-eabi/12.2.0/thumb/v7e-m/nofp/libgcc.a(_arm_fixunsdfsi.o)
                              CMakeFiles/OpenLoopInverter.elf.dir/Core/Src/inverter.c.obj (__aeabi_d2uiz)
/usr/lib/gcc/arm-none-eabi/12.2.0/thumb/v7e-m/nofp/libgcc.a(_aeabi_uldivmod.o)
                              CMakeFiles/OpenLoopInverter.elf.dir/Drivers/STM32L4xx_HAL_Driver/Src/stm32l4xx_hal_uart.c.obj (__aeabi_uldivmod)
/usr/lib/gcc/arm-none-eabi/12.2.0/thumb/v7e-m/nofp/libgcc.a(_udivmoddi4.o)
                              /usr/lib/gcc/arm-none-eabi/12.2.0/thumb/v7e-m/nofp/libgcc.a(_aeabi_uldivmod.o) (__udivmoddi4)
/usr/lib/gcc/arm-none-eabi/12.2.0/thumb/v7e-m/nofp/libgcc.a(_dvmd_tls.o)
                              /usr/lib/gcc/arm-none-eabi/12.2.0/thumb/v7e-m/nofp/libgcc.a(_aeabi_uldivmod.o) (__aeabi_ldiv0)
/usr/lib/gcc/arm-none-eabi/12.2.0/../../../../arm-none-eabi/lib/thumb/v7e-m/nofp/libg.a(libc_a-atexit.o)
                              /usr/lib/gcc/arm-none-eabi/12.2.0/../../../../arm-none-eabi/lib/thumb/v7e-m/nofp/crt0.o (atexit)
/usr/lib/gcc/arm-none-eabi/12.2.0/../../../../arm-none-eabi/lib/thumb/v7e-m/nofp/libg.a(libc_a-exit.o)
                              /usr/lib/gcc/arm-none-eabi/12.2.0/../../../../arm-none-eabi/lib/thumb/v7e-m/nofp/crt0.o (exit)
/usr/lib/gcc/arm-none-eabi/12.2.0/../../../../arm-none-eabi/lib/thumb/v7e-m/nofp/libg.a(libc_a-findfp.o)
                              /usr/lib/gcc/arm-none-eabi/12.2.0/../../../../arm-none-eabi/lib/thumb/v7e-m/nofp/libg.a(libc_a-exit.o) (__stdio_exit_handler)
/usr/lib/gcc/arm-none-eabi/12.2.0/../../../../arm-none-eabi/lib/thumb/v7e-m/nofp/libg.a(libc_a-fwalk.o)
                              /usr/lib/gcc/arm-none-eabi/12.2.0/../../../../arm-none-eabi/lib/thumb/v7e-m/nofp/libg.a(libc_a-findfp.o) (_fwalk_sglue)
/usr/lib/gcc/arm-none-eabi/12.2.0/../../../../arm-none-eabi/lib/thumb/v7e-m/nofp/libg.a(libc_a-printf.o)
                              CMakeFiles/OpenLoopInverter.elf.dir/Core/Src/main.c.obj (printf)
/usr/lib/gcc/arm-none-eabi/12.2.0/../../../../arm-none-eabi/lib/thumb/v7e-m/nofp/libg.a(libc_a-stdio.o)
                              /usr/lib/gcc/arm-none-eabi/12.2.0/../../../../arm-none-eabi/lib/thumb/v7e-m/nofp/libg.a(libc_a-findfp.o) (__sread)
/usr/lib/gcc/arm-none-eabi/12.2.0/../../../../arm-none-eabi/lib/thumb/v7e-m/nofp/libg.a(libc_a-memset.o)
                              /usr/lib/gcc/arm-none-eabi/12.2.0/../../../../arm-none-eabi/lib/thumb/v7e-m/nofp/crt0.o (memset)
/usr/lib/gcc/arm-none-eabi/12.2.0/../../../../arm-none-eabi/lib/thumb/v7e-m/nofp/libg.a(libc_a-closer.o)
                              /usr/lib/gcc/arm-none-eabi/12.2.0/../../../../arm-none-eabi/lib/thumb/v7e-m/nofp/libg.a(libc_a-stdio.o) (_close_r)
/usr/lib/gcc/arm-none-eabi/12.2.0/../../../../arm-none-eabi/lib/thumb/v7e-m/nofp/libg.a(libc_a-reent.o)
                              /usr/lib/gcc/arm-none-eabi/12.2.0/../../../../arm-none-eabi/lib/thumb/v7e-m/nofp/libg.a(libc_a-closer.o) (errno)
/usr/lib/gcc/arm-none-eabi/12.2.0/../../../../arm-none-eabi/lib/thumb/v7e-m/nofp/libg.a(libc_a-impure.o)
                              /usr/lib/gcc/arm-none-eabi/12.2.0/../../../../arm-none-eabi/lib/thumb/v7e-m/nofp/libg.a(libc_a-printf.o) (_impure_ptr)
/usr/lib/gcc/arm-none-eabi/12.2.0/../../../../arm-none-eabi/lib/thumb/v7e-m/nofp/libg.a(libc_a-lseekr.o)
                              /usr/lib/gcc/arm-none-eabi/12.2.0/../../../../arm-none-eabi/lib/thumb/v7e-m/nofp/libg.a(libc_a-stdio.o) (_lseek_r)
/usr/lib/gcc/arm-none-eabi/12.2.0/../../../../arm-none-eabi/lib/thumb/v7e-m/nofp/libg.a(libc_a-readr.o)
                              /usr/lib/gcc/arm-none-eabi/12.2.0/../../../../arm-none-eabi/lib/thumb/v7e-m/nofp/libg.a(libc_a-stdio.o) (_read_r)
/usr/lib/gcc/arm-none-eabi/12.2.0/../../../../arm-none-eabi/lib/thumb/v7e-m/nofp/libg.a(libc_a-writer.o)
                              /usr/lib/gcc/arm-none-eabi/12.2.0/../../../../arm-none-eabi/lib/thumb/v7e-m/nofp/libg.a(libc_a-stdio.o) (_write_r)
/usr/lib/gcc/arm-none-eabi/12.2.0/../../../../arm-none-eabi/lib/thumb/v7e-m/nofp/libg.a(libc_a-errno.o)
                              CMakeFiles/OpenLoopInverter.elf.dir/Core/Src/syscalls.c.obj (__errno)
/usr/lib/gcc/arm-none-eabi/12.2.0/../../../../arm-none-eabi/lib/thumb/v7e-m/nofp/libg.a(libc_a-init.o)
[...]
Memory Configuration

Name             Origin             Length             Attributes
RAM              0x0000000020000000 0x0000000000010000 xrw
RAM2             0x0000000010000000 0x0000000000004000 xrw
FLASH            0x0000000008000000 0x0000000000040000 xr
*default*        0x0000000000000000 0xffffffffffffffff

Linker script and memory map

LOAD /usr/lib/gcc/arm-none-eabi/12.2.0/thumb/v7e-m/nofp/crti.o
LOAD /usr/lib/gcc/arm-none-eabi/12.2.0/thumb/v7e-m/nofp/crtbegin.o
LOAD /usr/lib/gcc/arm-none-eabi/12.2.0/../../../../arm-none-eabi/lib/thumb/v7e-m/nofp/crt0.o
LOAD CMakeFiles/OpenLoopInverter.elf.dir/Core/Src/inverter.c.obj
LOAD CMakeFiles/OpenLoopInverter.elf.dir/Core/Src/main.c.obj
LOAD CMakeFiles/OpenLoopInverter.elf.dir/Core/Src/stm32l4xx_hal_msp.c.obj
LOAD CMakeFiles/OpenLoopInverter.elf.dir/Core/Src/stm32l4xx_it.c.obj
LOAD CMakeFiles/OpenLoopInverter.elf.dir/Core/Src/syscalls.c.obj
LOAD CMakeFiles/OpenLoopInverter.elf.dir/Core/Src/sysmem.c.obj
LOAD CMakeFiles/OpenLoopInverter.elf.dir/Core/Src/system_stm32l4xx.c.obj
LOAD CMakeFiles/OpenLoopInverter.elf.dir/Core/Startup/startup_stm32l432kcux.s.obj
LOAD CMakeFiles/OpenLoopInverter.elf.dir/Drivers/STM32L4xx_HAL_Driver/Src/stm32l4xx_hal.c.obj
LOAD CMakeFiles/OpenLoopInverter.elf.dir/Drivers/STM32L4xx_HAL_Driver/Src/stm32l4xx_hal_cortex.c.obj
LOAD CMakeFiles/OpenLoopInverter.elf.dir/Drivers/STM32L4xx_HAL_Driver/Src/stm32l4xx_hal_dma.c.obj
LOAD CMakeFiles/OpenLoopInverter.elf.dir/Drivers/STM32L4xx_HAL_Driver/Src/stm32l4xx_hal_dma_ex.c.obj
LOAD CMakeFiles/OpenLoopInverter.elf.dir/Drivers/STM32L4xx_HAL_Driver/Src/stm32l4xx_hal_exti.c.obj
LOAD CMakeFiles/OpenLoopInverter.elf.dir/Drivers/STM32L4xx_HAL_Driver/Src/stm32l4xx_hal_flash.c.obj
LOAD CMakeFiles/OpenLoopInverter.elf.dir/Drivers/STM32L4xx_HAL_Driver/Src/stm32l4xx_hal_flash_ex.c.obj
LOAD CMakeFiles/OpenLoopInverter.elf.dir/Drivers/STM32L4xx_HAL_Driver/Src/stm32l4xx_hal_flash_ramfunc.c.obj
LOAD CMakeFiles/OpenLoopInverter.elf.dir/Drivers/STM32L4xx_HAL_Driver/Src/stm32l4xx_hal_gpio.c.obj
LOAD CMakeFiles/OpenLoopInverter.elf.dir/Drivers/STM32L4xx_HAL_Driver/Src/stm32l4xx_hal_pwr.c.obj
LOAD CMakeFiles/OpenLoopInverter.elf.dir/Drivers/STM32L4xx_HAL_Driver/Src/stm32l4xx_hal_pwr_ex.c.obj
LOAD CMakeFiles/OpenLoopInverter.elf.dir/Drivers/STM32L4xx_HAL_Driver/Src/stm32l4xx_hal_rcc.c.obj
LOAD CMakeFiles/OpenLoopInverter.elf.dir/Drivers/STM32L4xx_HAL_Driver/Src/stm32l4xx_hal_rcc_ex.c.obj
LOAD CMakeFiles/OpenLoopInverter.elf.dir/Drivers/STM32L4xx_HAL_Driver/Src/stm32l4xx_hal_spi.c.obj
LOAD CMakeFiles/OpenLoopInverter.elf.dir/Drivers/STM32L4xx_HAL_Driver/Src/stm32l4xx_hal_spi_ex.c.obj
LOAD CMakeFiles/OpenLoopInverter.elf.dir/Drivers/STM32L4xx_HAL_Driver/Src/stm32l4xx_hal_tim.c.obj
LOAD CMakeFiles/OpenLoopInverter.elf.dir/Drivers/STM32L4xx_HAL_Driver/Src/stm32l4xx_hal_tim_ex.c.obj
LOAD CMakeFiles/OpenLoopInverter.elf.dir/Drivers/STM32L4xx_HAL_Driver/Src/stm32l4xx_hal_uart.c.obj
LOAD CMakeFiles/OpenLoopInverter.elf.dir/Drivers/STM32L4xx_HAL_Driver/Src/stm32l4xx_hal_uart_ex.c.obj
START GROUP
LOAD /usr/lib/gcc/arm-none-eabi/12.2.0/thumb/v7e-m/nofp/libgcc.a
LOAD /usr/lib/gcc/arm-none-eabi/12.2.0/../../../../arm-none-eabi/lib/thumb/v7e-m/nofp/libg.a
LOAD /usr/lib/gcc/arm-none-eabi/12.2.0/../../../../arm-none-eabi/lib/thumb/v7e-m/nofp/libc.a
END GROUP
LOAD /usr/lib/gcc/arm-none-eabi/12.2.0/thumb/v7e-m/nofp/crtend.o
LOAD /usr/lib/gcc/arm-none-eabi/12.2.0/thumb/v7e-m/nofp/crtn.o
                0x0000000020010000                _estack = (ORIGIN (RAM) + LENGTH (RAM))
                0x0000000000000200                _Min_Heap_Size = 0x200
                0x0000000000000400                _Min_Stack_Size = 0x400

.isr_vector     0x0000000008000000      0x18c
                0x0000000008000000                . = ALIGN (0x4)
 *(.isr_vector)
 .isr_vector    0x0000000008000000      0x18c CMakeFiles/OpenLoopInverter.elf.dir/Core/Startup/startup_stm32l432kcux.s.obj
                0x0000000008000000                g_pfnVectors
                0x000000000800018c                . = ALIGN (0x4)

.text           0x00000000080001c0     0xb400
                0x00000000080001c0                . = ALIGN (0x4)
 *(.text)
 .text          0x00000000080001c0      0x378 /usr/lib/gcc/arm-none-eabi/12.2.0/thumb/v7e-m/nofp/libgcc.a(_arm_addsubdf3.o)
                0x00000000080001c0                __aeabi_drsub
                0x00000000080001c8                __aeabi_dsub
                0x00000000080001c8                __subdf3
                0x00000000080001cc                __adddf3
                0x00000000080001cc                __aeabi_dadd
                0x0000000008000444                __aeabi_ui2d
                0x0000000008000444                __floatunsidf
                0x0000000008000464                __floatsidf
                0x0000000008000464                __aeabi_i2d
                0x0000000008000488                __extendsfdf2
                0x0000000008000488                __aeabi_f2d
                0x00000000080004cc                __aeabi_ul2d
                0x00000000080004cc                __floatundidf
                0x00000000080004dc                __floatdidf
                0x00000000080004dc                __aeabi_l2d
 .text          0x0000000008000538      0x424 /usr/lib/gcc/arm-none-eabi/12.2.0/thumb/v7e-m/nofp/libgcc.a(_arm_muldivdf3.o)
                0x0000000008000538                __aeabi_dmul
                0x0000000008000538                __muldf3
                0x000000000800078c                __aeabi_ddiv
                0x000000000800078c                __divdf3
 .text          0x000000000800095c       0x40 /usr/lib/gcc/arm-none-eabi/12.2.0/thumb/v7e-m/nofp/libgcc.a(_arm_fixunsdfsi.o)
                0x000000000800095c                __fixunsdfsi
                0x000000000800095c                __aeabi_d2uiz
 .text          0x000000000800099c       0x30 /usr/lib/gcc/arm-none-eabi/12.2.0/thumb/v7e-m/nofp/libgcc.a(_aeabi_uldivmod.o)
                0x000000000800099c                __aeabi_uldivmod
 .text          0x00000000080009cc        0x4 /usr/lib/gcc/arm-none-eabi/12.2.0/thumb/v7e-m/nofp/libgcc.a(_dvmd_tls.o)
                0x00000000080009cc                __aeabi_ldiv0
                0x00000000080009cc                __aeabi_idiv0
 .text          0x00000000080009d0       0xa0 /usr/lib/gcc/arm-none-eabi/12.2.0/../../../../arm-none-eabi/lib/thumb/v7e-m/nofp/libg.a(libc_a-memchr.o)
                0x00000000080009d0                memchr
 .text          0x0000000008000a70      0x134 /usr/lib/gcc/arm-none-eabi/12.2.0/../../../../arm-none-eabi/lib/thumb/v7e-m/nofp/libg.a(libc_a-memcpy.o)
                0x0000000008000a70                memcpy
 *fill*         0x0000000008000ba4       0x1c 
 .text          0x0000000008000bc0       0xd8 /usr/lib/gcc/arm-none-eabi/12.2.0/../../../../arm-none-eabi/lib/thumb/v7e-m/nofp/libg.a(libc_a-strlen.o)
                0x0000000008000bc0                strlen
 .text          0x0000000008000c98      0x110 /usr/lib/gcc/arm-none-eabi/12.2.0/thumb/v7e-m/nofp/libgcc.a(_arm_cmpdf2.o)
                0x0000000008000c98                __gtdf2
                0x0000000008000c98                __gedf2
                0x0000000008000ca0                __ltdf2
                0x0000000008000ca0                __ledf2
                0x0000000008000ca8                __cmpdf2
                0x0000000008000ca8                __eqdf2
                0x0000000008000ca8                __nedf2
                0x0000000008000d24                __aeabi_cdrcmple
                0x0000000008000d34                __aeabi_cdcmple
                0x0000000008000d34                __aeabi_cdcmpeq
                0x0000000008000d44                __aeabi_dcmpeq
                0x0000000008000d58                __aeabi_dcmplt
                0x0000000008000d6c                __aeabi_dcmple
                0x0000000008000d80                __aeabi_dcmpge
                0x0000000008000d94                __aeabi_dcmpgt
 .text          0x0000000008000da8       0x2c /usr/lib/gcc/arm-none-eabi/12.2.0/thumb/v7e-m/nofp/libgcc.a(_arm_unorddf2.o)
                0x0000000008000da8                __aeabi_dcmpun
                0x0000000008000da8                __unorddf2
 .text          0x0000000008000dd4       0x50 /usr/lib/gcc/arm-none-eabi/12.2.0/thumb/v7e-m/nofp/libgcc.a(_arm_fixdfsi.o)
                0x0000000008000dd4                __fixdfsi
                0x0000000008000dd4                __aeabi_d2iz
 *(.text*)
 .text.__do_global_dtors_aux
                0x0000000008000e24       0x24 /usr/lib/gcc/arm-none-eabi/12.2.0/thumb/v7e-m/nofp/crtbegin.o
 .text.frame_dummy
                0x0000000008000e48       0x1c /usr/lib/gcc/arm-none-eabi/12.2.0/thumb/v7e-m/nofp/crtbegin.o
 .text.inv_init
                0x0000000008000e64       0x40 CMakeFiles/OpenLoopInverter.elf.dir/Core/Src/inverter.c.obj
                0x0000000008000e64                inv_init
 .text.set_pulses
                0x0000000008000ea4       0x9c CMakeFiles/OpenLoopInverter.elf.dir/Core/Src/inverter.c.obj
                0x0000000008000ea4                set_pulses
 .text.inv_set_power
                0x0000000008000f40       0x26 CMakeFiles/OpenLoopInverter.elf.dir/Core/Src/inverter.c.obj
                0x0000000008000f40                inv_set_power
 *fill*         0x0000000008000f66        0x2 
 .text.inv_voltage_vector_apply
                0x0000000008000f68       0x98 CMakeFiles/OpenLoopInverter.elf.dir/Core/Src/inverter.c.obj
                0x0000000008000f68                inv_voltage_vector_apply
 .text.MX_GPIO_Init
                0x0000000008001000       0x60 CMakeFiles/OpenLoopInverter.elf.dir/Core/Src/main.c.obj
 .text.__io_putchar
                0x0000000008001060       0x20 CMakeFiles/OpenLoopInverter.elf.dir/Core/Src/main.c.obj
                0x0000000008001060                __io_putchar
 .text.HAL_TIM_PeriodElapsedCallback
                0x0000000008001080       0xc8 CMakeFiles/OpenLoopInverter.elf.dir/Core/Src/main.c.obj
                0x0000000008001080                HAL_TIM_PeriodElapsedCallback
 .text.Error_Handler
                0x0000000008001148        0x4 CMakeFiles/OpenLoopInverter.elf.dir/Core/Src/main.c.obj
                0x0000000008001148                Error_Handler
 .text.MX_TIM1_Init
                0x000000000800114c       0xf4 CMakeFiles/OpenLoopInverter.elf.dir/Core/Src/main.c.obj
 .text.MX_SPI3_Init
                0x0000000008001240       0x4c CMakeFiles/OpenLoopInverter.elf.dir/Core/Src/main.c.obj
 .text.MX_USART2_UART_Init
                0x000000000800128c       0x38 CMakeFiles/OpenLoopInverter.elf.dir/Core/Src/main.c.obj
 .text.MX_TIM6_Init
                0x00000000080012c4       0x4c CMakeFiles/OpenLoopInverter.elf.dir/Core/Src/main.c.obj
 .text.SystemClock_Config
                0x0000000008001310       0x7a CMakeFiles/OpenLoopInverter.elf.dir/Core/Src/main.c.obj
                0x0000000008001310                SystemClock_Config
 *fill*         0x000000000800138a        0x2 
 .text.main     0x000000000800138c       0xa8 CMakeFiles/OpenLoopInverter.elf.dir/Core/Src/main.c.obj
                0x000000000800138c                main
 .text.HAL_MspInit
                0x0000000008001434       0x30 CMakeFiles/OpenLoopInverter.elf.dir/Core/Src/stm32l4xx_hal_msp.c.obj
                0x0000000008001434                HAL_MspInit
 .text.HAL_SPI_MspInit
                0x0000000008001464       0x68 CMakeFiles/OpenLoopInverter.elf.dir/Core/Src/stm32l4xx_hal_msp.c.obj
                0x0000000008001464                HAL_SPI_MspInit
 .text.HAL_TIM_PWM_MspInit
                0x00000000080014cc       0x2c CMakeFiles/OpenLoopInverter.elf.dir/Core/Src/stm32l4xx_hal_msp.c.obj
                0x00000000080014cc                HAL_TIM_PWM_MspInit
 .text.HAL_TIM_Base_MspInit
                0x00000000080014f8       0x40 CMakeFiles/OpenLoopInverter.elf.dir/Core/Src/stm32l4xx_hal_msp.c.obj
                0x00000000080014f8                HAL_TIM_Base_MspInit
 .text.HAL_TIM_MspPostInit
                0x0000000008001538       0x7c CMakeFiles/OpenLoopInverter.elf.dir/Core/Src/stm32l4xx_hal_msp.c.obj
                0x0000000008001538                HAL_TIM_MspPostInit
 .text.HAL_UART_MspInit
                0x00000000080015b4       0xa0 CMakeFiles/OpenLoopInverter.elf.dir/Core/Src/stm32l4xx_hal_msp.c.obj
                0x00000000080015b4                HAL_UART_MspInit
 .text.NMI_Handler
                0x0000000008001654        0x2 CMakeFiles/OpenLoopInverter.elf.dir/Core/Src/stm32l4xx_it.c.obj
                0x0000000008001654                NMI_Handler
 .text.HardFault_Handler
                0x0000000008001656        0x2 CMakeFiles/OpenLoopInverter.elf.dir/Core/Src/stm32l4xx_it.c.obj
                0x0000000008001656                HardFault_Handler
 .text.MemManage_Handler
                0x0000000008001658        0x2 CMakeFiles/OpenLoopInverter.elf.dir/Core/Src/stm32l4xx_it.c.obj
                0x0000000008001658                MemManage_Handler
 .text.BusFault_Handler
                0x000000000800165a        0x2 CMakeFiles/OpenLoopInverter.elf.dir/Core/Src/stm32l4xx_it.c.obj
                0x000000000800165a                BusFault_Handler
 .text.UsageFault_Handler
                0x000000000800165c        0x2 CMakeFiles/OpenLoopInverter.elf.dir/Core/Src/stm32l4xx_it.c.obj
                0x000000000800165c                UsageFault_Handler
 .text.SVC_Handler
                0x000000000800165e        0x2 CMakeFiles/OpenLoopInverter.elf.dir/Core/Src/stm32l4xx_it.c.obj
                0x000000000800165e                SVC_Handler
 .text.DebugMon_Handler
                0x0000000008001660        0x2 CMakeFiles/OpenLoopInverter.elf.dir/Core/Src/stm32l4xx_it.c.obj
                0x0000000008001660                DebugMon_Handler
 .text.PendSV_Handler
                0x0000000008001662        0x2 CMakeFiles/OpenLoopInverter.elf.dir/Core/Src/stm32l4xx_it.c.obj
                0x0000000008001662                PendSV_Handler
 .text.SysTick_Handler
                0x0000000008001664        0x8 CMakeFiles/OpenLoopInverter.elf.dir/Core/Src/stm32l4xx_it.c.obj
                0x0000000008001664                SysTick_Handler
 .text.TIM6_DAC_IRQHandler
                0x000000000800166c       0x10 CMakeFiles/OpenLoopInverter.elf.dir/Core/Src/stm32l4xx_it.c.obj
                0x000000000800166c                TIM6_DAC_IRQHandler
 .text._getpid  0x000000000800167c        0x4 CMakeFiles/OpenLoopInverter.elf.dir/Core/Src/syscalls.c.obj
                0x000000000800167c                _getpid
 .text._kill    0x0000000008001680       0x10 CMakeFiles/OpenLoopInverter.elf.dir/Core/Src/syscalls.c.obj
                0x0000000008001680                _kill
 .text._exit    0x0000000008001690        0xc CMakeFiles/OpenLoopInverter.elf.dir/Core/Src/syscalls.c.obj
                0x0000000008001690                _exit
 .text._read    0x000000000800169c       0x20 CMakeFiles/OpenLoopInverter.elf.dir/Core/Src/syscalls.c.obj
                0x000000000800169c                _read
 .text._write   0x00000000080016bc       0x1c CMakeFiles/OpenLoopInverter.elf.dir/Core/Src/syscalls.c.obj
                0x00000000080016bc                _write
 .text._close   0x00000000080016d8        0x6 CMakeFiles/OpenLoopInverter.elf.dir/Core/Src/syscalls.c.obj
                0x00000000080016d8                _close
 .text._fstat   0x00000000080016de        0xa CMakeFiles/OpenLoopInverter.elf.dir/Core/Src/syscalls.c.obj
                0x00000000080016de                _fstat
 .text._isatty  0x00000000080016e8        0x4 CMakeFiles/OpenLoopInverter.elf.dir/Core/Src/syscalls.c.obj
                0x00000000080016e8                _isatty
 .text._lseek   0x00000000080016ec        0x4 CMakeFiles/OpenLoopInverter.elf.dir/Core/Src/syscalls.c.obj
                0x00000000080016ec                _lseek
 .text._sbrk    0x00000000080016f0       0x48 CMakeFiles/OpenLoopInverter.elf.dir/Core/Src/sysmem.c.obj
                0x00000000080016f0                _sbrk
 .text.SystemInit
                0x0000000008001738        0x2 CMakeFiles/OpenLoopInverter.elf.dir/Core/Src/system_stm32l4xx.c.obj
                0x0000000008001738                SystemInit
 *fill*         0x000000000800173a        0x2 
 .text.Reset_Handler
                0x000000000800173c       0x50 CMakeFiles/OpenLoopInverter.elf.dir/Core/Startup/startup_stm32l432kcux.s.obj
                0x000000000800173c                Reset_Handler
 .text.Default_Handler
                0x000000000800178c        0x2 CMakeFiles/OpenLoopInverter.elf.dir/Core/Startup/startup_stm32l432kcux.s.obj
                0x000000000800178c                RTC_Alarm_IRQHandler
                0x000000000800178c                EXTI2_IRQHandler
                0x000000000800178c                TIM1_CC_IRQHandler
                0x000000000800178c                TSC_IRQHandler
                0x000000000800178c                TAMP_STAMP_IRQHandler
                0x000000000800178c                EXTI3_IRQHandler
                0x000000000800178c                LPTIM2_IRQHandler
                0x000000000800178c                I2C3_ER_IRQHandler
                0x000000000800178c                EXTI0_IRQHandler
                0x000000000800178c                CAN1_RX0_IRQHandler
                0x000000000800178c                FPU_IRQHandler
                0x000000000800178c                TIM1_UP_TIM16_IRQHandler
                0x000000000800178c                SPI1_IRQHandler
                0x000000000800178c                DMA2_Channel2_IRQHandler
                0x000000000800178c                DMA1_Channel4_IRQHandler
                0x000000000800178c                ADC1_IRQHandler
                0x000000000800178c                DMA1_Channel7_IRQHandler
                0x000000000800178c                CAN1_RX1_IRQHandler
                0x000000000800178c                DMA2_Channel1_IRQHandler
                0x000000000800178c                QUADSPI_IRQHandler
                0x000000000800178c                I2C1_EV_IRQHandler
                0x000000000800178c                DMA1_Channel6_IRQHandler
                0x000000000800178c                DMA2_Channel4_IRQHandler
                0x000000000800178c                RCC_IRQHandler
                0x000000000800178c                TIM1_TRG_COM_IRQHandler
                0x000000000800178c                DMA1_Channel1_IRQHandler
                0x000000000800178c                Default_Handler
                0x000000000800178c                DMA2_Channel7_IRQHandler
                0x000000000800178c                EXTI15_10_IRQHandler
                0x000000000800178c                TIM7_IRQHandler
                0x000000000800178c                I2C3_EV_IRQHandler
                0x000000000800178c                USB_IRQHandler
                0x000000000800178c                EXTI9_5_IRQHandler
                0x000000000800178c                RTC_WKUP_IRQHandler
                0x000000000800178c                PVD_PVM_IRQHandler
                0x000000000800178c                CAN1_TX_IRQHandler
                0x000000000800178c                DMA2_Channel5_IRQHandler
                0x000000000800178c                CRS_IRQHandler
                0x000000000800178c                DMA1_Channel5_IRQHandler
                0x000000000800178c                EXTI4_IRQHandler
                0x000000000800178c                RNG_IRQHandler
                0x000000000800178c                DMA1_Channel3_IRQHandler
                0x000000000800178c                COMP_IRQHandler
                0x000000000800178c                WWDG_IRQHandler
                0x000000000800178c                LPUART1_IRQHandler
                0x000000000800178c                DMA2_Channel6_IRQHandler
                0x000000000800178c                TIM2_IRQHandler
                0x000000000800178c                EXTI1_IRQHandler
                0x000000000800178c                USART2_IRQHandler
                0x000000000800178c                DMA1_Channel2_IRQHandler
                0x000000000800178c                CAN1_SCE_IRQHandler
                0x000000000800178c                FLASH_IRQHandler
                0x000000000800178c                USART1_IRQHandler
                0x000000000800178c                SPI3_IRQHandler
                0x000000000800178c                I2C1_ER_IRQHandler
                0x000000000800178c                SWPMI1_IRQHandler
                0x000000000800178c                LPTIM1_IRQHandler
                0x000000000800178c                SAI1_IRQHandler
                0x000000000800178c                DMA2_Channel3_IRQHandler
                0x000000000800178c                TIM1_BRK_TIM15_IRQHandler
 *fill*         0x000000000800178e        0x2 
 .text.HAL_InitTick
                0x0000000008001790       0x50 CMakeFiles/OpenLoopInverter.elf.dir/Drivers/STM32L4xx_HAL_Driver/Src/stm32l4xx_hal.c.obj
                0x0000000008001790                HAL_InitTick
 .text.HAL_Init
                0x00000000080017e0       0x1e CMakeFiles/OpenLoopInverter.elf.dir/Drivers/STM32L4xx_HAL_Driver/Src/stm32l4xx_hal.c.obj
                0x00000000080017e0                HAL_Init
 *fill*         0x00000000080017fe        0x2 
 .text.HAL_IncTick
                0x0000000008001800       0x18 CMakeFiles/OpenLoopInverter.elf.dir/Drivers/STM32L4xx_HAL_Driver/Src/stm32l4xx_hal.c.obj
                0x0000000008001800                HAL_IncTick
 .text.HAL_GetTick
                0x0000000008001818        0xc CMakeFiles/OpenLoopInverter.elf.dir/Drivers/STM32L4xx_HAL_Driver/Src/stm32l4xx_hal.c.obj
                0x0000000008001818                HAL_GetTick
 .text.HAL_Delay
                0x0000000008001824       0x28 CMakeFiles/OpenLoopInverter.elf.dir/Drivers/STM32L4xx_HAL_Driver/Src/stm32l4xx_hal.c.obj
                0x0000000008001824                HAL_Delay
 .text.__NVIC_EnableIRQ
                0x000000000800184c       0x1c CMakeFiles/OpenLoopInverter.elf.dir/Drivers/STM32L4xx_HAL_Driver/Src/stm32l4xx_hal_cortex.c.obj
 .text.__NVIC_SetPriority
                0x0000000008001868       0x28 CMakeFiles/OpenLoopInverter.elf.dir/Drivers/STM32L4xx_HAL_Driver/Src/stm32l4xx_hal_cortex.c.obj
 .text.NVIC_EncodePriority
                0x0000000008001890       0x3e CMakeFiles/OpenLoopInverter.elf.dir/Drivers/STM32L4xx_HAL_Driver/Src/stm32l4xx_hal_cortex.c.obj
 *fill*         0x00000000080018ce        0x2 
 .text.HAL_NVIC_SetPriorityGrouping
                0x00000000080018d0       0x24 CMakeFiles/OpenLoopInverter.elf.dir/Drivers/STM32L4xx_HAL_Driver/Src/stm32l4xx_hal_cortex.c.obj
                0x00000000080018d0                HAL_NVIC_SetPriorityGrouping
 .text.HAL_NVIC_SetPriority
                0x00000000080018f4       0x20 CMakeFiles/OpenLoopInverter.elf.dir/Drivers/STM32L4xx_HAL_Driver/Src/stm32l4xx_hal_cortex.c.obj
                0x00000000080018f4                HAL_NVIC_SetPriority
 .text.HAL_NVIC_EnableIRQ
                0x0000000008001914        0x8 CMakeFiles/OpenLoopInverter.elf.dir/Drivers/STM32L4xx_HAL_Driver/Src/stm32l4xx_hal_cortex.c.obj
                0x0000000008001914                HAL_NVIC_EnableIRQ
 .text.HAL_SYSTICK_Config
                0x000000000800191c       0x28 CMakeFiles/OpenLoopInverter.elf.dir/Drivers/STM32L4xx_HAL_Driver/Src/stm32l4xx_hal_cortex.c.obj
                0x000000000800191c                HAL_SYSTICK_Config
 .text.HAL_GPIO_Init
                0x0000000008001944      0x1b8 CMakeFiles/OpenLoopInverter.elf.dir/Drivers/STM32L4xx_HAL_Driver/Src/stm32l4xx_hal_gpio.c.obj
                0x0000000008001944                HAL_GPIO_Init
 .text.HAL_GPIO_WritePin
                0x0000000008001afc        0xa CMakeFiles/OpenLoopInverter.elf.dir/Drivers/STM32L4xx_HAL_Driver/Src/stm32l4xx_hal_gpio.c.obj
                0x0000000008001afc                HAL_GPIO_WritePin
 *fill*         0x0000000008001b06        0x2 
 .text.HAL_PWREx_GetVoltageRange
                0x0000000008001b08       0x10 CMakeFiles/OpenLoopInverter.elf.dir/Drivers/STM32L4xx_HAL_Driver/Src/stm32l4xx_hal_pwr_ex.c.obj
                0x0000000008001b08                HAL_PWREx_GetVoltageRange
 .text.HAL_PWREx_ControlVoltageScaling
                0x0000000008001b18       0x90 CMakeFiles/OpenLoopInverter.elf.dir/Drivers/STM32L4xx_HAL_Driver/Src/stm32l4xx_hal_pwr_ex.c.obj
                0x0000000008001b18                HAL_PWREx_ControlVoltageScaling
 .text.RCC_SetFlashLatencyFromMSIRange
                0x0000000008001ba8       0x90 CMakeFiles/OpenLoopInverter.elf.dir/Drivers/STM32L4xx_HAL_Driver/Src/stm32l4xx_hal_rcc.c.obj
 .text.HAL_RCC_GetSysClockFreq
                0x0000000008001c38       0xb4 CMakeFiles/OpenLoopInverter.elf.dir/Drivers/STM32L4xx_HAL_Driver/Src/stm32l4xx_hal_rcc.c.obj
                0x0000000008001c38                HAL_RCC_GetSysClockFreq
 .text.HAL_RCC_OscConfig
                0x0000000008001cec      0x66c CMakeFiles/OpenLoopInverter.elf.dir/Drivers/STM32L4xx_HAL_Driver/Src/stm32l4xx_hal_rcc.c.obj
                0x0000000008001cec                HAL_RCC_OscConfig
 .text.HAL_RCC_ClockConfig
                0x0000000008002358      0x188 CMakeFiles/OpenLoopInverter.elf.dir/Drivers/STM32L4xx_HAL_Driver/Src/stm32l4xx_hal_rcc.c.obj
                0x0000000008002358                HAL_RCC_ClockConfig
 .text.HAL_RCC_GetHCLKFreq
                0x00000000080024e0        0xc CMakeFiles/OpenLoopInverter.elf.dir/Drivers/STM32L4xx_HAL_Driver/Src/stm32l4xx_hal_rcc.c.obj
                0x00000000080024e0                HAL_RCC_GetHCLKFreq
 .text.HAL_RCC_GetPCLK1Freq
                0x00000000080024ec       0x24 CMakeFiles/OpenLoopInverter.elf.dir/Drivers/STM32L4xx_HAL_Driver/Src/stm32l4xx_hal_rcc.c.obj
                0x00000000080024ec                HAL_RCC_GetPCLK1Freq
 .text.HAL_RCC_GetPCLK2Freq
                0x0000000008002510       0x24 CMakeFiles/OpenLoopInverter.elf.dir/Drivers/STM32L4xx_HAL_Driver/Src/stm32l4xx_hal_rcc.c.obj
                0x0000000008002510                HAL_RCC_GetPCLK2Freq
 .text.RCCEx_PLLSAI1_Config
                0x0000000008002534      0x16c CMakeFiles/OpenLoopInverter.elf.dir/Drivers/STM32L4xx_HAL_Driver/Src/stm32l4xx_hal_rcc_ex.c.obj
 .text.HAL_RCCEx_PeriphCLKConfig
                0x00000000080026a0      0x2e8 CMakeFiles/OpenLoopInverter.elf.dir/Drivers/STM32L4xx_HAL_Driver/Src/stm32l4xx_hal_rcc_ex.c.obj
                0x00000000080026a0                HAL_RCCEx_PeriphCLKConfig
 .text.SPI_WaitFlagStateUntilTimeout
                0x0000000008002988       0xc8 CMakeFiles/OpenLoopInverter.elf.dir/Drivers/STM32L4xx_HAL_Driver/Src/stm32l4xx_hal_spi.c.obj
 .text.SPI_WaitFifoStateUntilTimeout
                0x0000000008002a50       0xf0 CMakeFiles/OpenLoopInverter.elf.dir/Drivers/STM32L4xx_HAL_Driver/Src/stm32l4xx_hal_spi.c.obj
 .text.SPI_EndRxTxTransaction
                0x0000000008002b40       0x62 CMakeFiles/OpenLoopInverter.elf.dir/Drivers/STM32L4xx_HAL_Driver/Src/stm32l4xx_hal_spi.c.obj
 .text.SPI_EndRxTransaction
                0x0000000008002ba2       0x82 CMakeFiles/OpenLoopInverter.elf.dir/Drivers/STM32L4xx_HAL_Driver/Src/stm32l4xx_hal_spi.c.obj
 .text.HAL_SPI_Init
                0x0000000008002c24       0xde CMakeFiles/OpenLoopInverter.elf.dir/Drivers/STM32L4xx_HAL_Driver/Src/stm32l4xx_hal_spi.c.obj
                0x0000000008002c24                HAL_SPI_Init
 .text.HAL_SPI_TransmitReceive
                0x0000000008002d02      0x2de CMakeFiles/OpenLoopInverter.elf.dir/Drivers/STM32L4xx_HAL_Driver/Src/stm32l4xx_hal_spi.c.obj
                0x0000000008002d02                HAL_SPI_TransmitReceive
 .text.HAL_SPI_Receive
                0x0000000008002fe0      0x1aa CMakeFiles/OpenLoopInverter.elf.dir/Drivers/STM32L4xx_HAL_Driver/Src/stm32l4xx_hal_spi.c.obj
                0x0000000008002fe0                HAL_SPI_Receive
 *fill*         0x000000000800318a        0x2 
 .text.TIM_OC1_SetConfig
                0x000000000800318c       0x7c CMakeFiles/OpenLoopInverter.elf.dir/Drivers/STM32L4xx_HAL_Driver/Src/stm32l4xx_hal_tim.c.obj
 .text.TIM_OC3_SetConfig
                0x0000000008003208       0x70 CMakeFiles/OpenLoopInverter.elf.dir/Drivers/STM32L4xx_HAL_Driver/Src/stm32l4xx_hal_tim.c.obj
 .text.TIM_OC4_SetConfig
                0x0000000008003278       0x5c CMakeFiles/OpenLoopInverter.elf.dir/Drivers/STM32L4xx_HAL_Driver/Src/stm32l4xx_hal_tim.c.obj
 .text.TIM_OC5_SetConfig
                0x00000000080032d4       0x58 CMakeFiles/OpenLoopInverter.elf.dir/Drivers/STM32L4xx_HAL_Driver/Src/stm32l4xx_hal_tim.c.obj
 .text.TIM_OC6_SetConfig
                0x000000000800332c       0x5c CMakeFiles/OpenLoopInverter.elf.dir/Drivers/STM32L4xx_HAL_Driver/Src/stm32l4xx_hal_tim.c.obj
 .text.HAL_TIM_Base_Start_IT
                0x0000000008003388       0x6c CMakeFiles/OpenLoopInverter.elf.dir/Drivers/STM32L4xx_HAL_Driver/Src/stm32l4xx_hal_tim.c.obj
                0x0000000008003388                HAL_TIM_Base_Start_IT
 .text.HAL_TIM_OC_DelayElapsedCallback
                0x00000000080033f4        0x2 CMakeFiles/OpenLoopInverter.elf.dir/Drivers/STM32L4xx_HAL_Driver/Src/stm32l4xx_hal_tim.c.obj
                0x00000000080033f4                HAL_TIM_OC_DelayElapsedCallback
 .text.HAL_TIM_IC_CaptureCallback
                0x00000000080033f6        0x2 CMakeFiles/OpenLoopInverter.elf.dir/Drivers/STM32L4xx_HAL_Driver/Src/stm32l4xx_hal_tim.c.obj
                0x00000000080033f6                HAL_TIM_IC_CaptureCallback
 .text.HAL_TIM_PWM_PulseFinishedCallback
                0x00000000080033f8        0x2 CMakeFiles/OpenLoopInverter.elf.dir/Drivers/STM32L4xx_HAL_Driver/Src/stm32l4xx_hal_tim.c.obj
                0x00000000080033f8                HAL_TIM_PWM_PulseFinishedCallback
 .text.HAL_TIM_TriggerCallback
                0x00000000080033fa        0x2 CMakeFiles/OpenLoopInverter.elf.dir/Drivers/STM32L4xx_HAL_Driver/Src/stm32l4xx_hal_tim.c.obj
                0x00000000080033fa                HAL_TIM_TriggerCallback
 .text.HAL_TIM_IRQHandler
                0x00000000080033fc      0x19a CMakeFiles/OpenLoopInverter.elf.dir/Drivers/STM32L4xx_HAL_Driver/Src/stm32l4xx_hal_tim.c.obj
                0x00000000080033fc                HAL_TIM_IRQHandler
 *fill*         0x0000000008003596        0x2 
 .text.TIM_Base_SetConfig
                0x0000000008003598       0x70 CMakeFiles/OpenLoopInverter.elf.dir/Drivers/STM32L4xx_HAL_Driver/Src/stm32l4xx_hal_tim.c.obj
                0x0000000008003598                TIM_Base_SetConfig
 .text.HAL_TIM_Base_Init
                0x0000000008003608       0x60 CMakeFiles/OpenLoopInverter.elf.dir/Drivers/STM32L4xx_HAL_Driver/Src/stm32l4xx_hal_tim.c.obj
                0x0000000008003608                HAL_TIM_Base_Init
 .text.HAL_TIM_PWM_Init
                0x0000000008003668       0x60 CMakeFiles/OpenLoopInverter.elf.dir/Drivers/STM32L4xx_HAL_Driver/Src/stm32l4xx_hal_tim.c.obj
                0x0000000008003668                HAL_TIM_PWM_Init
 .text.TIM_OC2_SetConfig
                0x00000000080036c8       0x74 CMakeFiles/OpenLoopInverter.elf.dir/Drivers/STM32L4xx_HAL_Driver/Src/stm32l4xx_hal_tim.c.obj
                0x00000000080036c8                TIM_OC2_SetConfig
 .text.HAL_TIM_PWM_ConfigChannel
                0x000000000800373c      0x13a CMakeFiles/OpenLoopInverter.elf.dir/Drivers/STM32L4xx_HAL_Driver/Src/stm32l4xx_hal_tim.c.obj
                0x000000000800373c                HAL_TIM_PWM_ConfigChannel
 .text.TIM_CCxChannelCmd
                0x0000000008003876       0x1e CMakeFiles/OpenLoopInverter.elf.dir/Drivers/STM32L4xx_HAL_Driver/Src/stm32l4xx_hal_tim.c.obj
                0x0000000008003876                TIM_CCxChannelCmd
 .text.HAL_TIM_PWM_Start
                0x0000000008003894      0x138 CMakeFiles/OpenLoopInverter.elf.dir/Drivers/STM32L4xx_HAL_Driver/Src/stm32l4xx_hal_tim.c.obj
                0x0000000008003894                HAL_TIM_PWM_Start
 .text.TIM_CCxNChannelCmd
                0x00000000080039cc       0x1e CMakeFiles/OpenLoopInverter.elf.dir/Drivers/STM32L4xx_HAL_Driver/Src/stm32l4xx_hal_tim_ex.c.obj
 *fill*         0x00000000080039ea        0x2 
 .text.HAL_TIMEx_PWMN_Start
                0x00000000080039ec       0xdc CMakeFiles/OpenLoopInverter.elf.dir/Drivers/STM32L4xx_HAL_Driver/Src/stm32l4xx_hal_tim_ex.c.obj
                0x00000000080039ec                HAL_TIMEx_PWMN_Start
 .text.HAL_TIMEx_MasterConfigSynchronization
                0x0000000008003ac8       0x70 CMakeFiles/OpenLoopInverter.elf.dir/Drivers/STM32L4xx_HAL_Driver/Src/stm32l4xx_hal_tim_ex.c.obj
                0x0000000008003ac8                HAL_TIMEx_MasterConfigSynchronization
 .text.HAL_TIMEx_ConfigBreakDeadTime
                0x0000000008003b38       0x88 CMakeFiles/OpenLoopInverter.elf.dir/Drivers/STM32L4xx_HAL_Driver/Src/stm32l4xx_hal_tim_ex.c.obj
                0x0000000008003b38                HAL_TIMEx_ConfigBreakDeadTime
 .text.HAL_TIMEx_CommutCallback
                0x0000000008003bc0        0x2 CMakeFiles/OpenLoopInverter.elf.dir/Drivers/STM32L4xx_HAL_Driver/Src/stm32l4xx_hal_tim_ex.c.obj
                0x0000000008003bc0                HAL_TIMEx_CommutCallback
 .text.HAL_TIMEx_BreakCallback
                0x0000000008003bc2        0x2 CMakeFiles/OpenLoopInverter.elf.dir/Drivers/STM32L4xx_HAL_Driver/Src/stm32l4xx_hal_tim_ex.c.obj
                0x0000000008003bc2                HAL_TIMEx_BreakCallback
 .text.HAL_TIMEx_Break2Callback
                0x0000000008003bc4        0x2 CMakeFiles/OpenLoopInverter.elf.dir/Drivers/STM32L4xx_HAL_Driver/Src/stm32l4xx_hal_tim_ex.c.obj
                0x0000000008003bc4                HAL_TIMEx_Break2Callback
 *fill*         0x0000000008003bc6        0x2 
 .text.UART_SetConfig
                0x0000000008003bc8      0x260 CMakeFiles/OpenLoopInverter.elf.dir/Drivers/STM32L4xx_HAL_Driver/Src/stm32l4xx_hal_uart.c.obj
                0x0000000008003bc8                UART_SetConfig
 .text.UART_AdvFeatureConfig
                0x0000000008003e28       0xca CMakeFiles/OpenLoopInverter.elf.dir/Drivers/STM32L4xx_HAL_Driver/Src/stm32l4xx_hal_uart.c.obj
                0x0000000008003e28                UART_AdvFeatureConfig
 .text.UART_WaitOnFlagUntilTimeout
                0x0000000008003ef2       0xd0 CMakeFiles/OpenLoopInverter.elf.dir/Drivers/STM32L4xx_HAL_Driver/Src/stm32l4xx_hal_uart.c.obj
                0x0000000008003ef2                UART_WaitOnFlagUntilTimeout
 .text.HAL_UART_Transmit
                0x0000000008003fc2       0xd8 CMakeFiles/OpenLoopInverter.elf.dir/Drivers/STM32L4xx_HAL_Driver/Src/stm32l4xx_hal_uart.c.obj
                0x0000000008003fc2                HAL_UART_Transmit
 .text.HAL_UART_Receive
                0x000000000800409a      0x124 CMakeFiles/OpenLoopInverter.elf.dir/Drivers/STM32L4xx_HAL_Driver/Src/stm32l4xx_hal_uart.c.obj
                0x000000000800409a                HAL_UART_Receive
 .text.UART_CheckIdleState
                0x00000000080041be       0x70 CMakeFiles/OpenLoopInverter.elf.dir/Drivers/STM32L4xx_HAL_Driver/Src/stm32l4xx_hal_uart.c.obj
                0x00000000080041be                UART_CheckIdleState
 .text.HAL_UART_Init
                0x000000000800422e       0x62 CMakeFiles/OpenLoopInverter.elf.dir/Drivers/STM32L4xx_HAL_Driver/Src/stm32l4xx_hal_uart.c.obj
                0x000000000800422e                HAL_UART_Init
 .text.__udivmoddi4
                0x0000000008004290      0x2a0 /usr/lib/gcc/arm-none-eabi/12.2.0/thumb/v7e-m/nofp/libgcc.a(_udivmoddi4.o)
                0x0000000008004290                __udivmoddi4
 .text.atexit   0x0000000008004530        0xc /usr/lib/gcc/arm-none-eabi/12.2.0/../../../../arm-none-eabi/lib/thumb/v7e-m/nofp/libg.a(libc_a-atexit.o)
                0x0000000008004530                atexit
 .text.stdio_exit_handler
                0x000000000800453c       0x18 /usr/lib/gcc/arm-none-eabi/12.2.0/../../../../arm-none-eabi/lib/thumb/v7e-m/nofp/libg.a(libc_a-findfp.o)
 .text.cleanup_stdio
                0x0000000008004554       0x40 /usr/lib/gcc/arm-none-eabi/12.2.0/../../../../arm-none-eabi/lib/thumb/v7e-m/nofp/libg.a(libc_a-findfp.o)
 .text.global_stdio_init.part.0
                0x0000000008004594       0xf0 /usr/lib/gcc/arm-none-eabi/12.2.0/../../../../arm-none-eabi/lib/thumb/v7e-m/nofp/libg.a(libc_a-findfp.o)
 .text.__sinit  0x0000000008004684       0x3c /usr/lib/gcc/arm-none-eabi/12.2.0/../../../../arm-none-eabi/lib/thumb/v7e-m/nofp/libg.a(libc_a-findfp.o)
                0x0000000008004684                __sinit
 .text.__sfp_lock_acquire
                0x00000000080046c0        0xc /usr/lib/gcc/arm-none-eabi/12.2.0/../../../../arm-none-eabi/lib/thumb/v7e-m/nofp/libg.a(libc_a-findfp.o)
                0x00000000080046c0                __sfp_lock_acquire
 .text.__sfp_lock_release
                0x00000000080046cc        0xc /usr/lib/gcc/arm-none-eabi/12.2.0/../../../../arm-none-eabi/lib/thumb/v7e-m/nofp/libg.a(libc_a-findfp.o)
                0x00000000080046cc                __sfp_lock_release
 .text._fwalk_sglue
                0x00000000080046d8       0x48 /usr/lib/gcc/arm-none-eabi/12.2.0/../../../../arm-none-eabi/lib/thumb/v7e-m/nofp/libg.a(libc_a-fwalk.o)
                0x00000000080046d8                _fwalk_sglue
 .text.printf   0x0000000008004720       0x28 /usr/lib/gcc/arm-none-eabi/12.2.0/../../../../arm-none-eabi/lib/thumb/v7e-m/nofp/libg.a(libc_a-printf.o)
                0x0000000008004720                printf
 .text.__sread  0x0000000008004748       0x24 /usr/lib/gcc/arm-none-eabi/12.2.0/../../../../arm-none-eabi/lib/thumb/v7e-m/nofp/libg.a(libc_a-stdio.o)
                0x0000000008004748                __sread
 .text.__swrite
                0x000000000800476c       0x40 /usr/lib/gcc/arm-none-eabi/12.2.0/../../../../arm-none-eabi/lib/thumb/v7e-m/nofp/libg.a(libc_a-stdio.o)
                0x000000000800476c                __swrite
 .text.__sseek  0x00000000080047ac       0x24 /usr/lib/gcc/arm-none-eabi/12.2.0/../../../../arm-none-eabi/lib/thumb/v7e-m/nofp/libg.a(libc_a-stdio.o)
                0x00000000080047ac                __sseek
 .text.__sclose
                0x00000000080047d0        0x8 /usr/lib/gcc/arm-none-eabi/12.2.0/../../../../arm-none-eabi/lib/thumb/v7e-m/nofp/libg.a(libc_a-stdio.o)
                0x00000000080047d0                __sclose
 .text.memset   0x00000000080047d8       0xa4 /usr/lib/gcc/arm-none-eabi/12.2.0/../../../../arm-none-eabi/lib/thumb/v7e-m/nofp/libg.a(libc_a-memset.o)
                0x00000000080047d8                memset
 .text._close_r
                0x000000000800487c       0x24 /usr/lib/gcc/arm-none-eabi/12.2.0/../../../../arm-none-eabi/lib/thumb/v7e-m/nofp/libg.a(libc_a-closer.o)
                0x000000000800487c                _close_r
 .text._lseek_r
                0x00000000080048a0       0x2c /usr/lib/gcc/arm-none-eabi/12.2.0/../../../../arm-none-eabi/lib/thumb/v7e-m/nofp/libg.a(libc_a-lseekr.o)
                0x00000000080048a0                _lseek_r
 .text._read_r  0x00000000080048cc       0x2c /usr/lib/gcc/arm-none-eabi/12.2.0/../../../../arm-none-eabi/lib/thumb/v7e-m/nofp/libg.a(libc_a-readr.o)
                0x00000000080048cc                _read_r
 .text._write_r
                0x00000000080048f8       0x2c /usr/lib/gcc/arm-none-eabi/12.2.0/../../../../arm-none-eabi/lib/thumb/v7e-m/nofp/libg.a(libc_a-writer.o)
                0x00000000080048f8                _write_r
 .text.__errno  0x0000000008004924        0xc /usr/lib/gcc/arm-none-eabi/12.2.0/../../../../arm-none-eabi/lib/thumb/v7e-m/nofp/libg.a(libc_a-errno.o)
                0x0000000008004924                __errno
 .text.__libc_init_array
                0x0000000008004930       0x50 /usr/lib/gcc/arm-none-eabi/12.2.0/../../../../arm-none-eabi/lib/thumb/v7e-m/nofp/libg.a(libc_a-init.o)
                0x0000000008004930                __libc_init_array
 .text.__libc_fini_array
                0x0000000008004980       0x28 /usr/lib/gcc/arm-none-eabi/12.2.0/../../../../arm-none-eabi/lib/thumb/v7e-m/nofp/libg.a(libc_a-fini.o)
                0x0000000008004980                __libc_fini_array
 .text.__retarget_lock_init_recursive
                0x00000000080049a8        0x4 /usr/lib/gcc/arm-none-eabi/12.2.0/../../../../arm-none-eabi/lib/thumb/v7e-m/nofp/libg.a(libc_a-lock.o)
                0x00000000080049a8                __retarget_lock_init_recursive
 .text.__retarget_lock_close_recursive
                0x00000000080049ac        0x4 /usr/lib/gcc/arm-none-eabi/12.2.0/../../../../arm-none-eabi/lib/thumb/v7e-m/nofp/libg.a(libc_a-lock.o)
                0x00000000080049ac                __retarget_lock_close_recursive
 .text.__retarget_lock_acquire_recursive
                0x00000000080049b0        0x4 /usr/lib/gcc/arm-none-eabi/12.2.0/../../../../arm-none-eabi/lib/thumb/v7e-m/nofp/libg.a(libc_a-lock.o)
                0x00000000080049b0                __retarget_lock_acquire_recursive
 .text.__retarget_lock_release_recursive
                0x00000000080049b4        0x4 /usr/lib/gcc/arm-none-eabi/12.2.0/../../../../arm-none-eabi/lib/thumb/v7e-m/nofp/libg.a(libc_a-lock.o)
                0x00000000080049b4                __retarget_lock_release_recursive
 .text.__register_exitproc
                0x00000000080049b8       0x80 /usr/lib/gcc/arm-none-eabi/12.2.0/../../../../arm-none-eabi/lib/thumb/v7e-m/nofp/libg.a(libc_a-__atexit.o)
                0x00000000080049b8                __register_exitproc
 .text.startup.register_fini
                0x0000000008004a38       0x14 /usr/lib/gcc/arm-none-eabi/12.2.0/../../../../arm-none-eabi/lib/thumb/v7e-m/nofp/libg.a(libc_a-__call_atexit.o)
 .text._malloc_trim_r
                0x0000000008004a4c       0xb8 /usr/lib/gcc/arm-none-eabi/12.2.0/../../../../arm-none-eabi/lib/thumb/v7e-m/nofp/libg.a(libc_a-freer.o)
                0x0000000008004a4c                _malloc_trim_r
 .text._free_r  0x0000000008004b04      0x1fc /usr/lib/gcc/arm-none-eabi/12.2.0/../../../../arm-none-eabi/lib/thumb/v7e-m/nofp/libg.a(libc_a-freer.o)
                0x0000000008004b04                _free_r
 .text._malloc_r
                0x0000000008004d00      0x56c /usr/lib/gcc/arm-none-eabi/12.2.0/../../../../arm-none-eabi/lib/thumb/v7e-m/nofp/libg.a(libc_a-mallocr.o)
                0x0000000008004d00                _malloc_r
 .text.__malloc_lock
                0x000000000800526c        0xc /usr/lib/gcc/arm-none-eabi/12.2.0/../../../../arm-none-eabi/lib/thumb/v7e-m/nofp/libg.a(libc_a-mlock.o)
                0x000000000800526c                __malloc_lock
 .text.__malloc_unlock
                0x0000000008005278        0xc /usr/lib/gcc/arm-none-eabi/12.2.0/../../../../arm-none-eabi/lib/thumb/v7e-m/nofp/libg.a(libc_a-mlock.o)
                0x0000000008005278                __malloc_unlock
 .text._vfprintf_r
                0x0000000008005284     0x1ab4 /usr/lib/gcc/arm-none-eabi/12.2.0/../../../../arm-none-eabi/lib/thumb/v7e-m/nofp/libg.a(libc_a-vfprintf.o)
                0x0000000008005284                _vfprintf_r
 .text.__sbprintf
                0x0000000008006d38       0x80 /usr/lib/gcc/arm-none-eabi/12.2.0/../../../../arm-none-eabi/lib/thumb/v7e-m/nofp/libg.a(libc_a-vfprintf.o)
 .text.__sprint_r.part.0
                0x0000000008006db8       0x78 /usr/lib/gcc/arm-none-eabi/12.2.0/../../../../arm-none-eabi/lib/thumb/v7e-m/nofp/libg.a(libc_a-vfiprintf.o)
 .text.__sprint_r
                0x0000000008006e30       0x14 /usr/lib/gcc/arm-none-eabi/12.2.0/../../../../arm-none-eabi/lib/thumb/v7e-m/nofp/libg.a(libc_a-vfiprintf.o)
                0x0000000008006e30                __sprint_r
 .text._vfiprintf_r
                0x0000000008006e44      0xd4c /usr/lib/gcc/arm-none-eabi/12.2.0/../../../../arm-none-eabi/lib/thumb/v7e-m/nofp/libg.a(libc_a-vfiprintf.o)
                0x0000000008006e44                _vfiprintf_r
 .text.__sbprintf
                0x0000000008007b90       0x80 /usr/lib/gcc/arm-none-eabi/12.2.0/../../../../arm-none-eabi/lib/thumb/v7e-m/nofp/libg.a(libc_a-vfiprintf.o)
 .text._fclose_r
                0x0000000008007c10       0xc0 /usr/lib/gcc/arm-none-eabi/12.2.0/../../../../arm-none-eabi/lib/thumb/v7e-m/nofp/libg.a(libc_a-fclose.o)
                0x0000000008007c10                _fclose_r
 .text.__sflush_r
                0x0000000008007cd0      0x128 /usr/lib/gcc/arm-none-eabi/12.2.0/../../../../arm-none-eabi/lib/thumb/v7e-m/nofp/libg.a(libc_a-fflush.o)
                0x0000000008007cd0                __sflush_r
 .text._fflush_r
                0x0000000008007df8       0x54 /usr/lib/gcc/arm-none-eabi/12.2.0/../../../../arm-none-eabi/lib/thumb/v7e-m/nofp/libg.a(libc_a-fflush.o)
                0x0000000008007df8                _fflush_r
 .text.__sfvwrite_r
                0x0000000008007e4c      0x2f8 /usr/lib/gcc/arm-none-eabi/12.2.0/../../../../arm-none-eabi/lib/thumb/v7e-m/nofp/libg.a(libc_a-fvwrite.o)
                0x0000000008007e4c                __sfvwrite_r
 .text.__swsetup_r
                0x0000000008008144       0xc0 /usr/lib/gcc/arm-none-eabi/12.2.0/../../../../arm-none-eabi/lib/thumb/v7e-m/nofp/libg.a(libc_a-wsetup.o)
                0x0000000008008144                __swsetup_r
 .text.__fputwc
                0x0000000008008204       0x7c /usr/lib/gcc/arm-none-eabi/12.2.0/../../../../arm-none-eabi/lib/thumb/v7e-m/nofp/libg.a(libc_a-fputwc.o)
                0x0000000008008204                __fputwc
 .text._fputwc_r
                0x0000000008008280       0x60 /usr/lib/gcc/arm-none-eabi/12.2.0/../../../../arm-none-eabi/lib/thumb/v7e-m/nofp/libg.a(libc_a-fputwc.o)
                0x0000000008008280                _fputwc_r
 .text.memmove  0x00000000080082e0      0x100 /usr/lib/gcc/arm-none-eabi/12.2.0/../../../../arm-none-eabi/lib/thumb/v7e-m/nofp/libg.a(libc_a-memmove.o)
                0x00000000080082e0                memmove
 .text.strncpy  0x00000000080083e0       0x68 /usr/lib/gcc/arm-none-eabi/12.2.0/../../../../arm-none-eabi/lib/thumb/v7e-m/nofp/libg.a(libc_a-strncpy.o)
                0x00000000080083e0                strncpy
 .text.__locale_mb_cur_max
                0x0000000008008448        0xc /usr/lib/gcc/arm-none-eabi/12.2.0/../../../../arm-none-eabi/lib/thumb/v7e-m/nofp/libg.a(libc_a-locale.o)
                0x0000000008008448                __locale_mb_cur_max
 .text._localeconv_r
                0x0000000008008454        0x8 /usr/lib/gcc/arm-none-eabi/12.2.0/../../../../arm-none-eabi/lib/thumb/v7e-m/nofp/libg.a(libc_a-localeconv.o)
                0x0000000008008454                _localeconv_r
 .text._sbrk_r  0x000000000800845c       0x24 /usr/lib/gcc/arm-none-eabi/12.2.0/../../../../arm-none-eabi/lib/thumb/v7e-m/nofp/libg.a(libc_a-sbrkr.o)
                0x000000000800845c                _sbrk_r
 .text.sysconf  0x0000000008008480       0x1c /usr/lib/gcc/arm-none-eabi/12.2.0/../../../../arm-none-eabi/lib/thumb/v7e-m/nofp/libg.a(libc_a-sysconf.o)
                0x0000000008008480                sysconf
 .text.frexp    0x000000000800849c       0x70 /usr/lib/gcc/arm-none-eabi/12.2.0/../../../../arm-none-eabi/lib/thumb/v7e-m/nofp/libg.a(libm_a-s_frexp.o)
                0x000000000800849c                frexp
 .text.quorem   0x000000000800850c      0x12c /usr/lib/gcc/arm-none-eabi/12.2.0/../../../../arm-none-eabi/lib/thumb/v7e-m/nofp/libg.a(libc_a-dtoa.o)
 .text._dtoa_r  0x0000000008008638      0xe48 /usr/lib/gcc/arm-none-eabi/12.2.0/../../../../arm-none-eabi/lib/thumb/v7e-m/nofp/libg.a(libc_a-dtoa.o)
                0x0000000008008638                _dtoa_r
 .text.__ascii_mbtowc
                0x0000000008009480       0x2c /usr/lib/gcc/arm-none-eabi/12.2.0/../../../../arm-none-eabi/lib/thumb/v7e-m/nofp/libg.a(libc_a-mbtowc_r.o)
                0x0000000008009480                __ascii_mbtowc
 .text._Balloc  0x00000000080094ac       0x4c /usr/lib/gcc/arm-none-eabi/12.2.0/../../../../arm-none-eabi/lib/thumb/v7e-m/nofp/libg.a(libc_a-mprec.o)
                0x00000000080094ac                _Balloc
 .text._Bfree   0x00000000080094f8       0x14 /usr/lib/gcc/arm-none-eabi/12.2.0/../../../../arm-none-eabi/lib/thumb/v7e-m/nofp/libg.a(libc_a-mprec.o)
                0x00000000080094f8                _Bfree
 .text.__multadd
                0x000000000800950c       0xa0 /usr/lib/gcc/arm-none-eabi/12.2.0/../../../../arm-none-eabi/lib/thumb/v7e-m/nofp/libg.a(libc_a-mprec.o)
                0x000000000800950c                __multadd
 .text.__hi0bits
                0x00000000080095ac       0x44 /usr/lib/gcc/arm-none-eabi/12.2.0/../../../../arm-none-eabi/lib/thumb/v7e-m/nofp/libg.a(libc_a-mprec.o)
                0x00000000080095ac                __hi0bits
 .text.__lo0bits
                0x00000000080095f0       0x60 /usr/lib/gcc/arm-none-eabi/12.2.0/../../../../arm-none-eabi/lib/thumb/v7e-m/nofp/libg.a(libc_a-mprec.o)
                0x00000000080095f0                __lo0bits
 .text.__i2b    0x0000000008009650       0x5c /usr/lib/gcc/arm-none-eabi/12.2.0/../../../../arm-none-eabi/lib/thumb/v7e-m/nofp/libg.a(libc_a-mprec.o)
                0x0000000008009650                __i2b
 .text.__multiply
                0x00000000080096ac      0x16c /usr/lib/gcc/arm-none-eabi/12.2.0/../../../../arm-none-eabi/lib/thumb/v7e-m/nofp/libg.a(libc_a-mprec.o)
                0x00000000080096ac                __multiply
 .text.__pow5mult
                0x0000000008009818       0xb4 /usr/lib/gcc/arm-none-eabi/12.2.0/../../../../arm-none-eabi/lib/thumb/v7e-m/nofp/libg.a(libc_a-mprec.o)
                0x0000000008009818                __pow5mult
 .text.__lshift
                0x00000000080098cc       0xf0 /usr/lib/gcc/arm-none-eabi/12.2.0/../../../../arm-none-eabi/lib/thumb/v7e-m/nofp/libg.a(libc_a-mprec.o)
                0x00000000080098cc                __lshift
 .text.__mcmp   0x00000000080099bc       0x40 /usr/lib/gcc/arm-none-eabi/12.2.0/../../../../arm-none-eabi/lib/thumb/v7e-m/nofp/libg.a(libc_a-mprec.o)
                0x00000000080099bc                __mcmp
 .text.__mdiff  0x00000000080099fc      0x164 /usr/lib/gcc/arm-none-eabi/12.2.0/../../../../arm-none-eabi/lib/thumb/v7e-m/nofp/libg.a(libc_a-mprec.o)
                0x00000000080099fc                __mdiff
 .text.__d2b    0x0000000008009b60       0xbc /usr/lib/gcc/arm-none-eabi/12.2.0/../../../../arm-none-eabi/lib/thumb/v7e-m/nofp/libg.a(libc_a-mprec.o)
                0x0000000008009b60                __d2b
 .text._realloc_r
                0x0000000008009c1c      0x344 /usr/lib/gcc/arm-none-eabi/12.2.0/../../../../arm-none-eabi/lib/thumb/v7e-m/nofp/libg.a(libc_a-reallocr.o)
                0x0000000008009c1c                _realloc_r
 .text.__ascii_wctomb
                0x0000000008009f60       0x1c /usr/lib/gcc/arm-none-eabi/12.2.0/../../../../arm-none-eabi/lib/thumb/v7e-m/nofp/libg.a(libc_a-wctomb_r.o)
                0x0000000008009f60                __ascii_wctomb
 .text._wcrtomb_r
                0x0000000008009f7c       0x34 /usr/lib/gcc/arm-none-eabi/12.2.0/../../../../arm-none-eabi/lib/thumb/v7e-m/nofp/libg.a(libc_a-wcrtomb.o)
                0x0000000008009f7c                _wcrtomb_r
 .text.__smakebuf_r
                0x0000000008009fb0       0xdc /usr/lib/gcc/arm-none-eabi/12.2.0/../../../../arm-none-eabi/lib/thumb/v7e-m/nofp/libg.a(libc_a-makebuf.o)
                0x0000000008009fb0                __smakebuf_r
 .text.__swbuf_r
                0x000000000800a08c       0xac /usr/lib/gcc/arm-none-eabi/12.2.0/../../../../arm-none-eabi/lib/thumb/v7e-m/nofp/libg.a(libc_a-wbuf.o)
                0x000000000800a08c                __swbuf_r
 .text._fstat_r
                0x000000000800a138       0x2c /usr/lib/gcc/arm-none-eabi/12.2.0/../../../../arm-none-eabi/lib/thumb/v7e-m/nofp/libg.a(libc_a-fstatr.o)
                0x000000000800a138                _fstat_r
 .text._isatty_r
                0x000000000800a164       0x24 /usr/lib/gcc/arm-none-eabi/12.2.0/../../../../arm-none-eabi/lib/thumb/v7e-m/nofp/libg.a(libc_a-isattyr.o)
                0x000000000800a164                _isatty_r
 .text.__assert_func
                0x000000000800a188       0x40 /usr/lib/gcc/arm-none-eabi/12.2.0/../../../../arm-none-eabi/lib/thumb/v7e-m/nofp/libg.a(libc_a-assert.o)
                0x000000000800a188                __assert_func
 .text._calloc_r
                0x000000000800a1c8       0x6c /usr/lib/gcc/arm-none-eabi/12.2.0/../../../../arm-none-eabi/lib/thumb/v7e-m/nofp/libg.a(libc_a-callocr.o)
                0x000000000800a1c8                _calloc_r
 .text.fiprintf
                0x000000000800a234       0x28 /usr/lib/gcc/arm-none-eabi/12.2.0/../../../../arm-none-eabi/lib/thumb/v7e-m/nofp/libg.a(libc_a-fiprintf.o)
                0x000000000800a234                fiprintf
 .text.abort    0x000000000800a25c       0x10 /usr/lib/gcc/arm-none-eabi/12.2.0/../../../../arm-none-eabi/lib/thumb/v7e-m/nofp/libg.a(libc_a-abort.o)
                0x000000000800a25c                abort
 .text.raise    0x000000000800a26c       0x58 /usr/lib/gcc/arm-none-eabi/12.2.0/../../../../arm-none-eabi/lib/thumb/v7e-m/nofp/libg.a(libc_a-signal.o)
                0x000000000800a26c                raise
 .text._kill_r  0x000000000800a2c4       0x2c /usr/lib/gcc/arm-none-eabi/12.2.0/../../../../arm-none-eabi/lib/thumb/v7e-m/nofp/libg.a(libc_a-signalr.o)
                0x000000000800a2c4                _kill_r
 .text._getpid_r
                0x000000000800a2f0        0x4 /usr/lib/gcc/arm-none-eabi/12.2.0/../../../../arm-none-eabi/lib/thumb/v7e-m/nofp/libg.a(libc_a-signalr.o)
                0x000000000800a2f0                _getpid_r
 .text.sin      0x000000000800a2f4       0x94 /usr/lib/gcc/arm-none-eabi/12.2.0/../../../../arm-none-eabi/lib/thumb/v7e-m/nofp/libm.a(libm_a-s_sin.o)
                0x000000000800a2f4                sin
 .text.__kernel_cos
                0x000000000800a388      0x250 /usr/lib/gcc/arm-none-eabi/12.2.0/../../../../arm-none-eabi/lib/thumb/v7e-m/nofp/libm.a(libm_a-k_cos.o)
                0x000000000800a388                __kernel_cos
 .text.__kernel_sin
                0x000000000800a5d8      0x16c /usr/lib/gcc/arm-none-eabi/12.2.0/../../../../arm-none-eabi/lib/thumb/v7e-m/nofp/libm.a(libm_a-k_sin.o)
                0x000000000800a5d8                __kernel_sin
 *fill*         0x000000000800a744        0x4 
 .text.__ieee754_rem_pio2
                0x000000000800a748      0x42c /usr/lib/gcc/arm-none-eabi/12.2.0/../../../../arm-none-eabi/lib/thumb/v7e-m/nofp/libm.a(libm_a-e_rem_pio2.o)
                0x000000000800a748                __ieee754_rem_pio2
 .text.fabs     0x000000000800ab74        0x8 /usr/lib/gcc/arm-none-eabi/12.2.0/../../../../arm-none-eabi/lib/thumb/v7e-m/nofp/libm.a(libm_a-s_fabs.o)
                0x000000000800ab74                fabs
 .text.__kernel_rem_pio2
                0x000000000800ab7c      0x838 /usr/lib/gcc/arm-none-eabi/12.2.0/../../../../arm-none-eabi/lib/thumb/v7e-m/nofp/libm.a(libm_a-k_rem_pio2.o)
                0x000000000800ab7c                __kernel_rem_pio2
 *fill*         0x000000000800b3b4        0x4 
 .text.scalbn   0x000000000800b3b8       0xe4 /usr/lib/gcc/arm-none-eabi/12.2.0/../../../../arm-none-eabi/lib/thumb/v7e-m/nofp/libm.a(libm_a-s_scalbn.o)
                0x000000000800b3b8                scalbn
 *fill*         0x000000000800b49c        0x4 
 .text.floor    0x000000000800b4a0      0x108 /usr/lib/gcc/arm-none-eabi/12.2.0/../../../../arm-none-eabi/lib/thumb/v7e-m/nofp/libm.a(libm_a-s_floor.o)
                0x000000000800b4a0                floor
 *(.glue_7)
 .glue_7        0x000000000800b5a8        0x0 linker stubs
 *(.glue_7t)
 .glue_7t       0x000000000800b5a8        0x0 linker stubs
 *(.eh_frame)
 .eh_frame      0x000000000800b5a8        0x0 /usr/lib/gcc/arm-none-eabi/12.2.0/thumb/v7e-m/nofp/crtbegin.o
 *(.init)
 .init          0x000000000800b5a8        0x4 /usr/lib/gcc/arm-none-eabi/12.2.0/thumb/v7e-m/nofp/crti.o
                0x000000000800b5a8                _init
 .init          0x000000000800b5ac        0x8 /usr/lib/gcc/arm-none-eabi/12.2.0/thumb/v7e-m/nofp/crtn.o
 *(.fini)
 .fini          0x000000000800b5b4        0x4 /usr/lib/gcc/arm-none-eabi/12.2.0/thumb/v7e-m/nofp/crti.o
                0x000000000800b5b4                _fini
 .fini          0x000000000800b5b8        0x8 /usr/lib/gcc/arm-none-eabi/12.2.0/thumb/v7e-m/nofp/crtn.o
                0x000000000800b5c0                . = ALIGN (0x4)
                0x000000000800b5c0                _etext = .

.vfp11_veneer   0x000000000800b5c0        0x0
 .vfp11_veneer  0x000000000800b5c0        0x0 linker stubs

.v4_bx          0x000000000800b5c0        0x0
 .v4_bx         0x000000000800b5c0        0x0 linker stubs

.iplt           0x000000000800b5c0        0x0
 .iplt          0x000000000800b5c0        0x0 /usr/lib/gcc/arm-none-eabi/12.2.0/thumb/v7e-m/nofp/crtbegin.o

.rodata         0x000000000800b5c0      0x5b8
                0x000000000800b5c0                . = ALIGN (0x4)
 *(.rodata)
 *(.rodata*)
 .rodata.main.str1.4
                0x000000000800b5c0       0x11 CMakeFiles/OpenLoopInverter.elf.dir/Core/Src/main.c.obj
 *fill*         0x000000000800b5d1        0x3 
 .rodata.MSIRangeTable
                0x000000000800b5d4       0x30 CMakeFiles/OpenLoopInverter.elf.dir/Core/Src/system_stm32l4xx.c.obj
                0x000000000800b5d4                MSIRangeTable
 .rodata.APBPrescTable
                0x000000000800b604        0x8 CMakeFiles/OpenLoopInverter.elf.dir/Core/Src/system_stm32l4xx.c.obj
                0x000000000800b604                APBPrescTable
 .rodata.AHBPrescTable
                0x000000000800b60c       0x10 CMakeFiles/OpenLoopInverter.elf.dir/Core/Src/system_stm32l4xx.c.obj
                0x000000000800b60c                AHBPrescTable
 .rodata._vfprintf_r.str1.4
                0x000000000800b61c       0x42 /usr/lib/gcc/arm-none-eabi/12.2.0/../../../../arm-none-eabi/lib/thumb/v7e-m/nofp/libg.a(libc_a-vfprintf.o)
 *fill*         0x000000000800b65e        0x2 
 .rodata.zeroes.0
                0x000000000800b660       0x10 /usr/lib/gcc/arm-none-eabi/12.2.0/../../../../arm-none-eabi/lib/thumb/v7e-m/nofp/libg.a(libc_a-vfprintf.o)
 .rodata.blanks.1
                0x000000000800b670       0x10 /usr/lib/gcc/arm-none-eabi/12.2.0/../../../../arm-none-eabi/lib/thumb/v7e-m/nofp/libg.a(libc_a-vfprintf.o)
 .rodata._vfiprintf_r.str1.4
                0x000000000800b680       0x2f /usr/lib/gcc/arm-none-eabi/12.2.0/../../../../arm-none-eabi/lib/thumb/v7e-m/nofp/libg.a(libc_a-vfiprintf.o)
 .rodata.zeroes.0
                0x000000000800b680       0x10 /usr/lib/gcc/arm-none-eabi/12.2.0/../../../../arm-none-eabi/lib/thumb/v7e-m/nofp/libg.a(libc_a-vfiprintf.o)
 .rodata.blanks.1
                0x000000000800b690       0x10 /usr/lib/gcc/arm-none-eabi/12.2.0/../../../../arm-none-eabi/lib/thumb/v7e-m/nofp/libg.a(libc_a-vfiprintf.o)
 .rodata._setlocale_r.str1.4
                0x000000000800b6a0        0xa /usr/lib/gcc/arm-none-eabi/12.2.0/../../../../arm-none-eabi/lib/thumb/v7e-m/nofp/libg.a(libc_a-locale.o)
                                          0xd (size before relaxing)
 *fill*         0x000000000800b6aa        0x2 
 .rodata.str1.4
                0x000000000800b6ac        0x2 /usr/lib/gcc/arm-none-eabi/12.2.0/../../../../arm-none-eabi/lib/thumb/v7e-m/nofp/libg.a(libc_a-locale.o)
 *fill*         0x000000000800b6ae        0x2 
 .rodata._dtoa_r.str1.4
                0x000000000800b6b0       0x66 /usr/lib/gcc/arm-none-eabi/12.2.0/../../../../arm-none-eabi/lib/thumb/v7e-m/nofp/libg.a(libc_a-dtoa.o)
                                         0x6a (size before relaxing)
 *fill*         0x000000000800b716        0x2 
 .rodata.__multadd.str1.4
                0x000000000800b718       0x43 /usr/lib/gcc/arm-none-eabi/12.2.0/../../../../arm-none-eabi/lib/thumb/v7e-m/nofp/libg.a(libc_a-mprec.o)
                                         0x57 (size before relaxing)
 *fill*         0x000000000800b75b        0x1 
 .rodata.p05.0  0x000000000800b75c        0xc /usr/lib/gcc/arm-none-eabi/12.2.0/../../../../arm-none-eabi/lib/thumb/v7e-m/nofp/libg.a(libc_a-mprec.o)
 .rodata.__mprec_bigtens
                0x000000000800b768       0x28 /usr/lib/gcc/arm-none-eabi/12.2.0/../../../../arm-none-eabi/lib/thumb/v7e-m/nofp/libg.a(libc_a-mprec.o)
                0x000000000800b768                __mprec_bigtens
 .rodata.__mprec_tens
                0x000000000800b790       0xc8 /usr/lib/gcc/arm-none-eabi/12.2.0/../../../../arm-none-eabi/lib/thumb/v7e-m/nofp/libg.a(libc_a-mprec.o)
                0x000000000800b790                __mprec_tens
 .rodata._ctype_
                0x000000000800b858      0x101 /usr/lib/gcc/arm-none-eabi/12.2.0/../../../../arm-none-eabi/lib/thumb/v7e-m/nofp/libg.a(libc_a-ctype_.o)
                0x000000000800b858                _ctype_
 *fill*         0x000000000800b959        0x3 
 .rodata.__assert_func.str1.4
                0x000000000800b95c       0x3f /usr/lib/gcc/arm-none-eabi/12.2.0/../../../../arm-none-eabi/lib/thumb/v7e-m/nofp/libg.a(libc_a-assert.o)
                                         0x43 (size before relaxing)
 *fill*         0x000000000800b99b        0x1 
 .rodata.npio2_hw
                0x000000000800b99c       0x80 /usr/lib/gcc/arm-none-eabi/12.2.0/../../../../arm-none-eabi/lib/thumb/v7e-m/nofp/libm.a(libm_a-e_rem_pio2.o)
 .rodata.two_over_pi
                0x000000000800ba1c      0x108 /usr/lib/gcc/arm-none-eabi/12.2.0/../../../../arm-none-eabi/lib/thumb/v7e-m/nofp/libm.a(libm_a-e_rem_pio2.o)
 *fill*         0x000000000800bb24        0x4 
 .rodata.PIo2   0x000000000800bb28       0x40 /usr/lib/gcc/arm-none-eabi/12.2.0/../../../../arm-none-eabi/lib/thumb/v7e-m/nofp/libm.a(libm_a-k_rem_pio2.o)
 .rodata.init_jk
                0x000000000800bb68       0x10 /usr/lib/gcc/arm-none-eabi/12.2.0/../../../../arm-none-eabi/lib/thumb/v7e-m/nofp/libm.a(libm_a-k_rem_pio2.o)
                0x000000000800bb78                . = ALIGN (0x4)

.ARM.extab      0x000000000800bb78        0x0
                0x000000000800bb78                . = ALIGN (0x4)
 *(.ARM.extab* .gnu.linkonce.armextab.*)
                0x000000000800bb78                . = ALIGN (0x4)

.ARM            0x000000000800bb78        0x8
                0x000000000800bb78                . = ALIGN (0x4)
                0x000000000800bb78                __exidx_start = .
 *(.ARM.exidx*)
 .ARM.exidx     0x000000000800bb78        0x8 /usr/lib/gcc/arm-none-eabi/12.2.0/../../../../arm-none-eabi/lib/thumb/v7e-m/nofp/libg.a(libc_a-memchr.o)
 .ARM.exidx     0x000000000800bb80        0x0 /usr/lib/gcc/arm-none-eabi/12.2.0/../../../../arm-none-eabi/lib/thumb/v7e-m/nofp/libg.a(libc_a-memcpy.o)
                                          0x8 (size before relaxing)
 .ARM.exidx     0x000000000800bb80        0x0 /usr/lib/gcc/arm-none-eabi/12.2.0/../../../../arm-none-eabi/lib/thumb/v7e-m/nofp/libg.a(libc_a-strlen.o)
                                          0x8 (size before relaxing)
 .ARM.exidx.text.__udivmoddi4
                0x000000000800bb80        0x0 /usr/lib/gcc/arm-none-eabi/12.2.0/thumb/v7e-m/nofp/libgcc.a(_udivmoddi4.o)
                                          0x8 (size before relaxing)
                0x000000000800bb80                __exidx_end = .
                0x000000000800bb80                . = ALIGN (0x4)

.rel.dyn        0x000000000800bb80        0x0
 .rel.iplt      0x000000000800bb80        0x0 /usr/lib/gcc/arm-none-eabi/12.2.0/thumb/v7e-m/nofp/crtbegin.o

.preinit_array  0x000000000800bb80        0x0
                0x000000000800bb80                . = ALIGN (0x4)
                0x000000000800bb80                PROVIDE (__preinit_array_start = .)
 *(.preinit_array*)
                0x000000000800bb80                PROVIDE (__preinit_array_end = .)
                0x000000000800bb80                . = ALIGN (0x4)

.init_array     0x000000000800bb80        0x8
                0x000000000800bb80                . = ALIGN (0x4)
                0x000000000800bb80                PROVIDE (__init_array_start = .)
 *(SORT_BY_NAME(.init_array.*))
 .init_array.00000
                0x000000000800bb80        0x4 /usr/lib/gcc/arm-none-eabi/12.2.0/../../../../arm-none-eabi/lib/thumb/v7e-m/nofp/libg.a(libc_a-__call_atexit.o)
 *(.init_array*)
 .init_array    0x000000000800bb84        0x4 /usr/lib/gcc/arm-none-eabi/12.2.0/thumb/v7e-m/nofp/crtbegin.o
                0x000000000800bb88                PROVIDE (__init_array_end = .)
                0x000000000800bb88                . = ALIGN (0x4)

.fini_array     0x000000000800bb88        0x4
                0x000000000800bb88                . = ALIGN (0x4)
                0x000000000800bb88                PROVIDE (__fini_array_start = .)
 *(SORT_BY_NAME(.fini_array.*))
 *(.fini_array*)
 .fini_array    0x000000000800bb88        0x4 /usr/lib/gcc/arm-none-eabi/12.2.0/thumb/v7e-m/nofp/crtbegin.o
                0x000000000800bb8c                PROVIDE (__fini_array_end = .)
                0x000000000800bb8c                . = ALIGN (0x4)
                0x000000000800bb8c                _sidata = LOADADDR (.data)

.data           0x0000000020000000      0x6c4 load address 0x000000000800bb8c
                0x0000000020000000                . = ALIGN (0x4)
                0x0000000020000000                _sdata = .
 *(.data)
 *(.data*)
 .data.SystemCoreClock
                0x0000000020000000        0x4 CMakeFiles/OpenLoopInverter.elf.dir/Core/Src/system_stm32l4xx.c.obj
                0x0000000020000000                SystemCoreClock
 .data.uwTickFreq
                0x0000000020000004        0x1 CMakeFiles/OpenLoopInverter.elf.dir/Drivers/STM32L4xx_HAL_Driver/Src/stm32l4xx_hal.c.obj
                0x0000000020000004                uwTickFreq
 *fill*         0x0000000020000005        0x3 
 .data.uwTickPrio
                0x0000000020000008        0x4 CMakeFiles/OpenLoopInverter.elf.dir/Drivers/STM32L4xx_HAL_Driver/Src/stm32l4xx_hal.c.obj
                0x0000000020000008                uwTickPrio
 .data.__sglue  0x000000002000000c        0xc /usr/lib/gcc/arm-none-eabi/12.2.0/../../../../arm-none-eabi/lib/thumb/v7e-m/nofp/libg.a(libc_a-findfp.o)
                0x000000002000000c                __sglue
 .data._impure_ptr
                0x0000000020000018        0x4 /usr/lib/gcc/arm-none-eabi/12.2.0/../../../../arm-none-eabi/lib/thumb/v7e-m/nofp/libg.a(libc_a-impure.o)
                0x0000000020000018                _impure_ptr
 *fill*         0x000000002000001c        0x4 
 .data._impure_data
                0x0000000020000020      0x120 /usr/lib/gcc/arm-none-eabi/12.2.0/../../../../arm-none-eabi/lib/thumb/v7e-m/nofp/libg.a(libc_a-impure.o)
                0x0000000020000020                _impure_data
 .data.__atexit_recursive_mutex
                0x0000000020000140        0x4 /usr/lib/gcc/arm-none-eabi/12.2.0/../../../../arm-none-eabi/lib/thumb/v7e-m/nofp/libg.a(libc_a-__call_atexit.o)
                0x0000000020000140                __atexit_recursive_mutex
 .data.__malloc_sbrk_base
                0x0000000020000144        0x4 /usr/lib/gcc/arm-none-eabi/12.2.0/../../../../arm-none-eabi/lib/thumb/v7e-m/nofp/libg.a(libc_a-mallocr.o)
                0x0000000020000144                __malloc_sbrk_base
 .data.__malloc_trim_threshold
                0x0000000020000148        0x4 /usr/lib/gcc/arm-none-eabi/12.2.0/../../../../arm-none-eabi/lib/thumb/v7e-m/nofp/libg.a(libc_a-mallocr.o)
                0x0000000020000148                __malloc_trim_threshold
 *fill*         0x000000002000014c        0x4 
 .data.__malloc_av_
                0x0000000020000150      0x408 /usr/lib/gcc/arm-none-eabi/12.2.0/../../../../arm-none-eabi/lib/thumb/v7e-m/nofp/libg.a(libc_a-mallocr.o)
                0x0000000020000150                __malloc_av_
 .data.__global_locale
                0x0000000020000558      0x16c /usr/lib/gcc/arm-none-eabi/12.2.0/../../../../arm-none-eabi/lib/thumb/v7e-m/nofp/libg.a(libc_a-locale.o)
                0x0000000020000558                __global_locale
 *(.RamFunc)
 *(.RamFunc*)
                0x00000000200006c4                . = ALIGN (0x4)
                0x00000000200006c4                _edata = .

.igot.plt       0x00000000200006c4        0x0 load address 0x000000000800c250
 .igot.plt      0x00000000200006c4        0x0 /usr/lib/gcc/arm-none-eabi/12.2.0/thumb/v7e-m/nofp/crtbegin.o
                0x00000000200006c4                . = ALIGN (0x4)

.bss            0x00000000200006c4      0x504 load address 0x000000000800c250
                0x00000000200006c4                _sbss = .
                0x00000000200006c4                __bss_start__ = _sbss
 *(.bss)
 *(.bss*)
 .bss.completed.1
                0x00000000200006c4        0x1 /usr/lib/gcc/arm-none-eabi/12.2.0/thumb/v7e-m/nofp/crtbegin.o
 *fill*         0x00000000200006c5        0x3 
 .bss.object.0  0x00000000200006c8       0x18 /usr/lib/gcc/arm-none-eabi/12.2.0/thumb/v7e-m/nofp/crtbegin.o
 .bss.counter   0x00000000200006e0        0x4 CMakeFiles/OpenLoopInverter.elf.dir/Core/Src/main.c.obj
                0x00000000200006e0                counter
 .bss.pos       0x00000000200006e4        0x2 CMakeFiles/OpenLoopInverter.elf.dir/Core/Src/main.c.obj
                0x00000000200006e4                pos
 *fill*         0x00000000200006e6        0x2 
 .bss.i         0x00000000200006e8        0x4 CMakeFiles/OpenLoopInverter.elf.dir/Core/Src/main.c.obj
                0x00000000200006e8                i
 .bss.inv       0x00000000200006ec       0x40 CMakeFiles/OpenLoopInverter.elf.dir/Core/Src/main.c.obj
                0x00000000200006ec                inv
 .bss.huart2    0x000000002000072c       0x84 CMakeFiles/OpenLoopInverter.elf.dir/Core/Src/main.c.obj
                0x000000002000072c                huart2
 .bss.htim6     0x00000000200007b0       0x4c CMakeFiles/OpenLoopInverter.elf.dir/Core/Src/main.c.obj
                0x00000000200007b0                htim6
 .bss.htim1     0x00000000200007fc       0x4c CMakeFiles/OpenLoopInverter.elf.dir/Core/Src/main.c.obj
                0x00000000200007fc                htim1
 .bss.hspi3     0x0000000020000848       0x64 CMakeFiles/OpenLoopInverter.elf.dir/Core/Src/main.c.obj
                0x0000000020000848                hspi3
 .bss.__sbrk_heap_end
                0x00000000200008ac        0x4 CMakeFiles/OpenLoopInverter.elf.dir/Core/Src/sysmem.c.obj
 .bss.uwTick    0x00000000200008b0        0x4 CMakeFiles/OpenLoopInverter.elf.dir/Drivers/STM32L4xx_HAL_Driver/Src/stm32l4xx_hal.c.obj
                0x00000000200008b0                uwTick
 .bss.__sf      0x00000000200008b4      0x138 /usr/lib/gcc/arm-none-eabi/12.2.0/../../../../arm-none-eabi/lib/thumb/v7e-m/nofp/libg.a(libc_a-findfp.o)
                0x00000000200008b4                __sf
 .bss.__stdio_exit_handler
                0x00000000200009ec        0x4 /usr/lib/gcc/arm-none-eabi/12.2.0/../../../../arm-none-eabi/lib/thumb/v7e-m/nofp/libg.a(libc_a-findfp.o)
                0x00000000200009ec                __stdio_exit_handler
 .bss.errno     0x00000000200009f0        0x4 /usr/lib/gcc/arm-none-eabi/12.2.0/../../../../arm-none-eabi/lib/thumb/v7e-m/nofp/libg.a(libc_a-reent.o)
                0x00000000200009f0                errno
 .bss.__lock___malloc_recursive_mutex
                0x00000000200009f4        0x1 /usr/lib/gcc/arm-none-eabi/12.2.0/../../../../arm-none-eabi/lib/thumb/v7e-m/nofp/libg.a(libc_a-lock.o)
                0x00000000200009f4                __lock___malloc_recursive_mutex
 *fill*         0x00000000200009f5        0x3 
 .bss.__lock___atexit_recursive_mutex
                0x00000000200009f8        0x1 /usr/lib/gcc/arm-none-eabi/12.2.0/../../../../arm-none-eabi/lib/thumb/v7e-m/nofp/libg.a(libc_a-lock.o)
                0x00000000200009f8                __lock___atexit_recursive_mutex
 *fill*         0x00000000200009f9        0x3 
 .bss.__lock___sfp_recursive_mutex
                0x00000000200009fc        0x1 /usr/lib/gcc/arm-none-eabi/12.2.0/../../../../arm-none-eabi/lib/thumb/v7e-m/nofp/libg.a(libc_a-lock.o)
                0x00000000200009fc                __lock___sfp_recursive_mutex
 *fill*         0x00000000200009fd        0x3 
 .bss.__atexit0
                0x0000000020000a00      0x190 /usr/lib/gcc/arm-none-eabi/12.2.0/../../../../arm-none-eabi/lib/thumb/v7e-m/nofp/libg.a(libc_a-__atexit.o)
                0x0000000020000a00                __atexit0
 .bss.__atexit  0x0000000020000b90        0x4 /usr/lib/gcc/arm-none-eabi/12.2.0/../../../../arm-none-eabi/lib/thumb/v7e-m/nofp/libg.a(libc_a-__call_atexit.o)
                0x0000000020000b90                __atexit
 .bss.__malloc_current_mallinfo
                0x0000000020000b94       0x28 /usr/lib/gcc/arm-none-eabi/12.2.0/../../../../arm-none-eabi/lib/thumb/v7e-m/nofp/libg.a(libc_a-mallocr.o)
                0x0000000020000b94                __malloc_current_mallinfo
 .bss.__malloc_max_total_mem
                0x0000000020000bbc        0x4 /usr/lib/gcc/arm-none-eabi/12.2.0/../../../../arm-none-eabi/lib/thumb/v7e-m/nofp/libg.a(libc_a-mallocr.o)
                0x0000000020000bbc                __malloc_max_total_mem
 .bss.__malloc_max_sbrked_mem
                0x0000000020000bc0        0x4 /usr/lib/gcc/arm-none-eabi/12.2.0/../../../../arm-none-eabi/lib/thumb/v7e-m/nofp/libg.a(libc_a-mallocr.o)
                0x0000000020000bc0                __malloc_max_sbrked_mem
 .bss.__malloc_top_pad
                0x0000000020000bc4        0x4 /usr/lib/gcc/arm-none-eabi/12.2.0/../../../../arm-none-eabi/lib/thumb/v7e-m/nofp/libg.a(libc_a-mallocr.o)
                0x0000000020000bc4                __malloc_top_pad
 *(COMMON)
                0x0000000020000bc8                . = ALIGN (0x4)
                0x0000000020000bc8                _ebss = .
                0x0000000020000bc8                __bss_end__ = _ebss

._user_heap_stack
                0x0000000020000bc8      0x600 load address 0x000000000800c250
                0x0000000020000bc8                . = ALIGN (0x8)
                [!provide]                        PROVIDE (end = .)
                0x0000000020000bc8                PROVIDE (_end = .)
                0x0000000020000dc8                . = (. + _Min_Heap_Size)
 *fill*         0x0000000020000bc8      0x200 
                0x00000000200011c8                . = (. + _Min_Stack_Size)
 *fill*         0x0000000020000dc8      0x400 
                0x00000000200011c8                . = ALIGN (0x8)

/DISCARD/
 libc.a(*)
 libm.a(*)
 libgcc.a(*)

.ARM.attributes
                0x0000000000000000       0x2a
 *(.ARM.attributes)
 .ARM.attributes
                0x0000000000000000       0x1e /usr/lib/gcc/arm-none-eabi/12.2.0/thumb/v7e-m/nofp/crti.o
 .ARM.attributes
                0x000000000000001e       0x2e /usr/lib/gcc/arm-none-eabi/12.2.0/thumb/v7e-m/nofp/crtbegin.o
 .ARM.attributes
                0x000000000000004c       0x2e CMakeFiles/OpenLoopInverter.elf.dir/Core/Src/inverter.c.obj
 .ARM.attributes
                0x000000000000007a       0x2e CMakeFiles/OpenLoopInverter.elf.dir/Core/Src/main.c.obj
 .ARM.attributes
                0x00000000000000a8       0x2e CMakeFiles/OpenLoopInverter.elf.dir/Core/Src/stm32l4xx_hal_msp.c.obj
 .ARM.attributes
                0x00000000000000d6       0x2e CMakeFiles/OpenLoopInverter.elf.dir/Core/Src/stm32l4xx_it.c.obj
 .ARM.attributes
                0x0000000000000104       0x2e CMakeFiles/OpenLoopInverter.elf.dir/Core/Src/syscalls.c.obj
 .ARM.attributes
                0x0000000000000132       0x2e CMakeFiles/OpenLoopInverter.elf.dir/Core/Src/sysmem.c.obj
 .ARM.attributes
                0x0000000000000160       0x2e CMakeFiles/OpenLoopInverter.elf.dir/Core/Src/system_stm32l4xx.c.obj
 .ARM.attributes
                0x000000000000018e       0x21 CMakeFiles/OpenLoopInverter.elf.dir/Core/Startup/startup_stm32l432kcux.s.obj
 .ARM.attributes
                0x00000000000001af       0x2e CMakeFiles/OpenLoopInverter.elf.dir/Drivers/STM32L4xx_HAL_Driver/Src/stm32l4xx_hal.c.obj
 .ARM.attributes
                0x00000000000001dd       0x2e CMakeFiles/OpenLoopInverter.elf.dir/Drivers/STM32L4xx_HAL_Driver/Src/stm32l4xx_hal_cortex.c.obj
 .ARM.attributes
                0x000000000000020b       0x2e CMakeFiles/OpenLoopInverter.elf.dir/Drivers/STM32L4xx_HAL_Driver/Src/stm32l4xx_hal_gpio.c.obj
 .ARM.attributes
                0x0000000000000239       0x2e CMakeFiles/OpenLoopInverter.elf.dir/Drivers/STM32L4xx_HAL_Driver/Src/stm32l4xx_hal_pwr_ex.c.obj
 .ARM.attributes
                0x0000000000000267       0x2e CMakeFiles/OpenLoopInverter.elf.dir/Drivers/STM32L4xx_HAL_Driver/Src/stm32l4xx_hal_rcc.c.obj
 .ARM.attributes
                0x0000000000000295       0x2e CMakeFiles/OpenLoopInverter.elf.dir/Drivers/STM32L4xx_HAL_Driver/Src/stm32l4xx_hal_rcc_ex.c.obj
 .ARM.attributes
                0x00000000000002c3       0x2e CMakeFiles/OpenLoopInverter.elf.dir/Drivers/STM32L4xx_HAL_Driver/Src/stm32l4xx_hal_spi.c.obj
 .ARM.attributes
                0x00000000000002f1       0x2e CMakeFiles/OpenLoopInverter.elf.dir/Drivers/STM32L4xx_HAL_Driver/Src/stm32l4xx_hal_tim.c.obj
 .ARM.attributes
                0x000000000000031f       0x2e CMakeFiles/OpenLoopInverter.elf.dir/Drivers/STM32L4xx_HAL_Driver/Src/stm32l4xx_hal_tim_ex.c.obj
 .ARM.attributes
                0x000000000000034d       0x2e CMakeFiles/OpenLoopInverter.elf.dir/Drivers/STM32L4xx_HAL_Driver/Src/stm32l4xx_hal_uart.c.obj
 .ARM.attributes
                0x000000000000037b       0x1e /usr/lib/gcc/arm-none-eabi/12.2.0/thumb/v7e-m/nofp/libgcc.a(_arm_addsubdf3.o)
 .ARM.attributes
                0x0000000000000399       0x1e /usr/lib/gcc/arm-none-eabi/12.2.0/thumb/v7e-m/nofp/libgcc.a(_arm_muldivdf3.o)
 .ARM.attributes
                0x00000000000003b7       0x1e /usr/lib/gcc/arm-none-eabi/12.2.0/thumb/v7e-m/nofp/libgcc.a(_arm_fixunsdfsi.o)
 .ARM.attributes
                0x00000000000003d5       0x1e /usr/lib/gcc/arm-none-eabi/12.2.0/thumb/v7e-m/nofp/libgcc.a(_aeabi_uldivmod.o)
 .ARM.attributes
                0x00000000000003f3       0x2e /usr/lib/gcc/arm-none-eabi/12.2.0/thumb/v7e-m/nofp/libgcc.a(_udivmoddi4.o)
 .ARM.attributes
                0x0000000000000421       0x1e /usr/lib/gcc/arm-none-eabi/12.2.0/thumb/v7e-m/nofp/libgcc.a(_dvmd_tls.o)
 .ARM.attributes
                0x000000000000043f       0x2e /usr/lib/gcc/arm-none-eabi/12.2.0/../../../../arm-none-eabi/lib/thumb/v7e-m/nofp/libg.a(libc_a-atexit.o)
 .ARM.attributes
                0x000000000000046d       0x2e /usr/lib/gcc/arm-none-eabi/12.2.0/../../../../arm-none-eabi/lib/thumb/v7e-m/nofp/libg.a(libc_a-findfp.o)
 .ARM.attributes
                0x000000000000049b       0x2e /usr/lib/gcc/arm-none-eabi/12.2.0/../../../../arm-none-eabi/lib/thumb/v7e-m/nofp/libg.a(libc_a-fwalk.o)
 .ARM.attributes
                0x00000000000004c9       0x2e /usr/lib/gcc/arm-none-eabi/12.2.0/../../../../arm-none-eabi/lib/thumb/v7e-m/nofp/libg.a(libc_a-printf.o)
 .ARM.attributes
                0x00000000000004f7       0x2e /usr/lib/gcc/arm-none-eabi/12.2.0/../../../../arm-none-eabi/lib/thumb/v7e-m/nofp/libg.a(libc_a-stdio.o)
 .ARM.attributes
                0x0000000000000525       0x2e /usr/lib/gcc/arm-none-eabi/12.2.0/../../../../arm-none-eabi/lib/thumb/v7e-m/nofp/libg.a(libc_a-memset.o)
 .ARM.attributes
                0x0000000000000553       0x2e /usr/lib/gcc/arm-none-eabi/12.2.0/../../../../arm-none-eabi/lib/thumb/v7e-m/nofp/libg.a(libc_a-closer.o)
 .ARM.attributes
                0x0000000000000581       0x2e /usr/lib/gcc/arm-none-eabi/12.2.0/../../../../arm-none-eabi/lib/thumb/v7e-m/nofp/libg.a(libc_a-reent.o)
 .ARM.attributes
                0x00000000000005af       0x2e /usr/lib/gcc/arm-none-eabi/12.2.0/../../../../arm-none-eabi/lib/thumb/v7e-m/nofp/libg.a(libc_a-impure.o)
 .ARM.attributes
                0x00000000000005dd       0x2e /usr/lib/gcc/arm-none-eabi/12.2.0/../../../../arm-none-eabi/lib/thumb/v7e-m/nofp/libg.a(libc_a-lseekr.o)
 .ARM.attributes
                0x000000000000060b       0x2e /usr/lib/gcc/arm-none-eabi/12.2.0/../../../../arm-none-eabi/lib/thumb/v7e-m/nofp/libg.a(libc_a-readr.o)
 .ARM.attributes
                0x0000000000000639       0x2e /usr/lib/gcc/arm-none-eabi/12.2.0/../../../../arm-none-eabi/lib/thumb/v7e-m/nofp/libg.a(libc_a-writer.o)
 .ARM.attributes
                0x0000000000000667       0x2e /usr/lib/gcc/arm-none-eabi/12.2.0/../../../../arm-none-eabi/lib/thumb/v7e-m/nofp/libg.a(libc_a-errno.o)
 .ARM.attributes
                0x0000000000000695       0x2e /usr/lib/gcc/arm-none-eabi/12.2.0/../../../../arm-none-eabi/lib/thumb/v7e-m/nofp/libg.a(libc_a-init.o)
 .ARM.attributes
                0x00000000000006c3       0x2e /usr/lib/gcc/arm-none-eabi/12.2.0/../../../../arm-none-eabi/lib/thumb/v7e-m/nofp/libg.a(libc_a-fini.o)
 .ARM.attributes
                0x00000000000006f1       0x2e /usr/lib/gcc/arm-none-eabi/12.2.0/../../../../arm-none-eabi/lib/thumb/v7e-m/nofp/libg.a(libc_a-lock.o)
 .ARM.attributes
                0x000000000000071f       0x2e /usr/lib/gcc/arm-none-eabi/12.2.0/../../../../arm-none-eabi/lib/thumb/v7e-m/nofp/libg.a(libc_a-__atexit.o)
 .ARM.attributes
                0x000000000000074d       0x2e /usr/lib/gcc/arm-none-eabi/12.2.0/../../../../arm-none-eabi/lib/thumb/v7e-m/nofp/libg.a(libc_a-__call_atexit.o)
 .ARM.attributes
                0x000000000000077b       0x2e /usr/lib/gcc/arm-none-eabi/12.2.0/../../../../arm-none-eabi/lib/thumb/v7e-m/nofp/libg.a(libc_a-freer.o)
 .ARM.attributes
                0x00000000000007a9       0x2e /usr/lib/gcc/arm-none-eabi/12.2.0/../../../../arm-none-eabi/lib/thumb/v7e-m/nofp/libg.a(libc_a-mallocr.o)
 .ARM.attributes
                0x00000000000007d7       0x2e /usr/lib/gcc/arm-none-eabi/12.2.0/../../../../arm-none-eabi/lib/thumb/v7e-m/nofp/libg.a(libc_a-mlock.o)
 .ARM.attributes
                0x0000000000000805       0x2e /usr/lib/gcc/arm-none-eabi/12.2.0/../../../../arm-none-eabi/lib/thumb/v7e-m/nofp/libg.a(libc_a-vfprintf.o)
 .ARM.attributes
                0x0000000000000833       0x2e /usr/lib/gcc/arm-none-eabi/12.2.0/../../../../arm-none-eabi/lib/thumb/v7e-m/nofp/libg.a(libc_a-vfiprintf.o)
 .ARM.attributes
                0x0000000000000861       0x2e /usr/lib/gcc/arm-none-eabi/12.2.0/../../../../arm-none-eabi/lib/thumb/v7e-m/nofp/libg.a(libc_a-fclose.o)
 .ARM.attributes
                0x000000000000088f       0x2e /usr/lib/gcc/arm-none-eabi/12.2.0/../../../../arm-none-eabi/lib/thumb/v7e-m/nofp/libg.a(libc_a-fflush.o)
 .ARM.attributes
                0x00000000000008bd       0x2e /usr/lib/gcc/arm-none-eabi/12.2.0/../../../../arm-none-eabi/lib/thumb/v7e-m/nofp/libg.a(libc_a-fvwrite.o)
 .ARM.attributes
                0x00000000000008eb       0x2e /usr/lib/gcc/arm-none-eabi/12.2.0/../../../../arm-none-eabi/lib/thumb/v7e-m/nofp/libg.a(libc_a-wsetup.o)
 .ARM.attributes
                0x0000000000000919       0x2e /usr/lib/gcc/arm-none-eabi/12.2.0/../../../../arm-none-eabi/lib/thumb/v7e-m/nofp/libg.a(libc_a-fputwc.o)
 .ARM.attributes
                0x0000000000000947       0x2e /usr/lib/gcc/arm-none-eabi/12.2.0/../../../../arm-none-eabi/lib/thumb/v7e-m/nofp/libg.a(libc_a-memmove.o)
 .ARM.attributes
                0x0000000000000975       0x2e /usr/lib/gcc/arm-none-eabi/12.2.0/../../../../arm-none-eabi/lib/thumb/v7e-m/nofp/libg.a(libc_a-strncpy.o)
 .ARM.attributes
                0x00000000000009a3       0x2e /usr/lib/gcc/arm-none-eabi/12.2.0/../../../../arm-none-eabi/lib/thumb/v7e-m/nofp/libg.a(libc_a-locale.o)
 .ARM.attributes
                0x00000000000009d1       0x2e /usr/lib/gcc/arm-none-eabi/12.2.0/../../../../arm-none-eabi/lib/thumb/v7e-m/nofp/libg.a(libc_a-localeconv.o)
 .ARM.attributes
                0x00000000000009ff       0x2e /usr/lib/gcc/arm-none-eabi/12.2.0/../../../../arm-none-eabi/lib/thumb/v7e-m/nofp/libg.a(libc_a-sbrkr.o)
 .ARM.attributes
                0x0000000000000a2d       0x2e /usr/lib/gcc/arm-none-eabi/12.2.0/../../../../arm-none-eabi/lib/thumb/v7e-m/nofp/libg.a(libc_a-sysconf.o)
 .ARM.attributes
                0x0000000000000a5b       0x1c /usr/lib/gcc/arm-none-eabi/12.2.0/../../../../arm-none-eabi/lib/thumb/v7e-m/nofp/libg.a(libc_a-memchr.o)
 .ARM.attributes
                0x0000000000000a77       0x1c /usr/lib/gcc/arm-none-eabi/12.2.0/../../../../arm-none-eabi/lib/thumb/v7e-m/nofp/libg.a(libc_a-memcpy.o)
 .ARM.attributes
                0x0000000000000a93       0x1c /usr/lib/gcc/arm-none-eabi/12.2.0/../../../../arm-none-eabi/lib/thumb/v7e-m/nofp/libg.a(libc_a-strlen.o)
 .ARM.attributes
                0x0000000000000aaf       0x2e /usr/lib/gcc/arm-none-eabi/12.2.0/../../../../arm-none-eabi/lib/thumb/v7e-m/nofp/libg.a(libm_a-s_frexp.o)
 .ARM.attributes
                0x0000000000000add       0x2e /usr/lib/gcc/arm-none-eabi/12.2.0/../../../../arm-none-eabi/lib/thumb/v7e-m/nofp/libg.a(libc_a-dtoa.o)
 .ARM.attributes
                0x0000000000000b0b       0x2e /usr/lib/gcc/arm-none-eabi/12.2.0/../../../../arm-none-eabi/lib/thumb/v7e-m/nofp/libg.a(libc_a-mbtowc_r.o)
 .ARM.attributes
                0x0000000000000b39       0x2e /usr/lib/gcc/arm-none-eabi/12.2.0/../../../../arm-none-eabi/lib/thumb/v7e-m/nofp/libg.a(libc_a-mprec.o)
 .ARM.attributes
                0x0000000000000b67       0x2e /usr/lib/gcc/arm-none-eabi/12.2.0/../../../../arm-none-eabi/lib/thumb/v7e-m/nofp/libg.a(libc_a-reallocr.o)
 .ARM.attributes
                0x0000000000000b95       0x2e /usr/lib/gcc/arm-none-eabi/12.2.0/../../../../arm-none-eabi/lib/thumb/v7e-m/nofp/libg.a(libc_a-wctomb_r.o)
 .ARM.attributes
                0x0000000000000bc3       0x2e /usr/lib/gcc/arm-none-eabi/12.2.0/../../../../arm-none-eabi/lib/thumb/v7e-m/nofp/libg.a(libc_a-wcrtomb.o)
 .ARM.attributes
                0x0000000000000bf1       0x2e /usr/lib/gcc/arm-none-eabi/12.2.0/../../../../arm-none-eabi/lib/thumb/v7e-m/nofp/libg.a(libc_a-ctype_.o)
 .ARM.attributes
                0x0000000000000c1f       0x2e /usr/lib/gcc/arm-none-eabi/12.2.0/../../../../arm-none-eabi/lib/thumb/v7e-m/nofp/libg.a(libc_a-makebuf.o)
 .ARM.attributes
                0x0000000000000c4d       0x2e /usr/lib/gcc/arm-none-eabi/12.2.0/../../../../arm-none-eabi/lib/thumb/v7e-m/nofp/libg.a(libc_a-wbuf.o)
 .ARM.attributes
                0x0000000000000c7b       0x2e /usr/lib/gcc/arm-none-eabi/12.2.0/../../../../arm-none-eabi/lib/thumb/v7e-m/nofp/libg.a(libc_a-fstatr.o)
 .ARM.attributes
                0x0000000000000ca9       0x2e /usr/lib/gcc/arm-none-eabi/12.2.0/../../../../arm-none-eabi/lib/thumb/v7e-m/nofp/libg.a(libc_a-isattyr.o)
 .ARM.attributes
                0x0000000000000cd7       0x2e /usr/lib/gcc/arm-none-eabi/12.2.0/../../../../arm-none-eabi/lib/thumb/v7e-m/nofp/libg.a(libc_a-assert.o)
 .ARM.attributes
                0x0000000000000d05       0x2e /usr/lib/gcc/arm-none-eabi/12.2.0/../../../../arm-none-eabi/lib/thumb/v7e-m/nofp/libg.a(libc_a-callocr.o)
 .ARM.attributes
                0x0000000000000d33       0x2e /usr/lib/gcc/arm-none-eabi/12.2.0/../../../../arm-none-eabi/lib/thumb/v7e-m/nofp/libg.a(libc_a-fiprintf.o)
 .ARM.attributes
                0x0000000000000d61       0x2e /usr/lib/gcc/arm-none-eabi/12.2.0/../../../../arm-none-eabi/lib/thumb/v7e-m/nofp/libg.a(libc_a-abort.o)
 .ARM.attributes
                0x0000000000000d8f       0x2e /usr/lib/gcc/arm-none-eabi/12.2.0/../../../../arm-none-eabi/lib/thumb/v7e-m/nofp/libg.a(libc_a-signal.o)
 .ARM.attributes
                0x0000000000000dbd       0x2e /usr/lib/gcc/arm-none-eabi/12.2.0/../../../../arm-none-eabi/lib/thumb/v7e-m/nofp/libg.a(libc_a-signalr.o)
 .ARM.attributes
                0x0000000000000deb       0x1e /usr/lib/gcc/arm-none-eabi/12.2.0/thumb/v7e-m/nofp/libgcc.a(_arm_cmpdf2.o)
 .ARM.attributes
                0x0000000000000e09       0x1e /usr/lib/gcc/arm-none-eabi/12.2.0/thumb/v7e-m/nofp/libgcc.a(_arm_unorddf2.o)
 .ARM.attributes
                0x0000000000000e27       0x1e /usr/lib/gcc/arm-none-eabi/12.2.0/thumb/v7e-m/nofp/libgcc.a(_arm_fixdfsi.o)
 .ARM.attributes
                0x0000000000000e45       0x1e /usr/lib/gcc/arm-none-eabi/12.2.0/thumb/v7e-m/nofp/crtn.o
OUTPUT(OpenLoopInverter.elf elf32-littlearm)
LOAD linker stubs
LOAD /usr/lib/gcc/arm-none-eabi/12.2.0/../../../../arm-none-eabi/lib/thumb/v7e-m/nofp/libc.a
LOAD /usr/lib/gcc/arm-none-eabi/12.2.0/../../../../arm-none-eabi/lib/thumb/v7e-m/nofp/libm.a
LOAD /usr/lib/gcc/arm-none-eabi/12.2.0/thumb/v7e-m/nofp/libgcc.a

.debug_info     0x0000000000000000    0x341cf
 .debug_info    0x0000000000000000      0xa97 CMakeFiles/OpenLoopInverter.elf.dir/Core/Src/inverter.c.obj
 .debug_info    0x0000000000000a97     0x1f36 CMakeFiles/OpenLoopInverter.elf.dir/Core/Src/main.c.obj
 .debug_info    0x00000000000029cd     0x1759 CMakeFiles/OpenLoopInverter.elf.dir/Core/Src/stm32l4xx_hal_msp.c.obj
 .debug_info    0x0000000000004126      0x720 CMakeFiles/OpenLoopInverter.elf.dir/Core/Src/stm32l4xx_it.c.obj
 .debug_info    0x0000000000004846      0x783 CMakeFiles/OpenLoopInverter.elf.dir/Core/Src/syscalls.c.obj
 .debug_info    0x0000000000004fc9      0x171 CMakeFiles/OpenLoopInverter.elf.dir/Core/Src/sysmem.c.obj
 .debug_info    0x000000000000513a      0x3d4 CMakeFiles/OpenLoopInverter.elf.dir/Core/Src/system_stm32l4xx.c.obj
 .debug_info    0x000000000000550e       0x2e CMakeFiles/OpenLoopInverter.elf.dir/Core/Startup/startup_stm32l432kcux.s.obj
 .debug_info    0x000000000000553c      0xa43 CMakeFiles/OpenLoopInverter.elf.dir/Drivers/STM32L4xx_HAL_Driver/Src/stm32l4xx_hal.c.obj
 .debug_info    0x0000000000005f7f      0xeff CMakeFiles/OpenLoopInverter.elf.dir/Drivers/STM32L4xx_HAL_Driver/Src/stm32l4xx_hal_cortex.c.obj
 .debug_info    0x0000000000006e7e      0x789 CMakeFiles/OpenLoopInverter.elf.dir/Drivers/STM32L4xx_HAL_Driver/Src/stm32l4xx_hal_gpio.c.obj
 .debug_info    0x0000000000007607      0x9c5 CMakeFiles/OpenLoopInverter.elf.dir/Drivers/STM32L4xx_HAL_Driver/Src/stm32l4xx_hal_pwr_ex.c.obj
 .debug_info    0x0000000000007fcc      0xe58 CMakeFiles/OpenLoopInverter.elf.dir/Drivers/STM32L4xx_HAL_Driver/Src/stm32l4xx_hal_rcc.c.obj
 .debug_info    0x0000000000008e24     0x119d CMakeFiles/OpenLoopInverter.elf.dir/Drivers/STM32L4xx_HAL_Driver/Src/stm32l4xx_hal_rcc_ex.c.obj
 .debug_info    0x0000000000009fc1     0x206a CMakeFiles/OpenLoopInverter.elf.dir/Drivers/STM32L4xx_HAL_Driver/Src/stm32l4xx_hal_spi.c.obj
 .debug_info    0x000000000000c02b     0x3c88 CMakeFiles/OpenLoopInverter.elf.dir/Drivers/STM32L4xx_HAL_Driver/Src/stm32l4xx_hal_tim.c.obj
 .debug_info    0x000000000000fcb3     0x1ccc CMakeFiles/OpenLoopInverter.elf.dir/Drivers/STM32L4xx_HAL_Driver/Src/stm32l4xx_hal_tim_ex.c.obj
 .debug_info    0x000000000001197f     0x4fd6 CMakeFiles/OpenLoopInverter.elf.dir/Drivers/STM32L4xx_HAL_Driver/Src/stm32l4xx_hal_uart.c.obj
 .debug_info    0x0000000000016955       0xc0 /usr/lib/gcc/arm-none-eabi/12.2.0/thumb/v7e-m/nofp/libgcc.a(_arm_addsubdf3.o)
 .debug_info    0x0000000000016a15       0x52 /usr/lib/gcc/arm-none-eabi/12.2.0/thumb/v7e-m/nofp/libgcc.a(_arm_muldivdf3.o)
 .debug_info    0x0000000000016a67       0x39 /usr/lib/gcc/arm-none-eabi/12.2.0/thumb/v7e-m/nofp/libgcc.a(_arm_fixunsdfsi.o)
 .debug_info    0x0000000000016aa0       0x24 /usr/lib/gcc/arm-none-eabi/12.2.0/thumb/v7e-m/nofp/libgcc.a(_aeabi_uldivmod.o)
 .debug_info    0x0000000000016ac4      0x6fd /usr/lib/gcc/arm-none-eabi/12.2.0/thumb/v7e-m/nofp/libgcc.a(_udivmoddi4.o)
 .debug_info    0x00000000000171c1       0x39 /usr/lib/gcc/arm-none-eabi/12.2.0/thumb/v7e-m/nofp/libgcc.a(_dvmd_tls.o)
 .debug_info    0x00000000000171fa      0x118 /usr/lib/gcc/arm-none-eabi/12.2.0/../../../../arm-none-eabi/lib/thumb/v7e-m/nofp/libg.a(libc_a-atexit.o)
 .debug_info    0x0000000000017312     0x10da /usr/lib/gcc/arm-none-eabi/12.2.0/../../../../arm-none-eabi/lib/thumb/v7e-m/nofp/libg.a(libc_a-findfp.o)
 .debug_info    0x00000000000183ec      0x7ee /usr/lib/gcc/arm-none-eabi/12.2.0/../../../../arm-none-eabi/lib/thumb/v7e-m/nofp/libg.a(libc_a-fwalk.o)
 .debug_info    0x0000000000018bda      0x859 /usr/lib/gcc/arm-none-eabi/12.2.0/../../../../arm-none-eabi/lib/thumb/v7e-m/nofp/libg.a(libc_a-printf.o)
 .debug_info    0x0000000000019433      0xa6c /usr/lib/gcc/arm-none-eabi/12.2.0/../../../../arm-none-eabi/lib/thumb/v7e-m/nofp/libg.a(libc_a-stdio.o)
 .debug_info    0x0000000000019e9f      0x135 /usr/lib/gcc/arm-none-eabi/12.2.0/../../../../arm-none-eabi/lib/thumb/v7e-m/nofp/libg.a(libc_a-memset.o)
 .debug_info    0x0000000000019fd4      0x774 /usr/lib/gcc/arm-none-eabi/12.2.0/../../../../arm-none-eabi/lib/thumb/v7e-m/nofp/libg.a(libc_a-closer.o)
 .debug_info    0x000000000001a748      0x7ef /usr/lib/gcc/arm-none-eabi/12.2.0/../../../../arm-none-eabi/lib/thumb/v7e-m/nofp/libg.a(libc_a-reent.o)
 .debug_info    0x000000000001af37      0x733 /usr/lib/gcc/arm-none-eabi/12.2.0/../../../../arm-none-eabi/lib/thumb/v7e-m/nofp/libg.a(libc_a-impure.o)
 .debug_info    0x000000000001b66a      0x7b4 /usr/lib/gcc/arm-none-eabi/12.2.0/../../../../arm-none-eabi/lib/thumb/v7e-m/nofp/libg.a(libc_a-lseekr.o)
 .debug_info    0x000000000001be1e      0x7cb /usr/lib/gcc/arm-none-eabi/12.2.0/../../../../arm-none-eabi/lib/thumb/v7e-m/nofp/libg.a(libc_a-readr.o)
 .debug_info    0x000000000001c5e9      0x7d1 /usr/lib/gcc/arm-none-eabi/12.2.0/../../../../arm-none-eabi/lib/thumb/v7e-m/nofp/libg.a(libc_a-writer.o)
 .debug_info    0x000000000001cdba      0x719 /usr/lib/gcc/arm-none-eabi/12.2.0/../../../../arm-none-eabi/lib/thumb/v7e-m/nofp/libg.a(libc_a-errno.o)
 .debug_info    0x000000000001d4d3      0x10b /usr/lib/gcc/arm-none-eabi/12.2.0/../../../../arm-none-eabi/lib/thumb/v7e-m/nofp/libg.a(libc_a-init.o)
 .debug_info    0x000000000001d5de       0xf7 /usr/lib/gcc/arm-none-eabi/12.2.0/../../../../arm-none-eabi/lib/thumb/v7e-m/nofp/libg.a(libc_a-fini.o)
 .debug_info    0x000000000001d6d5      0x20a /usr/lib/gcc/arm-none-eabi/12.2.0/../../../../arm-none-eabi/lib/thumb/v7e-m/nofp/libg.a(libc_a-lock.o)
 .debug_info    0x000000000001d8df      0x25f /usr/lib/gcc/arm-none-eabi/12.2.0/../../../../arm-none-eabi/lib/thumb/v7e-m/nofp/libg.a(libc_a-__atexit.o)
 .debug_info    0x000000000001db3e      0x2dd /usr/lib/gcc/arm-none-eabi/12.2.0/../../../../arm-none-eabi/lib/thumb/v7e-m/nofp/libg.a(libc_a-__call_atexit.o)
 .debug_info    0x000000000001de1b      0xb53 /usr/lib/gcc/arm-none-eabi/12.2.0/../../../../arm-none-eabi/lib/thumb/v7e-m/nofp/libg.a(libc_a-freer.o)
 .debug_info    0x000000000001e96e      0xce6 /usr/lib/gcc/arm-none-eabi/12.2.0/../../../../arm-none-eabi/lib/thumb/v7e-m/nofp/libg.a(libc_a-mallocr.o)
 .debug_info    0x000000000001f654      0x789 /usr/lib/gcc/arm-none-eabi/12.2.0/../../../../arm-none-eabi/lib/thumb/v7e-m/nofp/libg.a(libc_a-mlock.o)
 .debug_info    0x000000000001fddd     0x1cfa /usr/lib/gcc/arm-none-eabi/12.2.0/../../../../arm-none-eabi/lib/thumb/v7e-m/nofp/libg.a(libc_a-vfprintf.o)
 .debug_info    0x0000000000021ad7     0x18df /usr/lib/gcc/arm-none-eabi/12.2.0/../../../../arm-none-eabi/lib/thumb/v7e-m/nofp/libg.a(libc_a-vfiprintf.o)
 .debug_info    0x00000000000233b6      0x8e5 /usr/lib/gcc/arm-none-eabi/12.2.0/../../../../arm-none-eabi/lib/thumb/v7e-m/nofp/libg.a(libc_a-fclose.o)